Component: ARM Compiler 5.06 update 6 (build 750) Tool: armlink [4d35ed]

==============================================================================

Section Cross References

    startup_stm32f405xx.o(STACK) refers (Special) to heapauxi.o(.text) for __use_two_region_memory
    startup_stm32f405xx.o(HEAP) refers (Special) to heapauxi.o(.text) for __use_two_region_memory
    startup_stm32f405xx.o(RESET) refers (Special) to heapauxi.o(.text) for __use_two_region_memory
    startup_stm32f405xx.o(RESET) refers to startup_stm32f405xx.o(STACK) for __initial_sp
    startup_stm32f405xx.o(RESET) refers to startup_stm32f405xx.o(.text) for Reset_Handler
    startup_stm32f405xx.o(RESET) refers to stm32f4xx_it.o(i.NMI_Handler) for NMI_Handler
    startup_stm32f405xx.o(RESET) refers to stm32f4xx_it.o(i.HardFault_Handler) for HardFault_Handler
    startup_stm32f405xx.o(RESET) refers to stm32f4xx_it.o(i.MemManage_Handler) for MemManage_Handler
    startup_stm32f405xx.o(RESET) refers to stm32f4xx_it.o(i.BusFault_Handler) for BusFault_Handler
    startup_stm32f405xx.o(RESET) refers to stm32f4xx_it.o(i.UsageFault_Handler) for UsageFault_Handler
    startup_stm32f405xx.o(RESET) refers to stm32f4xx_it.o(i.SVC_Handler) for SVC_Handler
    startup_stm32f405xx.o(RESET) refers to stm32f4xx_it.o(i.DebugMon_Handler) for DebugMon_Handler
    startup_stm32f405xx.o(RESET) refers to stm32f4xx_it.o(i.PendSV_Handler) for PendSV_Handler
    startup_stm32f405xx.o(RESET) refers to stm32f4xx_it.o(i.SysTick_Handler) for SysTick_Handler
    startup_stm32f405xx.o(RESET) refers to stm32f4xx_it.o(i.TIM1_UP_TIM10_IRQHandler) for TIM1_UP_TIM10_IRQHandler
    startup_stm32f405xx.o(RESET) refers to stm32f4xx_it.o(i.TIM3_IRQHandler) for TIM3_IRQHandler
    startup_stm32f405xx.o(RESET) refers to stm32f4xx_it.o(i.DMA2_Stream0_IRQHandler) for DMA2_Stream0_IRQHandler
    startup_stm32f405xx.o(.text) refers (Special) to heapauxi.o(.text) for __use_two_region_memory
    startup_stm32f405xx.o(.text) refers to system_stm32f4xx.o(i.SystemInit) for SystemInit
    startup_stm32f405xx.o(.text) refers to __main.o(!!!main) for __main
    startup_stm32f405xx.o(.text) refers to startup_stm32f405xx.o(HEAP) for Heap_Mem
    startup_stm32f405xx.o(.text) refers to startup_stm32f405xx.o(STACK) for Stack_Mem
    analog.o(i.ADC_Init) refers to f2d.o(x$fpl$f2d) for __aeabi_f2d
    analog.o(i.ADC_Init) refers to dmul.o(x$fpl$dmul) for __aeabi_dmul
    analog.o(i.CAL_CURRENT) refers to stm32f4xx_hal_adc.o(i.HAL_ADC_Start_DMA) for HAL_ADC_Start_DMA
    analog.o(i.CAL_CURRENT) refers to dflt_clz.o(x$fpl$dfltu) for __aeabi_ui2d
    analog.o(i.CAL_CURRENT) refers to dmul.o(x$fpl$dmul) for __aeabi_dmul
    analog.o(i.CAL_CURRENT) refers to d2f.o(x$fpl$d2f) for __aeabi_d2f
    analog.o(i.CAL_CURRENT) refers to userfun.o(i.LPF_Run) for LPF_Run
    analog.o(i.CAL_CURRENT) refers to hsm.o(i.Motor_Disable) for Motor_Disable
    analog.o(i.CAL_CURRENT) refers to stm32f4xx_hal_gpio.o(i.HAL_GPIO_WritePin) for HAL_GPIO_WritePin
    analog.o(i.CAL_CURRENT) refers to main.o(.bss) for hadc1
    controller.o(i.CONTROLLER_Init) refers to main.o(.bss) for htim1
    controller.o(i.Est_Speed) refers to userfun.o(i.ApproxAtan2) for ApproxAtan2
    controller.o(i.Est_Speed) refers to f2d.o(x$fpl$f2d) for __aeabi_f2d
    controller.o(i.Est_Speed) refers to daddsub_clz.o(x$fpl$dadd) for __aeabi_dadd
    controller.o(i.Est_Speed) refers to daddsub_clz.o(x$fpl$dsub) for __aeabi_dsub
    controller.o(i.Est_Speed) refers to d2f.o(x$fpl$d2f) for __aeabi_d2f
    controller.o(i.Est_Speed) refers to drleqf.o(x$fpl$drleqf) for __aeabi_cdrcmple
    controller.o(i.Est_Speed) refers to dflt_clz.o(x$fpl$dfltu) for __aeabi_ui2d
    controller.o(i.Est_Speed) refers to dmul.o(x$fpl$dmul) for __aeabi_dmul
    controller.o(i.Est_Speed) refers to ddiv.o(x$fpl$ddiv) for __aeabi_ddiv
    controller.o(i.Est_Speed) refers to dfix.o(x$fpl$dfix) for __aeabi_d2iz
    controller.o(i.Est_Speed) refers to userfun.o(i.LPF_Run) for LPF_Run
    controller.o(i.Est_Speed) refers to main.o(.bss) for LPF_rpm_est
    controller.o(i.OPEN_LOOP_Fcn) refers to dflt_clz.o(x$fpl$dflt) for __aeabi_i2d
    controller.o(i.OPEN_LOOP_Fcn) refers to ddiv.o(x$fpl$ddiv) for __aeabi_ddiv
    controller.o(i.OPEN_LOOP_Fcn) refers to daddsub_clz.o(x$fpl$dadd) for __aeabi_dadd
    controller.o(i.OPEN_LOOP_Fcn) refers to dfix.o(x$fpl$dfix) for __aeabi_d2iz
    controller.o(i.OPEN_LOOP_Fcn) refers to encoder.o(i.CAL_THETA) for CAL_THETA
    controller.o(i.OPEN_LOOP_Fcn) refers to f2d.o(x$fpl$f2d) for __aeabi_f2d
    controller.o(i.OPEN_LOOP_Fcn) refers to dflt_clz.o(x$fpl$dfltu) for __aeabi_ui2d
    controller.o(i.OPEN_LOOP_Fcn) refers to dmul.o(x$fpl$dmul) for __aeabi_dmul
    controller.o(i.OPEN_LOOP_Fcn) refers to d2f.o(x$fpl$d2f) for __aeabi_d2f
    controller.o(i.OPEN_LOOP_Fcn) refers to userfun.o(i.cal_sin) for cal_sin
    controller.o(i.OPEN_LOOP_Fcn) refers to userfun.o(i.cal_cos) for cal_cos
[...]
    i.HAL_GetTick                            0x08001b1c   Section        0  stm32f4xx_hal.o(i.HAL_GetTick)
    i.HAL_I2C_Init                           0x08001b28   Section        0  stm32f4xx_hal_i2c.o(i.HAL_I2C_Init)
    i.HAL_I2C_MspInit                        0x08001cb0   Section        0  stm32f4xx_hal_msp.o(i.HAL_I2C_MspInit)
    i.HAL_IncTick                            0x08001d5c   Section        0  stm32f4xx_hal.o(i.HAL_IncTick)
    i.HAL_Init                               0x08001d6c   Section        0  stm32f4xx_hal.o(i.HAL_Init)
    i.HAL_InitTick                           0x08001da0   Section        0  stm32f4xx_hal.o(i.HAL_InitTick)
    i.HAL_MspInit                            0x08001de0   Section        0  stm32f4xx_hal_msp.o(i.HAL_MspInit)
    i.HAL_NVIC_EnableIRQ                     0x08001e10   Section        0  stm32f4xx_hal_cortex.o(i.HAL_NVIC_EnableIRQ)
    i.HAL_NVIC_SetPriority                   0x08001e2c   Section        0  stm32f4xx_hal_cortex.o(i.HAL_NVIC_SetPriority)
    i.HAL_NVIC_SetPriorityGrouping           0x08001e6c   Section        0  stm32f4xx_hal_cortex.o(i.HAL_NVIC_SetPriorityGrouping)
    i.HAL_RCC_ClockConfig                    0x08001e90   Section        0  stm32f4xx_hal_rcc.o(i.HAL_RCC_ClockConfig)
    i.HAL_RCC_GetPCLK1Freq                   0x08001fc4   Section        0  stm32f4xx_hal_rcc.o(i.HAL_RCC_GetPCLK1Freq)
    i.HAL_RCC_GetPCLK2Freq                   0x08001fe4   Section        0  stm32f4xx_hal_rcc.o(i.HAL_RCC_GetPCLK2Freq)
    i.HAL_RCC_GetSysClockFreq                0x08002004   Section        0  stm32f4xx_hal_rcc.o(i.HAL_RCC_GetSysClockFreq)
    i.HAL_RCC_OscConfig                      0x08002064   Section        0  stm32f4xx_hal_rcc.o(i.HAL_RCC_OscConfig)
    i.HAL_SYSTICK_Config                     0x080023d0   Section        0  stm32f4xx_hal_cortex.o(i.HAL_SYSTICK_Config)
    i.HAL_TIMEx_BreakCallback                0x080023f8   Section        0  stm32f4xx_hal_tim_ex.o(i.HAL_TIMEx_BreakCallback)
    i.HAL_TIMEx_CommutCallback               0x080023fa   Section        0  stm32f4xx_hal_tim_ex.o(i.HAL_TIMEx_CommutCallback)
    i.HAL_TIMEx_ConfigBreakDeadTime          0x080023fc   Section        0  stm32f4xx_hal_tim_ex.o(i.HAL_TIMEx_ConfigBreakDeadTime)
    i.HAL_TIMEx_MasterConfigSynchronization  0x08002450   Section        0  stm32f4xx_hal_tim_ex.o(i.HAL_TIMEx_MasterConfigSynchronization)
    i.HAL_TIM_Base_Init                      0x080024e0   Section        0  stm32f4xx_hal_tim.o(i.HAL_TIM_Base_Init)
    i.HAL_TIM_Base_MspInit                   0x0800253c   Section        0  stm32f4xx_hal_msp.o(i.HAL_TIM_Base_MspInit)
    i.HAL_TIM_Base_Start                     0x080025bc   Section        0  stm32f4xx_hal_tim.o(i.HAL_TIM_Base_Start)
    i.HAL_TIM_Base_Start_IT                  0x08002634   Section        0  stm32f4xx_hal_tim.o(i.HAL_TIM_Base_Start_IT)
    i.HAL_TIM_Base_Stop_IT                   0x080026b4   Section        0  stm32f4xx_hal_tim.o(i.HAL_TIM_Base_Stop_IT)
    i.HAL_TIM_ConfigClockSource              0x080026e4   Section        0  stm32f4xx_hal_tim.o(i.HAL_TIM_ConfigClockSource)
    i.HAL_TIM_Encoder_Init                   0x080027c0   Section        0  stm32f4xx_hal_tim.o(i.HAL_TIM_Encoder_Init)
    i.HAL_TIM_Encoder_MspInit                0x08002864   Section        0  stm32f4xx_hal_msp.o(i.HAL_TIM_Encoder_MspInit)
    i.HAL_TIM_Encoder_Start                  0x080028c8   Section        0  stm32f4xx_hal_tim.o(i.HAL_TIM_Encoder_Start)
    i.HAL_TIM_IC_CaptureCallback             0x08002956   Section        0  stm32f4xx_hal_tim.o(i.HAL_TIM_IC_CaptureCallback)
    i.HAL_TIM_IRQHandler                     0x08002958   Section        0  stm32f4xx_hal_tim.o(i.HAL_TIM_IRQHandler)
    i.HAL_TIM_MspPostInit                    0x08002ac0   Section        0  stm32f4xx_hal_msp.o(i.HAL_TIM_MspPostInit)
    i.HAL_TIM_OC_DelayElapsedCallback        0x08002b14   Section        0  stm32f4xx_hal_tim.o(i.HAL_TIM_OC_DelayElapsedCallback)
    i.HAL_TIM_PWM_ConfigChannel              0x08002b16   Section        0  stm32f4xx_hal_tim.o(i.HAL_TIM_PWM_ConfigChannel)
    i.HAL_TIM_PWM_Init                       0x08002be2   Section        0  stm32f4xx_hal_tim.o(i.HAL_TIM_PWM_Init)
    i.HAL_TIM_PWM_MspInit                    0x08002c3c   Section        0  stm32f4xx_hal_tim.o(i.HAL_TIM_PWM_MspInit)
    i.HAL_TIM_PWM_PulseFinishedCallback      0x08002c3e   Section        0  stm32f4xx_hal_tim.o(i.HAL_TIM_PWM_PulseFinishedCallback)
    i.HAL_TIM_PWM_Start                      0x08002c40   Section        0  stm32f4xx_hal_tim.o(i.HAL_TIM_PWM_Start)
    i.HAL_TIM_PeriodElapsedCallback          0x08002d08   Section        0  main.o(i.HAL_TIM_PeriodElapsedCallback)
    i.HAL_TIM_TriggerCallback                0x08002e98   Section        0  stm32f4xx_hal_tim.o(i.HAL_TIM_TriggerCallback)
    i.HAL_UART_Init                          0x08002e9a   Section        0  stm32f4xx_hal_uart.o(i.HAL_UART_Init)
    i.HAL_UART_MspInit                       0x08002efc   Section        0  stm32f4xx_hal_msp.o(i.HAL_UART_MspInit)
    i.HAL_UART_Transmit                      0x08002fa0   Section        0  stm32f4xx_hal_uart.o(i.HAL_UART_Transmit)
    i.HardFault_Handler                      0x08003052   Section        0  stm32f4xx_it.o(i.HardFault_Handler)
    i.LPF_Init                               0x08003054   Section        0  userfun.o(i.LPF_Init)
    i.LPF_Run                                0x08003174   Section        0  userfun.o(i.LPF_Run)
    i.MOTOR_Init                             0x080031bc   Section        0  hsm.o(i.MOTOR_Init)
    i.MX_ADC1_Init                           0x08003254   Section        0  main.o(i.MX_ADC1_Init)
    MX_ADC1_Init                             0x08003255   Thumb Code   110  main.o(i.MX_ADC1_Init)
    i.MX_ADC2_Init                           0x080032d0   Section        0  main.o(i.MX_ADC2_Init)
    MX_ADC2_Init                             0x080032d1   Thumb Code    88  main.o(i.MX_ADC2_Init)
    i.MX_CAN1_Init                           0x08003334   Section        0  main.o(i.MX_CAN1_Init)
    MX_CAN1_Init                             0x08003335   Thumb Code    48  main.o(i.MX_CAN1_Init)
    i.MX_GPIO_Init                           0x0800336c   Section        0  main.o(i.MX_GPIO_Init)
    MX_GPIO_Init                             0x0800336d   Thumb Code   210  main.o(i.MX_GPIO_Init)
    i.MX_TIM1_Init                           0x0800344c   Section        0  main.o(i.MX_TIM1_Init)
    MX_TIM1_Init                             0x0800344d   Thumb Code   240  main.o(i.MX_TIM1_Init)
    i.MX_TIM2_Init                           0x08003544   Section        0  main.o(i.MX_TIM2_Init)
    MX_TIM2_Init                             0x08003545   Thumb Code   102  main.o(i.MX_TIM2_Init)
    i.MX_TIM3_Init                           0x080035b0   Section        0  main.o(i.MX_TIM3_Init)
    MX_TIM3_Init                             0x080035b1   Thumb Code    90  main.o(i.MX_TIM3_Init)
    i.MX_TIM5_Init                           0x08003614   Section        0  main.o(i.MX_TIM5_Init)
    MX_TIM5_Init                             0x08003615   Thumb Code    92  main.o(i.MX_TIM5_Init)
    i.MemManage_Handler                      0x08003678   Section        0  stm32f4xx_it.o(i.MemManage_Handler)
    i.Motor_Disable                          0x0800367c   Section        0  hsm.o(i.Motor_Disable)
    i.Motor_Enable                           0x080036a4   Section        0  hsm.o(i.Motor_Enable)
    i.NMI_Handler                            0x080036c8   Section        0  stm32f4xx_it.o(i.NMI_Handler)
    i.OPEN_LOOP_Fcn                          0x080036cc   Section        0  controller.o(i.OPEN_LOOP_Fcn)
    i.PI_CURRENT_Init                        0x08003964   Section        0  controller.o(i.PI_CURRENT_Init)
    i.PI_SPEED_Init                          0x080039e8   Section        0  controller.o(i.PI_SPEED_Init)
    i.PendSV_Handler                         0x08003a68   Section        0  stm32f4xx_it.o(i.PendSV_Handler)
    i.RAMP_Init                              0x08003a6c   Section        0  userfun.o(i.RAMP_Init)
    i.RAMP_RUN                               0x08003ae8   Section        0  userfun.o(i.RAMP_RUN)
    i.SAVE_DATA                              0x08003b50   Section        0  uart.o(i.SAVE_DATA)
    i.SEND_DATA                              0x08003cbc   Section        0  uart.o(i.SEND_DATA)
    i.SMC_Fcn                                0x08003d78   Section        0  controller.o(i.SMC_Fcn)
    i.SMC_Init                               0x08004250   Section        0  controller.o(i.SMC_Init)
    i.STATE_MACHINE_HANDLE                   0x080043c0   Section        0  hsm.o(i.STATE_MACHINE_HANDLE)
    i.STATE_MACHINE_Init                     0x080044d4   Section        0  hsm.o(i.STATE_MACHINE_Init)
    i.SVC_Handler                            0x080044e8   Section        0  stm32f4xx_it.o(i.SVC_Handler)
    i.Speed_SMC_Loop                         0x080044ec   Section        0  controller.o(i.Speed_SMC_Loop)
    i.SysTick_Handler                        0x08004614   Section        0  stm32f4xx_it.o(i.SysTick_Handler)
    i.SystemClock_Config                     0x08004618   Section        0  main.o(i.SystemClock_Config)
    i.SystemInit                             0x080046ac   Section        0  system_stm32f4xx.o(i.SystemInit)
    i.TIM1_UP_TIM10_IRQHandler               0x080046bc   Section        0  stm32f4xx_it.o(i.TIM1_UP_TIM10_IRQHandler)
    i.TIM3_IRQHandler                        0x080046c8   Section        0  stm32f4xx_it.o(i.TIM3_IRQHandler)
    i.TIM_Base_SetConfig                     0x080046d4   Section        0  stm32f4xx_hal_tim.o(i.TIM_Base_SetConfig)
    i.TIM_CCxChannelCmd                      0x0800479c   Section        0  stm32f4xx_hal_tim.o(i.TIM_CCxChannelCmd)
    i.TIM_ETR_SetConfig                      0x080047b6   Section        0  stm32f4xx_hal_tim.o(i.TIM_ETR_SetConfig)
    i.TIM_ITRx_SetConfig                     0x080047ca   Section        0  stm32f4xx_hal_tim.o(i.TIM_ITRx_SetConfig)
    TIM_ITRx_SetConfig                       0x080047cb   Thumb Code    16  stm32f4xx_hal_tim.o(i.TIM_ITRx_SetConfig)
    i.TIM_OC1_SetConfig                      0x080047dc   Section        0  stm32f4xx_hal_tim.o(i.TIM_OC1_SetConfig)
    TIM_OC1_SetConfig                        0x080047dd   Thumb Code    88  stm32f4xx_hal_tim.o(i.TIM_OC1_SetConfig)
    i.TIM_OC2_SetConfig                      0x0800483c   Section        0  stm32f4xx_hal_tim.o(i.TIM_OC2_SetConfig)
    i.TIM_OC3_SetConfig                      0x080048a8   Section        0  stm32f4xx_hal_tim.o(i.TIM_OC3_SetConfig)
    TIM_OC3_SetConfig                        0x080048a9   Thumb Code    96  stm32f4xx_hal_tim.o(i.TIM_OC3_SetConfig)
    i.TIM_OC4_SetConfig                      0x08004910   Section        0  stm32f4xx_hal_tim.o(i.TIM_OC4_SetConfig)
    TIM_OC4_SetConfig                        0x08004911   Thumb Code    70  stm32f4xx_hal_tim.o(i.TIM_OC4_SetConfig)
    i.TIM_TI1_ConfigInputStage               0x08004960   Section        0  stm32f4xx_hal_tim.o(i.TIM_TI1_ConfigInputStage)
    TIM_TI1_ConfigInputStage                 0x08004961   Thumb Code    34  stm32f4xx_hal_tim.o(i.TIM_TI1_ConfigInputStage)
    i.TIM_TI2_ConfigInputStage               0x08004982   Section        0  stm32f4xx_hal_tim.o(i.TIM_TI2_ConfigInputStage)
    TIM_TI2_ConfigInputStage                 0x08004983   Thumb Code    36  stm32f4xx_hal_tim.o(i.TIM_TI2_ConfigInputStage)
    i.UART_Init                              0x080049a8   Section        0  uart.o(i.UART_Init)
    i.UART_SetConfig                         0x080049f8   Section        0  stm32f4xx_hal_uart.o(i.UART_SetConfig)
    UART_SetConfig                           0x080049f9   Thumb Code   258  stm32f4xx_hal_uart.o(i.UART_SetConfig)
    i.UART_WaitOnFlagUntilTimeout            0x08004b04   Section        0  stm32f4xx_hal_uart.o(i.UART_WaitOnFlagUntilTimeout)
    UART_WaitOnFlagUntilTimeout              0x08004b05   Thumb Code   120  stm32f4xx_hal_uart.o(i.UART_WaitOnFlagUntilTimeout)
    i.UsageFault_Handler                     0x08004b7c   Section        0  stm32f4xx_it.o(i.UsageFault_Handler)
    i.__NVIC_SetPriority                     0x08004b7e   Section        0  stm32f4xx_hal_cortex.o(i.__NVIC_SetPriority)
    __NVIC_SetPriority                       0x08004b7f   Thumb Code    32  stm32f4xx_hal_cortex.o(i.__NVIC_SetPriority)
    i.cal_cos                                0x08004ba0   Section        0  userfun.o(i.cal_cos)
    i.cal_sin                                0x08004bd0   Section        0  userfun.o(i.cal_sin)
    i.main                                   0x08004cac   Section        0  main.o(i.main)
    x$fpl$basic                              0x08004ff8   Section       24  basic.o(x$fpl$basic)
    $v0                                      0x08004ff8   Number         0  basic.o(x$fpl$basic)
    x$fpl$d2f                                0x08005010   Section       98  d2f.o(x$fpl$d2f)
    $v0                                      0x08005010   Number         0  d2f.o(x$fpl$d2f)
    x$fpl$dadd                               0x08005074   Section      336  daddsub_clz.o(x$fpl$dadd)
    $v0                                      0x08005074   Number         0  daddsub_clz.o(x$fpl$dadd)
    _dadd1                                   0x08005085   Thumb Code     0  daddsub_clz.o(x$fpl$dadd)
    x$fpl$dcmpinf                            0x080051c4   Section       24  dcmpi.o(x$fpl$dcmpinf)
    $v0                                      0x080051c4   Number         0  dcmpi.o(x$fpl$dcmpinf)
    x$fpl$ddiv                               0x080051dc   Section      688  ddiv.o(x$fpl$ddiv)
    $v0                                      0x080051dc   Number         0  ddiv.o(x$fpl$ddiv)
    ddiv_entry                               0x080051e3   Thumb Code     0  ddiv.o(x$fpl$ddiv)
    x$fpl$dfix                               0x0800548c   Section       94  dfix.o(x$fpl$dfix)
    $v0                                      0x0800548c   Number         0  dfix.o(x$fpl$dfix)
    x$fpl$dfixu                              0x080054ec   Section       90  dfixu.o(x$fpl$dfixu)
    $v0                                      0x080054ec   Number         0  dfixu.o(x$fpl$dfixu)
    x$fpl$dflt                               0x08005546   Section       46  dflt_clz.o(x$fpl$dflt)
    $v0                                      0x08005546   Number         0  dflt_clz.o(x$fpl$dflt)
    x$fpl$dfltu                              0x08005574   Section       38  dflt_clz.o(x$fpl$dfltu)
    $v0                                      0x08005574   Number         0  dflt_clz.o(x$fpl$dfltu)
    x$fpl$dleqf                              0x0800559c   Section      120  dleqf.o(x$fpl$dleqf)
    $v0                                      0x0800559c   Number         0  dleqf.o(x$fpl$dleqf)
    x$fpl$dmul                               0x08005614   Section      340  dmul.o(x$fpl$dmul)
    $v0                                      0x08005614   Number         0  dmul.o(x$fpl$dmul)
    x$fpl$dnaninf                            0x08005768   Section      156  dnaninf.o(x$fpl$dnaninf)
    $v0                                      0x08005768   Number         0  dnaninf.o(x$fpl$dnaninf)
    x$fpl$dretinf                            0x08005804   Section       12  dretinf.o(x$fpl$dretinf)
    $v0                                      0x08005804   Number         0  dretinf.o(x$fpl$dretinf)
    x$fpl$drleqf                             0x08005810   Section      108  drleqf.o(x$fpl$drleqf)
    $v0                                      0x08005810   Number         0  drleqf.o(x$fpl$drleqf)
    x$fpl$drsb                               0x0800587c   Section       22  daddsub_clz.o(x$fpl$drsb)
    $v0                                      0x0800587c   Number         0  daddsub_clz.o(x$fpl$drsb)
    x$fpl$dsub                               0x08005894   Section      468  daddsub_clz.o(x$fpl$dsub)
    $v0                                      0x08005894   Number         0  daddsub_clz.o(x$fpl$dsub)
    _dsub1                                   0x080058a5   Thumb Code     0  daddsub_clz.o(x$fpl$dsub)
    x$fpl$f2d                                0x08005a68   Section       86  f2d.o(x$fpl$f2d)
    $v0                                      0x08005a68   Number         0  f2d.o(x$fpl$f2d)
    x$fpl$fnaninf                            0x08005abe   Section      140  fnaninf.o(x$fpl$fnaninf)
    $v0                                      0x08005abe   Number         0  fnaninf.o(x$fpl$fnaninf)
    x$fpl$fpinit                             0x08005b4a   Section       10  fpinit.o(x$fpl$fpinit)
    $v0                                      0x08005b4a   Number         0  fpinit.o(x$fpl$fpinit)
    x$fpl$fretinf                            0x08005b54   Section       10  fretinf.o(x$fpl$fretinf)
    $v0                                      0x08005b54   Number         0  fretinf.o(x$fpl$fretinf)
    .constdata                               0x08005b5e   Section        8  stm32f4xx_hal_dma.o(.constdata)
    x$fpl$usenofp                            0x08005b5e   Section        0  usenofp.o(x$fpl$usenofp)
    flagBitshiftOffset                       0x08005b5e   Data           8  stm32f4xx_hal_dma.o(.constdata)
    .constdata                               0x08005b66   Section       16  system_stm32f4xx.o(.constdata)
    .constdata                               0x08005b76   Section        8  system_stm32f4xx.o(.constdata)
    .data                                    0x20000000   Section     2888  userfun.o(.data)
    .data                                    0x20000b48   Section        8  main.o(.data)
    .data                                    0x20000b50   Section       12  stm32f4xx_hal.o(.data)
    .data                                    0x20000b5c   Section        4  system_stm32f4xx.o(.data)
    .bss                                     0x20000b60   Section       30  uart.o(.bss)
    .bss                                     0x20000b80   Section    18496  main.o(.bss)
    .bss                                     0x200053c0   Section       96  main.o(.bss)
    .bss                                     0x20005420   Section       96  libspace.o(.bss)
    HEAP                                     0x20005480   Section      512  startup_stm32f405xx.o(HEAP)
    Heap_Mem                                 0x20005480   Data         512  startup_stm32f405xx.o(HEAP)
    STACK                                    0x20005680   Section     1024  startup_stm32f405xx.o(STACK)
    Stack_Mem                                0x20005680   Data        1024  startup_stm32f405xx.o(STACK)
    __initial_sp                             0x20005a80   Data           0  startup_stm32f405xx.o(STACK)

    Global Symbols

    Symbol Name                              Value     Ov Type        Size  Object(Section)

    BuildAttributes$$THM_ISAv4$E$P$D$K$B$S$7EM$VFPi3$EXTD16$VFPS$VFMA$PE$A:L22UL41UL21$X:L11$S22US41US21$IEEE1$IW$USESV6$~STKCKD$USESV7$~SHL$OTIME$ROPI$IEEEX$EBA8$UX$STANDARDLIB$REQ8$PRES8$EABIv2 0x00000000   Number         0  anon$$obj.o ABSOLUTE
    __ARM_use_no_argv                        0x00000000   Number         0  main.o ABSOLUTE
    __ARM_exceptions_init                     - Undefined Weak Reference
    __alloca_initialize                       - Undefined Weak Reference
    __arm_preinit_                            - Undefined Weak Reference
    __cpp_initialize__aeabi_                  - Undefined Weak Reference
    __cxa_finalize                            - Undefined Weak Reference
    __rt_locale                               - Undefined Weak Reference
    __sigvec_lookup                           - Undefined Weak Reference
    _atexit_init                              - Undefined Weak Reference
    _call_atexit_fns                          - Undefined Weak Reference
    _clock_init                               - Undefined Weak Reference
    _fp_trap_init                             - Undefined Weak Reference
    _fp_trap_shutdown                         - Undefined Weak Reference
    _get_lc_collate                           - Undefined Weak Reference
    _get_lc_ctype                             - Undefined Weak Reference
    _get_lc_monetary                          - Undefined Weak Reference
    _get_lc_numeric                           - Undefined Weak Reference
    _get_lc_time                              - Undefined Weak Reference
    _getenv_init                              - Undefined Weak Reference
    _handle_redirection                       - Undefined Weak Reference
    _init_alloc                               - Undefined Weak Reference
    _init_user_alloc                          - Undefined Weak Reference
    _initio                                   - Undefined Weak Reference
    _printf_post_padding                      - Undefined Weak Reference
    _printf_pre_padding                       - Undefined Weak Reference
    _printf_truncate_signed                   - Undefined Weak Reference
    _printf_truncate_unsigned                 - Undefined Weak Reference
    _rand_init                                - Undefined Weak Reference
    _signal_finish                            - Undefined Weak Reference
    _signal_init                              - Undefined Weak Reference
    _terminate_alloc                          - Undefined Weak Reference
    _terminate_user_alloc                     - Undefined Weak Reference
    _terminateio                              - Undefined Weak Reference
    __Vectors_Size                           0x00000188   Number         0  startup_stm32f405xx.o ABSOLUTE
    __Vectors                                0x08000000   Data           4  startup_stm32f405xx.o(RESET)
    __Vectors_End                            0x08000188   Data           0  startup_stm32f405xx.o(RESET)
    __main                                   0x08000189   Thumb Code     8  __main.o(!!!main)
    __scatterload                            0x08000191   Thumb Code     0  __scatter.o(!!!scatter)
    __scatterload_rt2                        0x08000191   Thumb Code    44  __scatter.o(!!!scatter)
    __scatterload_rt2_thumb_only             0x08000191   Thumb Code     0  __scatter.o(!!!scatter)
    __scatterload_null                       0x0800019f   Thumb Code     0  __scatter.o(!!!scatter)
    __decompress                             0x080001c5   Thumb Code   100  __dclz77c.o(!!dclz77c)
    __decompress2                            0x080001c5   Thumb Code     0  __dclz77c.o(!!dclz77c)
    __scatterload_zeroinit                   0x08000229   Thumb Code    28  __scatter_zi.o(!!handler_zi)
    _printf_d                                0x08000245   Thumb Code     0  _printf_d.o(.ARM.Collect$$_printf_percent$$00000009)
    _printf_percent                          0x08000245   Thumb Code     0  _printf_percent.o(.ARM.Collect$$_printf_percent$$00000000)
    _printf_percent_end                      0x0800024b   Thumb Code     0  _printf_percent_end.o(.ARM.Collect$$_printf_percent$$00000017)
    __rt_lib_init                            0x0800024f   Thumb Code     0  libinit.o(.ARM.Collect$$libinit$$00000000)
    __rt_lib_init_fp_1                       0x08000251   Thumb Code     0  libinit2.o(.ARM.Collect$$libinit$$00000001)
    __rt_lib_init_alloca_1                   0x08000255   Thumb Code     0  libinit2.o(.ARM.Collect$$libinit$$0000002E)
    __rt_lib_init_argv_1                     0x08000255   Thumb Code     0  libinit2.o(.ARM.Collect$$libinit$$0000002C)
    __rt_lib_init_atexit_1                   0x08000255   Thumb Code     0  libinit2.o(.ARM.Collect$$libinit$$0000001B)
    __rt_lib_init_clock_1                    0x08000255   Thumb Code     0  libinit2.o(.ARM.Collect$$libinit$$00000021)
    __rt_lib_init_cpp_1                      0x08000255   Thumb Code     0  libinit2.o(.ARM.Collect$$libinit$$00000032)
    __rt_lib_init_exceptions_1               0x08000255   Thumb Code     0  libinit2.o(.ARM.Collect$$libinit$$00000030)
    __rt_lib_init_fp_trap_1                  0x08000255   Thumb Code     0  libinit2.o(.ARM.Collect$$libinit$$0000001F)
    __rt_lib_init_getenv_1                   0x08000255   Thumb Code     0  libinit2.o(.ARM.Collect$$libinit$$00000023)
    __rt_lib_init_heap_1                     0x08000255   Thumb Code     0  libinit2.o(.ARM.Collect$$libinit$$0000000A)
    __rt_lib_init_lc_collate_1               0x08000255   Thumb Code     0  libinit2.o(.ARM.Collect$$libinit$$00000011)
    __rt_lib_init_lc_ctype_1                 0x08000255   Thumb Code     0  libinit2.o(.ARM.Collect$$libinit$$00000013)
    __rt_lib_init_lc_monetary_1              0x08000255   Thumb Code     0  libinit2.o(.ARM.Collect$$libinit$$00000015)
    __rt_lib_init_lc_numeric_1               0x08000255   Thumb Code     0  libinit2.o(.ARM.Collect$$libinit$$00000017)
    __rt_lib_init_lc_time_1                  0x08000255   Thumb Code     0  libinit2.o(.ARM.Collect$$libinit$$00000019)
    __rt_lib_init_preinit_1                  0x08000255   Thumb Code     0  libinit2.o(.ARM.Collect$$libinit$$00000004)
    __rt_lib_init_rand_1                     0x08000255   Thumb Code     0  libinit2.o(.ARM.Collect$$libinit$$0000000E)
    __rt_lib_init_return                     0x08000255   Thumb Code     0  libinit2.o(.ARM.Collect$$libinit$$00000033)
    __rt_lib_init_signal_1                   0x08000255   Thumb Code     0  libinit2.o(.ARM.Collect$$libinit$$0000001D)
    __rt_lib_init_stdio_1                    0x08000255   Thumb Code     0  libinit2.o(.ARM.Collect$$libinit$$00000025)
    __rt_lib_init_user_alloc_1               0x08000255   Thumb Code     0  libinit2.o(.ARM.Collect$$libinit$$0000000C)
    __rt_lib_shutdown                        0x08000257   Thumb Code     0  libshutdown.o(.ARM.Collect$$libshutdown$$00000000)
    __rt_lib_shutdown_cpp_1                  0x08000259   Thumb Code     0  libshutdown2.o(.ARM.Collect$$libshutdown$$00000002)
    __rt_lib_shutdown_fp_trap_1              0x08000259   Thumb Code     0  libshutdown2.o(.ARM.Collect$$libshutdown$$00000007)
    __rt_lib_shutdown_heap_1                 0x08000259   Thumb Code     0  libshutdown2.o(.ARM.Collect$$libshutdown$$0000000F)
    __rt_lib_shutdown_return                 0x08000259   Thumb Code     0  libshutdown2.o(.ARM.Collect$$libshutdown$$00000010)
    __rt_lib_shutdown_signal_1               0x08000259   Thumb Code     0  libshutdown2.o(.ARM.Collect$$libshutdown$$0000000A)
    __rt_lib_shutdown_stdio_1                0x08000259   Thumb Code     0  libshutdown2.o(.ARM.Collect$$libshutdown$$00000004)
    __rt_lib_shutdown_user_alloc_1           0x08000259   Thumb Code     0  libshutdown2.o(.ARM.Collect$$libshutdown$$0000000C)
    __rt_entry                               0x0800025b   Thumb Code     0  __rtentry.o(.ARM.Collect$$rtentry$$00000000)
    __rt_entry_presh_1                       0x0800025b   Thumb Code     0  __rtentry2.o(.ARM.Collect$$rtentry$$00000002)
    __rt_entry_sh                            0x0800025b   Thumb Code     0  __rtentry4.o(.ARM.Collect$$rtentry$$00000004)
    __rt_entry_li                            0x08000261   Thumb Code     0  __rtentry2.o(.ARM.Collect$$rtentry$$0000000A)
    __rt_entry_postsh_1                      0x08000261   Thumb Code     0  __rtentry2.o(.ARM.Collect$$rtentry$$00000009)
    __rt_entry_main                          0x08000265   Thumb Code     0  __rtentry2.o(.ARM.Collect$$rtentry$$0000000D)
    __rt_entry_postli_1                      0x08000265   Thumb Code     0  __rtentry2.o(.ARM.Collect$$rtentry$$0000000C)
    __rt_exit                                0x0800026d   Thumb Code     0  rtexit.o(.ARM.Collect$$rtexit$$00000000)
    __rt_exit_ls                             0x0800026f   Thumb Code     0  rtexit2.o(.ARM.Collect$$rtexit$$00000003)
    __rt_exit_prels_1                        0x0800026f   Thumb Code     0  rtexit2.o(.ARM.Collect$$rtexit$$00000002)
    __rt_exit_exit                           0x08000273   Thumb Code     0  rtexit2.o(.ARM.Collect$$rtexit$$00000004)
    Reset_Handler                            0x08000279   Thumb Code     8  startup_stm32f405xx.o(.text)
    ADC_IRQHandler                           0x08000293   Thumb Code     0  startup_stm32f405xx.o(.text)
    CAN1_RX0_IRQHandler                      0x08000293   Thumb Code     0  startup_stm32f405xx.o(.text)
    CAN1_RX1_IRQHandler                      0x08000293   Thumb Code     0  startup_stm32f405xx.o(.text)
    CAN1_SCE_IRQHandler                      0x08000293   Thumb Code     0  startup_stm32f405xx.o(.text)
    CAN1_TX_IRQHandler                       0x08000293   Thumb Code     0  startup_stm32f405xx.o(.text)
    CAN2_RX0_IRQHandler                      0x08000293   Thumb Code     0  startup_stm32f405xx.o(.text)
    CAN2_RX1_IRQHandler                      0x08000293   Thumb Code     0  startup_stm32f405xx.o(.text)
    CAN2_SCE_IRQHandler                      0x08000293   Thumb Code     0  startup_stm32f405xx.o(.text)
    CAN2_TX_IRQHandler                       0x08000293   Thumb Code     0  startup_stm32f405xx.o(.text)
    DMA1_Stream0_IRQHandler                  0x08000293   Thumb Code     0  startup_stm32f405xx.o(.text)
    DMA1_Stream1_IRQHandler                  0x08000293   Thumb Code     0  startup_stm32f405xx.o(.text)
    DMA1_Stream2_IRQHandler                  0x08000293   Thumb Code     0  startup_stm32f405xx.o(.text)
    DMA1_Stream3_IRQHandler                  0x08000293   Thumb Code     0  startup_stm32f405xx.o(.text)
    DMA1_Stream4_IRQHandler                  0x08000293   Thumb Code     0  startup_stm32f405xx.o(.text)
    DMA1_Stream5_IRQHandler                  0x08000293   Thumb Code     0  startup_stm32f405xx.o(.text)
    DMA1_Stream6_IRQHandler                  0x08000293   Thumb Code     0  startup_stm32f405xx.o(.text)
    DMA1_Stream7_IRQHandler                  0x08000293   Thumb Code     0  startup_stm32f405xx.o(.text)
    DMA2_Stream1_IRQHandler                  0x08000293   Thumb Code     0  startup_stm32f405xx.o(.text)
    DMA2_Stream2_IRQHandler                  0x08000293   Thumb Code     0  startup_stm32f405xx.o(.text)
    DMA2_Stream3_IRQHandler                  0x08000293   Thumb Code     0  startup_stm32f405xx.o(.text)
    DMA2_Stream4_IRQHandler                  0x08000293   Thumb Code     0  startup_stm32f405xx.o(.text)
    DMA2_Stream5_IRQHandler                  0x08000293   Thumb Code     0  startup_stm32f405xx.o(.text)
    DMA2_Stream6_IRQHandler                  0x08000293   Thumb Code     0  startup_stm32f405xx.o(.text)
    DMA2_Stream7_IRQHandler                  0x08000293   Thumb Code     0  startup_stm32f405xx.o(.text)
    EXTI0_IRQHandler                         0x08000293   Thumb Code     0  startup_stm32f405xx.o(.text)
    EXTI15_10_IRQHandler                     0x08000293   Thumb Code     0  startup_stm32f405xx.o(.text)
    EXTI1_IRQHandler                         0x08000293   Thumb Code     0  startup_stm32f405xx.o(.text)
    EXTI2_IRQHandler                         0x08000293   Thumb Code     0  startup_stm32f405xx.o(.text)
    EXTI3_IRQHandler                         0x08000293   Thumb Code     0  startup_stm32f405xx.o(.text)
    EXTI4_IRQHandler                         0x08000293   Thumb Code     0  startup_stm32f405xx.o(.text)
    EXTI9_5_IRQHandler                       0x08000293   Thumb Code     0  startup_stm32f405xx.o(.text)
    FLASH_IRQHandler                         0x08000293   Thumb Code     0  startup_stm32f405xx.o(.text)
    FMC_IRQHandler                           0x08000293   Thumb Code     0  startup_stm32f405xx.o(.text)
    FPU_IRQHandler                           0x08000293   Thumb Code     0  startup_stm32f405xx.o(.text)
    HASH_RNG_IRQHandler                      0x08000293   Thumb Code     0  startup_stm32f405xx.o(.text)
    I2C1_ER_IRQHandler                       0x08000293   Thumb Code     0  startup_stm32f405xx.o(.text)
    I2C1_EV_IRQHandler                       0x08000293   Thumb Code     0  startup_stm32f405xx.o(.text)
    I2C2_ER_IRQHandler                       0x08000293   Thumb Code     0  startup_stm32f405xx.o(.text)
    I2C2_EV_IRQHandler                       0x08000293   Thumb Code     0  startup_stm32f405xx.o(.text)
    I2C3_ER_IRQHandler                       0x08000293   Thumb Code     0  startup_stm32f405xx.o(.text)
    I2C3_EV_IRQHandler                       0x08000293   Thumb Code     0  startup_stm32f405xx.o(.text)
    OTG_FS_IRQHandler                        0x08000293   Thumb Code     0  startup_stm32f405xx.o(.text)
    OTG_FS_WKUP_IRQHandler                   0x08000293   Thumb Code     0  startup_stm32f405xx.o(.text)
    OTG_HS_EP1_IN_IRQHandler                 0x08000293   Thumb Code     0  startup_stm32f405xx.o(.text)
    OTG_HS_EP1_OUT_IRQHandler                0x08000293   Thumb Code     0  startup_stm32f405xx.o(.text)
    OTG_HS_IRQHandler                        0x08000293   Thumb Code     0  startup_stm32f405xx.o(.text)
    OTG_HS_WKUP_IRQHandler                   0x08000293   Thumb Code     0  startup_stm32f405xx.o(.text)
    PVD_IRQHandler                           0x08000293   Thumb Code     0  startup_stm32f405xx.o(.text)
    RCC_IRQHandler                           0x08000293   Thumb Code     0  startup_stm32f405xx.o(.text)
    RTC_Alarm_IRQHandler                     0x08000293   Thumb Code     0  startup_stm32f405xx.o(.text)
    RTC_WKUP_IRQHandler                      0x08000293   Thumb Code     0  startup_stm32f405xx.o(.text)
    SDIO_IRQHandler                          0x08000293   Thumb Code     0  startup_stm32f405xx.o(.text)
    SPI1_IRQHandler                          0x08000293   Thumb Code     0  startup_stm32f405xx.o(.text)
    SPI2_IRQHandler                          0x08000293   Thumb Code     0  startup_stm32f405xx.o(.text)
    SPI3_IRQHandler                          0x08000293   Thumb Code     0  startup_stm32f405xx.o(.text)
    TAMP_STAMP_IRQHandler                    0x08000293   Thumb Code     0  startup_stm32f405xx.o(.text)
    TIM1_BRK_TIM9_IRQHandler                 0x08000293   Thumb Code     0  startup_stm32f405xx.o(.text)
    TIM1_CC_IRQHandler                       0x08000293   Thumb Code     0  startup_stm32f405xx.o(.text)
    TIM1_TRG_COM_TIM11_IRQHandler            0x08000293   Thumb Code     0  startup_stm32f405xx.o(.text)
    TIM2_IRQHandler                          0x08000293   Thumb Code     0  startup_stm32f405xx.o(.text)
    TIM4_IRQHandler                          0x08000293   Thumb Code     0  startup_stm32f405xx.o(.text)
    TIM5_IRQHandler                          0x08000293   Thumb Code     0  startup_stm32f405xx.o(.text)
    TIM6_DAC_IRQHandler                      0x08000293   Thumb Code     0  startup_stm32f405xx.o(.text)
    TIM7_IRQHandler                          0x08000293   Thumb Code     0  startup_stm32f405xx.o(.text)
    TIM8_BRK_TIM12_IRQHandler                0x08000293   Thumb Code     0  startup_stm32f405xx.o(.text)
    TIM8_CC_IRQHandler                       0x08000293   Thumb Code     0  startup_stm32f405xx.o(.text)
    TIM8_TRG_COM_TIM14_IRQHandler            0x08000293   Thumb Code     0  startup_stm32f405xx.o(.text)
    TIM8_UP_TIM13_IRQHandler                 0x08000293   Thumb Code     0  startup_stm32f405xx.o(.text)
    UART4_IRQHandler                         0x08000293   Thumb Code     0  startup_stm32f405xx.o(.text)
    UART5_IRQHandler                         0x08000293   Thumb Code     0  startup_stm32f405xx.o(.text)
    USART1_IRQHandler                        0x08000293   Thumb Code     0  startup_stm32f405xx.o(.text)
    USART2_IRQHandler                        0x08000293   Thumb Code     0  startup_stm32f405xx.o(.text)
    USART3_IRQHandler                        0x08000293   Thumb Code     0  startup_stm32f405xx.o(.text)
    USART6_IRQHandler                        0x08000293   Thumb Code     0  startup_stm32f405xx.o(.text)
    WWDG_IRQHandler                          0x08000293   Thumb Code     0  startup_stm32f405xx.o(.text)
    __user_initial_stackheap                 0x08000295   Thumb Code     0  startup_stm32f405xx.o(.text)
    __aeabi_uldivmod                         0x080002b9   Thumb Code     0  lludivv7m.o(.text)
    _ll_udiv                                 0x080002b9   Thumb Code   238  lludivv7m.o(.text)
    __2sprintf                               0x080003a9   Thumb Code    34  noretval__2sprintf.o(.text)
    __printf                                 0x080003d1   Thumb Code   104  __printf.o(.text)
    _printf_int_dec                          0x08000439   Thumb Code   104  _printf_dec.o(.text)
    __aeabi_memclr4                          0x080004b1   Thumb Code     0  rt_memclr_w.o(.text)
    __aeabi_memclr8                          0x080004b1   Thumb Code     0  rt_memclr_w.o(.text)
    __rt_memclr_w                            0x080004b1   Thumb Code    78  rt_memclr_w.o(.text)
    _memset_w                                0x080004b5   Thumb Code     0  rt_memclr_w.o(.text)
    __use_two_region_memory                  0x080004ff   Thumb Code     2  heapauxi.o(.text)
    __rt_heap_escrow$2region                 0x08000501   Thumb Code     2  heapauxi.o(.text)
    __rt_heap_expand$2region                 0x08000503   Thumb Code     2  heapauxi.o(.text)
    _printf_int_common                       0x08000505   Thumb Code   178  _printf_intcommon.o(.text)
    _printf_char_common                      0x080005c3   Thumb Code    32  _printf_char_common.o(.text)
    _sputc                                   0x080005e9   Thumb Code    10  _sputc.o(.text)
    __user_libspace                          0x080005f5   Thumb Code     8  libspace.o(.text)
    __user_perproc_libspace                  0x080005f5   Thumb Code     0  libspace.o(.text)
    __user_perthread_libspace                0x080005f5   Thumb Code     0  libspace.o(.text)
    __user_setup_stackheap                   0x080005fd   Thumb Code    74  sys_stackheap_outer.o(.text)
    exit                                     0x08000647   Thumb Code    18  exit.o(.text)
    _sys_exit                                0x08000659   Thumb Code     8  sys_exit.o(.text)
    __I$use$semihosting                      0x08000665   Thumb Code     0  use_no_semi.o(.text)
    __use_no_semihosting_swi                 0x08000665   Thumb Code     2  use_no_semi.o(.text)
    __semihosting_library_function           0x08000667   Thumb Code     0  indicate_semi.o(.text)
    ADC_Init                                 0x080006f5   Thumb Code   188  analog.o(i.ADC_Init)
    ApproxAtan                               0x080008fd   Thumb Code    22  userfun.o(i.ApproxAtan)
    ApproxAtan2                              0x0800091d   Thumb Code   218  userfun.o(i.ApproxAtan2)
    BusFault_Handler                         0x08000a15   Thumb Code     2  stm32f4xx_it.o(i.BusFault_Handler)
    CAL_CURRENT                              0x08000a19   Thumb Code   234  analog.o(i.CAL_CURRENT)
    CAL_SPEED                                0x08000b21   Thumb Code   136  encoder.o(i.CAL_SPEED)
    CAL_THETA                                0x08000bbd   Thumb Code   124  encoder.o(i.CAL_THETA)
    CONTROLLER_Init                          0x08000c49   Thumb Code   124  controller.o(i.CONTROLLER_Init)
    CURRENT_CLOSELOOP                        0x08000cd5   Thumb Code     2  controller.o(i.CURRENT_CLOSELOOP)
    DMA2_Stream0_IRQHandler                  0x08000cd9   Thumb Code     6  stm32f4xx_it.o(i.DMA2_Stream0_IRQHandler)
    DebugMon_Handler                         0x08000d89   Thumb Code     2  stm32f4xx_it.o(i.DebugMon_Handler)
    ENCODER_Init                             0x08000d8d   Thumb Code   116  encoder.o(i.ENCODER_Init)
    Error_Handler                            0x08000e1d   Thumb Code     4  main.o(i.Error_Handler)
    Est_Speed                                0x08000e21   Thumb Code   322  controller.o(i.Est_Speed)
    FLAG_Init                                0x08000f8d   Thumb Code    22  userfun.o(i.FLAG_Init)
    HAL_ADC_ConfigChannel                    0x08000fa5   Thumb Code   316  stm32f4xx_hal_adc.o(i.HAL_ADC_ConfigChannel)
    HAL_ADC_ConvCpltCallback                 0x080010f1   Thumb Code     2  stm32f4xx_hal_adc.o(i.HAL_ADC_ConvCpltCallback)
    HAL_ADC_ConvHalfCpltCallback             0x080010f3   Thumb Code     2  stm32f4xx_hal_adc.o(i.HAL_ADC_ConvHalfCpltCallback)
    HAL_ADC_ErrorCallback                    0x080010f5   Thumb Code     2  stm32f4xx_hal_adc.o(i.HAL_ADC_ErrorCallback)
    HAL_ADC_Init                             0x080010f7   Thumb Code    84  stm32f4xx_hal_adc.o(i.HAL_ADC_Init)
    HAL_ADC_MspInit                          0x0800114d   Thumb Code   248  stm32f4xx_hal_msp.o(i.HAL_ADC_MspInit)
    HAL_ADC_Start                            0x08001265   Thumb Code   228  stm32f4xx_hal_adc.o(i.HAL_ADC_Start)
    HAL_ADC_Start_DMA                        0x08001361   Thumb Code   302  stm32f4xx_hal_adc.o(i.HAL_ADC_Start_DMA)
    HAL_CAN_Init                             0x080014b5   Thumb Code   282  stm32f4xx_hal_can.o(i.HAL_CAN_Init)
    HAL_CAN_MspInit                          0x080015d1   Thumb Code    94  stm32f4xx_hal_msp.o(i.HAL_CAN_MspInit)
    HAL_DMA_IRQHandler                       0x0800163d   Thumb Code   412  stm32f4xx_hal_dma.o(i.HAL_DMA_IRQHandler)
    HAL_DMA_Init                             0x080017dd   Thumb Code   206  stm32f4xx_hal_dma.o(i.HAL_DMA_Init)
    HAL_DMA_Start_IT                         0x080018b1   Thumb Code   110  stm32f4xx_hal_dma.o(i.HAL_DMA_Start_IT)
    HAL_GPIO_Init                            0x08001921   Thumb Code   450  stm32f4xx_hal_gpio.o(i.HAL_GPIO_Init)
    HAL_GPIO_WritePin                        0x08001b11   Thumb Code    10  stm32f4xx_hal_gpio.o(i.HAL_GPIO_WritePin)
    HAL_GetTick                              0x08001b1d   Thumb Code     6  stm32f4xx_hal.o(i.HAL_GetTick)
    HAL_I2C_Init                             0x08001b29   Thumb Code   376  stm32f4xx_hal_i2c.o(i.HAL_I2C_Init)
    HAL_I2C_MspInit                          0x08001cb1   Thumb Code   154  stm32f4xx_hal_msp.o(i.HAL_I2C_MspInit)
    HAL_IncTick                              0x08001d5d   Thumb Code    12  stm32f4xx_hal.o(i.HAL_IncTick)
    HAL_Init                                 0x08001d6d   Thumb Code    48  stm32f4xx_hal.o(i.HAL_Init)
    HAL_InitTick                             0x08001da1   Thumb Code    54  stm32f4xx_hal.o(i.HAL_InitTick)
    HAL_MspInit                              0x08001de1   Thumb Code    42  stm32f4xx_hal_msp.o(i.HAL_MspInit)
    HAL_NVIC_EnableIRQ                       0x08001e11   Thumb Code    26  stm32f4xx_hal_cortex.o(i.HAL_NVIC_EnableIRQ)
    HAL_NVIC_SetPriority                     0x08001e2d   Thumb Code    60  stm32f4xx_hal_cortex.o(i.HAL_NVIC_SetPriority)
    HAL_NVIC_SetPriorityGrouping             0x08001e6d   Thumb Code    26  stm32f4xx_hal_cortex.o(i.HAL_NVIC_SetPriorityGrouping)
    HAL_RCC_ClockConfig                      0x08001e91   Thumb Code   288  stm32f4xx_hal_rcc.o(i.HAL_RCC_ClockConfig)
    HAL_RCC_GetPCLK1Freq                     0x08001fc5   Thumb Code    20  stm32f4xx_hal_rcc.o(i.HAL_RCC_GetPCLK1Freq)
    HAL_RCC_GetPCLK2Freq                     0x08001fe5   Thumb Code    20  stm32f4xx_hal_rcc.o(i.HAL_RCC_GetPCLK2Freq)
    HAL_RCC_GetSysClockFreq                  0x08002005   Thumb Code    88  stm32f4xx_hal_rcc.o(i.HAL_RCC_GetSysClockFreq)
    HAL_RCC_OscConfig                        0x08002065   Thumb Code   856  stm32f4xx_hal_rcc.o(i.HAL_RCC_OscConfig)
    HAL_SYSTICK_Config                       0x080023d1   Thumb Code    40  stm32f4xx_hal_cortex.o(i.HAL_SYSTICK_Config)
    HAL_TIMEx_BreakCallback                  0x080023f9   Thumb Code     2  stm32f4xx_hal_tim_ex.o(i.HAL_TIMEx_BreakCallback)
    HAL_TIMEx_CommutCallback                 0x080023fb   Thumb Code     2  stm32f4xx_hal_tim_ex.o(i.HAL_TIMEx_CommutCallback)
    HAL_TIMEx_ConfigBreakDeadTime            0x080023fd   Thumb Code    84  stm32f4xx_hal_tim_ex.o(i.HAL_TIMEx_ConfigBreakDeadTime)
    HAL_TIMEx_MasterConfigSynchronization    0x08002451   Thumb Code   116  stm32f4xx_hal_tim_ex.o(i.HAL_TIMEx_MasterConfigSynchronization)
    HAL_TIM_Base_Init                        0x080024e1   Thumb Code    90  stm32f4xx_hal_tim.o(i.HAL_TIM_Base_Init)
    HAL_TIM_Base_MspInit                     0x0800253d   Thumb Code   112  stm32f4xx_hal_msp.o(i.HAL_TIM_Base_MspInit)
    HAL_TIM_Base_Start                       0x080025bd   Thumb Code    90  stm32f4xx_hal_tim.o(i.HAL_TIM_Base_Start)
    HAL_TIM_Base_Start_IT                    0x08002635   Thumb Code   100  stm32f4xx_hal_tim.o(i.HAL_TIM_Base_Start_IT)
    HAL_TIM_Base_Stop_IT                     0x080026b5   Thumb Code    48  stm32f4xx_hal_tim.o(i.HAL_TIM_Base_Stop_IT)
    HAL_TIM_ConfigClockSource                0x080026e5   Thumb Code   220  stm32f4xx_hal_tim.o(i.HAL_TIM_ConfigClockSource)
    HAL_TIM_Encoder_Init                     0x080027c1   Thumb Code   164  stm32f4xx_hal_tim.o(i.HAL_TIM_Encoder_Init)
    HAL_TIM_Encoder_MspInit                  0x08002865   Thumb Code    90  stm32f4xx_hal_msp.o(i.HAL_TIM_Encoder_MspInit)
    HAL_TIM_Encoder_Start                    0x080028c9   Thumb Code   142  stm32f4xx_hal_tim.o(i.HAL_TIM_Encoder_Start)
    HAL_TIM_IC_CaptureCallback               0x08002957   Thumb Code     2  stm32f4xx_hal_tim.o(i.HAL_TIM_IC_CaptureCallback)
    HAL_TIM_IRQHandler                       0x08002959   Thumb Code   358  stm32f4xx_hal_tim.o(i.HAL_TIM_IRQHandler)
    HAL_TIM_MspPostInit                      0x08002ac1   Thumb Code    72  stm32f4xx_hal_msp.o(i.HAL_TIM_MspPostInit)
    HAL_TIM_OC_DelayElapsedCallback          0x08002b15   Thumb Code     2  stm32f4xx_hal_tim.o(i.HAL_TIM_OC_DelayElapsedCallback)
    HAL_TIM_PWM_ConfigChannel                0x08002b17   Thumb Code   204  stm32f4xx_hal_tim.o(i.HAL_TIM_PWM_ConfigChannel)
    HAL_TIM_PWM_Init                         0x08002be3   Thumb Code    90  stm32f4xx_hal_tim.o(i.HAL_TIM_PWM_Init)
    HAL_TIM_PWM_MspInit                      0x08002c3d   Thumb Code     2  stm32f4xx_hal_tim.o(i.HAL_TIM_PWM_MspInit)
    HAL_TIM_PWM_PulseFinishedCallback        0x08002c3f   Thumb Code     2  stm32f4xx_hal_tim.o(i.HAL_TIM_PWM_PulseFinishedCallback)
    HAL_TIM_PWM_Start                        0x08002c41   Thumb Code   172  stm32f4xx_hal_tim.o(i.HAL_TIM_PWM_Start)
    HAL_TIM_PeriodElapsedCallback            0x08002d09   Thumb Code   344  main.o(i.HAL_TIM_PeriodElapsedCallback)
    HAL_TIM_TriggerCallback                  0x08002e99   Thumb Code     2  stm32f4xx_hal_tim.o(i.HAL_TIM_TriggerCallback)
    HAL_UART_Init                            0x08002e9b   Thumb Code    98  stm32f4xx_hal_uart.o(i.HAL_UART_Init)
    HAL_UART_MspInit                         0x08002efd   Thumb Code   144  stm32f4xx_hal_msp.o(i.HAL_UART_MspInit)
    HAL_UART_Transmit                        0x08002fa1   Thumb Code   178  stm32f4xx_hal_uart.o(i.HAL_UART_Transmit)
    HardFault_Handler                        0x08003053   Thumb Code     2  stm32f4xx_it.o(i.HardFault_Handler)
    LPF_Init                                 0x08003055   Thumb Code   258  userfun.o(i.LPF_Init)
    LPF_Run                                  0x08003175   Thumb Code    70  userfun.o(i.LPF_Run)
    MOTOR_Init                               0x080031bd   Thumb Code   112  hsm.o(i.MOTOR_Init)
    MemManage_Handler                        0x08003679   Thumb Code     2  stm32f4xx_it.o(i.MemManage_Handler)
    Motor_Disable                            0x0800367d   Thumb Code    30  hsm.o(i.Motor_Disable)
    Motor_Enable                             0x080036a5   Thumb Code    26  hsm.o(i.Motor_Enable)
    NMI_Handler                              0x080036c9   Thumb Code     2  stm32f4xx_it.o(i.NMI_Handler)
    OPEN_LOOP_Fcn                            0x080036cd   Thumb Code   618  controller.o(i.OPEN_LOOP_Fcn)
    PI_CURRENT_Init                          0x08003965   Thumb Code    98  controller.o(i.PI_CURRENT_Init)
    PI_SPEED_Init                            0x080039e9   Thumb Code    98  controller.o(i.PI_SPEED_Init)
    PendSV_Handler                           0x08003a69   Thumb Code     2  stm32f4xx_it.o(i.PendSV_Handler)
    RAMP_Init                                0x08003a6d   Thumb Code   114  userfun.o(i.RAMP_Init)
    RAMP_RUN                                 0x08003ae9   Thumb Code   104  userfun.o(i.RAMP_RUN)
    SAVE_DATA                                0x08003b51   Thumb Code   330  uart.o(i.SAVE_DATA)
    SEND_DATA                                0x08003cbd   Thumb Code   146  uart.o(i.SEND_DATA)
    SMC_Fcn                                  0x08003d79   Thumb Code  1230  controller.o(i.SMC_Fcn)
    SMC_Init                                 0x08004251   Thumb Code   316  controller.o(i.SMC_Init)
    STATE_MACHINE_HANDLE                     0x080043c1   Thumb Code   236  hsm.o(i.STATE_MACHINE_HANDLE)
    STATE_MACHINE_Init                       0x080044d5   Thumb Code    14  hsm.o(i.STATE_MACHINE_Init)
    SVC_Handler                              0x080044e9   Thumb Code     2  stm32f4xx_it.o(i.SVC_Handler)
    Speed_SMC_Loop                           0x080044ed   Thumb Code   282  controller.o(i.Speed_SMC_Loop)
    SysTick_Handler                          0x08004615   Thumb Code     4  stm32f4xx_it.o(i.SysTick_Handler)
    SystemClock_Config                       0x08004619   Thumb Code   138  main.o(i.SystemClock_Config)
    SystemInit                               0x080046ad   Thumb Code    12  system_stm32f4xx.o(i.SystemInit)
    TIM1_UP_TIM10_IRQHandler                 0x080046bd   Thumb Code     6  stm32f4xx_it.o(i.TIM1_UP_TIM10_IRQHandler)
    TIM3_IRQHandler                          0x080046c9   Thumb Code     6  stm32f4xx_it.o(i.TIM3_IRQHandler)
    TIM_Base_SetConfig                       0x080046d5   Thumb Code   156  stm32f4xx_hal_tim.o(i.TIM_Base_SetConfig)
    TIM_CCxChannelCmd                        0x0800479d   Thumb Code    26  stm32f4xx_hal_tim.o(i.TIM_CCxChannelCmd)
    TIM_ETR_SetConfig                        0x080047b7   Thumb Code    20  stm32f4xx_hal_tim.o(i.TIM_ETR_SetConfig)
    TIM_OC2_SetConfig                        0x0800483d   Thumb Code    98  stm32f4xx_hal_tim.o(i.TIM_OC2_SetConfig)
    UART_Init                                0x080049a9   Thumb Code    76  uart.o(i.UART_Init)
    UsageFault_Handler                       0x08004b7d   Thumb Code     2  stm32f4xx_it.o(i.UsageFault_Handler)
    cal_cos                                  0x08004ba1   Thumb Code    38  userfun.o(i.cal_cos)
    cal_sin                                  0x08004bd1   Thumb Code   188  userfun.o(i.cal_sin)
    main                                     0x08004cad   Thumb Code   738  main.o(i.main)
    __aeabi_dneg                             0x08004ff9   Thumb Code     0  basic.o(x$fpl$basic)
    _dneg                                    0x08004ff9   Thumb Code     6  basic.o(x$fpl$basic)
    __aeabi_fneg                             0x08004fff   Thumb Code     0  basic.o(x$fpl$basic)
    _fneg                                    0x08004fff   Thumb Code     6  basic.o(x$fpl$basic)
    _dabs                                    0x08005005   Thumb Code     6  basic.o(x$fpl$basic)
    _fabs                                    0x0800500b   Thumb Code     6  basic.o(x$fpl$basic)
    __aeabi_d2f                              0x08005011   Thumb Code     0  d2f.o(x$fpl$d2f)
    _d2f                                     0x08005011   Thumb Code    98  d2f.o(x$fpl$d2f)
    __aeabi_dadd                             0x08005075   Thumb Code     0  daddsub_clz.o(x$fpl$dadd)
    _dadd                                    0x08005075   Thumb Code   332  daddsub_clz.o(x$fpl$dadd)
    __fpl_dcmp_Inf                           0x080051c5   Thumb Code    24  dcmpi.o(x$fpl$dcmpinf)
    __aeabi_ddiv                             0x080051dd   Thumb Code     0  ddiv.o(x$fpl$ddiv)
    _ddiv                                    0x080051dd   Thumb Code   552  ddiv.o(x$fpl$ddiv)
    __aeabi_d2iz                             0x0800548d   Thumb Code     0  dfix.o(x$fpl$dfix)
    _dfix                                    0x0800548d   Thumb Code    94  dfix.o(x$fpl$dfix)
    __aeabi_d2uiz                            0x080054ed   Thumb Code     0  dfixu.o(x$fpl$dfixu)
    _dfixu                                   0x080054ed   Thumb Code    90  dfixu.o(x$fpl$dfixu)
    __aeabi_i2d                              0x08005547   Thumb Code     0  dflt_clz.o(x$fpl$dflt)
    _dflt                                    0x08005547   Thumb Code    46  dflt_clz.o(x$fpl$dflt)
    __aeabi_ui2d                             0x08005575   Thumb Code     0  dflt_clz.o(x$fpl$dfltu)
    _dfltu                                   0x08005575   Thumb Code    38  dflt_clz.o(x$fpl$dfltu)
    __aeabi_cdcmple                          0x0800559d   Thumb Code     0  dleqf.o(x$fpl$dleqf)
    _dcmple                                  0x0800559d   Thumb Code   120  dleqf.o(x$fpl$dleqf)
    __fpl_dcmple_InfNaN                      0x080055ff   Thumb Code     0  dleqf.o(x$fpl$dleqf)
    __aeabi_dmul                             0x08005615   Thumb Code     0  dmul.o(x$fpl$dmul)
    _dmul                                    0x08005615   Thumb Code   332  dmul.o(x$fpl$dmul)
    __fpl_dnaninf                            0x08005769   Thumb Code   156  dnaninf.o(x$fpl$dnaninf)
    __fpl_dretinf                            0x08005805   Thumb Code    12  dretinf.o(x$fpl$dretinf)
    __aeabi_cdrcmple                         0x08005811   Thumb Code     0  drleqf.o(x$fpl$drleqf)
    _drcmple                                 0x08005811   Thumb Code   108  drleqf.o(x$fpl$drleqf)
    __aeabi_drsub                            0x0800587d   Thumb Code     0  daddsub_clz.o(x$fpl$drsb)
    _drsb                                    0x0800587d   Thumb Code    22  daddsub_clz.o(x$fpl$drsb)
    __aeabi_dsub                             0x08005895   Thumb Code     0  daddsub_clz.o(x$fpl$dsub)
    _dsub                                    0x08005895   Thumb Code   464  daddsub_clz.o(x$fpl$dsub)
    __aeabi_f2d                              0x08005a69   Thumb Code     0  f2d.o(x$fpl$f2d)
    _f2d                                     0x08005a69   Thumb Code    86  f2d.o(x$fpl$f2d)
    __fpl_fnaninf                            0x08005abf   Thumb Code   140  fnaninf.o(x$fpl$fnaninf)
    _fp_init                                 0x08005b4b   Thumb Code    10  fpinit.o(x$fpl$fpinit)
    __fplib_config_fpu_vfp                   0x08005b53   Thumb Code     0  fpinit.o(x$fpl$fpinit)
    __fplib_config_pureend_doubles           0x08005b53   Thumb Code     0  fpinit.o(x$fpl$fpinit)
    __fpl_fretinf                            0x08005b55   Thumb Code    10  fretinf.o(x$fpl$fretinf)
    __I$use$fp                               0x08005b5e   Number         0  usenofp.o(x$fpl$usenofp)
    AHBPrescTable                            0x08005b66   Data          16  system_stm32f4xx.o(.constdata)
    APBPrescTable                            0x08005b76   Data           8  system_stm32f4xx.o(.constdata)
    Region$$Table$$Base                      0x08005b80   Number         0  anon$$obj.o(Region$$Table)
    Region$$Table$$Limit                     0x08005ba0   Number         0  anon$$obj.o(Region$$Table)
    sin_degree                               0x20000000   Data        2888  userfun.o(.data)
    ts_rpm                                   0x20000b48   Data           8  main.o(.data)
    uwTickFreq                               0x20000b50   Data           1  stm32f4xx_hal.o(.data)
    uwTickPrio                               0x20000b54   Data           4  stm32f4xx_hal.o(.data)
    uwTick                                   0x20000b58   Data           4  stm32f4xx_hal.o(.data)
    SystemCoreClock                          0x20000b5c   Data           4  system_stm32f4xx.o(.data)
    MSG                                      0x20000b60   Data          30  uart.o(.bss)
    hadc1                                    0x20000b80   Data          72  main.o(.bss)
    hadc2                                    0x20000bc8   Data          72  main.o(.bss)
    hcan1                                    0x20000c10   Data          40  main.o(.bss)
    hi2c1                                    0x20000c38   Data          84  main.o(.bss)
    hi2c2                                    0x20000c8c   Data          84  main.o(.bss)
    htim1                                    0x20000ce0   Data          72  main.o(.bss)
    htim2                                    0x20000d28   Data          72  main.o(.bss)
    htim3                                    0x20000d70   Data          72  main.o(.bss)
    htim5                                    0x20000db8   Data          72  main.o(.bss)
    huart2                                   0x20000e00   Data          68  main.o(.bss)
    huart3                                   0x20000e44   Data          68  main.o(.bss)
    hsm_var                                  0x20000e88   Data          56  main.o(.bss)
    mState_var                               0x20000ec0   Data          12  main.o(.bss)
    encoder_var                              0x20000ed0   Data          72  main.o(.bss)
    theta_var                                0x20000f18   Data          72  main.o(.bss)
    PI_Id_var                                0x20000f60   Data         152  main.o(.bss)
    PI_Iq_var                                0x20000ff8   Data         152  main.o(.bss)
    PI_speed_var                             0x20001090   Data         152  main.o(.bss)
    adc_var                                  0x20001128   Data         136  main.o(.bss)
    flag_var                                 0x200011b0   Data          24  main.o(.bss)
    control_var                              0x200011c8   Data         144  main.o(.bss)
    LPF_speed_var                            0x20001258   Data          48  main.o(.bss)
    LPF_current_var                          0x20001288   Data          48  main.o(.bss)
    LPF_voltage_var                          0x200012b8   Data          48  main.o(.bss)
    LPF_Ia                                   0x200012e8   Data          48  main.o(.bss)
    LPF_Ib                                   0x20001318   Data          48  main.o(.bss)
    LPF_rpm_est                              0x20001348   Data          48  main.o(.bss)
    uart_var                                 0x20001378   Data       16018  main.o(.bss)
    ramp_rpm_var                             0x2000520c   Data          36  main.o(.bss)
    SMC_var                                  0x20005230   Data         304  main.o(.bss)
    LPF_EMFa                                 0x20005360   Data          48  main.o(.bss)
    LPF_EMFb                                 0x20005390   Data          48  main.o(.bss)
    hdma_adc1                                0x200053c0   Data          96  main.o(.bss)
    __libspace_start                         0x20005420   Data          96  libspace.o(.bss)
    __temporary_stack_top$libspace           0x20005480   Data           0  libspace.o(.bss)



==============================================================================

Memory Map of the image

  Image Entry point : 0x08000189

  Load Region LR_IROM1 (Base: 0x08000000, Size: 0x00006700, Max: 0x00100000, ABSOLUTE, COMPRESSED[0x0000618c])

    Execution Region ER_IROM1 (Exec base: 0x08000000, Load base: 0x08000000, Size: 0x00005ba0, Max: 0x00100000, ABSOLUTE)

    Exec Addr    Load Addr    Size         Type   Attr      Idx    E Section Name        Object

    0x08000000   0x08000000   0x00000188   Data   RO            3    RESET               startup_stm32f405xx.o
    0x08000188   0x08000188   0x00000008   Code   RO         4297  * !!!main             c_w.l(__main.o)
    0x08000190   0x08000190   0x00000034   Code   RO         4590    !!!scatter          c_w.l(__scatter.o)
    0x080001c4   0x080001c4   0x00000064   Code   RO         4588    !!dclz77c           c_w.l(__dclz77c.o)
    0x08000228   0x08000228   0x0000001c   Code   RO         4592    !!handler_zi        c_w.l(__scatter_zi.o)
    0x08000244   0x08000244   0x00000000   Code   RO         4292    .ARM.Collect$$_printf_percent$$00000000  c_w.l(_printf_percent.o)
    0x08000244   0x08000244   0x00000006   Code   RO         4291    .ARM.Collect$$_printf_percent$$00000009  c_w.l(_printf_d.o)
    0x0800024a   0x0800024a   0x00000004   Code   RO         4360    .ARM.Collect$$_printf_percent$$00000017  c_w.l(_printf_percent_end.o)
    0x0800024e   0x0800024e   0x00000002   Code   RO         4457    .ARM.Collect$$libinit$$00000000  c_w.l(libinit.o)
    0x08000250   0x08000250   0x00000004   Code   RO         4468    .ARM.Collect$$libinit$$00000001  c_w.l(libinit2.o)
    0x08000254   0x08000254   0x00000000   Code   RO         4471    .ARM.Collect$$libinit$$00000004  c_w.l(libinit2.o)
    0x08000254   0x08000254   0x00000000   Code   RO         4474    .ARM.Collect$$libinit$$0000000A  c_w.l(libinit2.o)
    0x08000254   0x08000254   0x00000000   Code   RO         4476    .ARM.Collect$$libinit$$0000000C  c_w.l(libinit2.o)
    0x08000254   0x08000254   0x00000000   Code   RO         4478    .ARM.Collect$$libinit$$0000000E  c_w.l(libinit2.o)
    0x08000254   0x08000254   0x00000000   Code   RO         4481    .ARM.Collect$$libinit$$00000011  c_w.l(libinit2.o)
    0x08000254   0x08000254   0x00000000   Code   RO         4483    .ARM.Collect$$libinit$$00000013  c_w.l(libinit2.o)
    0x08000254   0x08000254   0x00000000   Code   RO         4485    .ARM.Collect$$libinit$$00000015  c_w.l(libinit2.o)
    0x08000254   0x08000254   0x00000000   Code   RO         4487    .ARM.Collect$$libinit$$00000017  c_w.l(libinit2.o)
    0x08000254   0x08000254   0x00000000   Code   RO         4489    .ARM.Collect$$libinit$$00000019  c_w.l(libinit2.o)
    0x08000254   0x08000254   0x00000000   Code   RO         4491    .ARM.Collect$$libinit$$0000001B  c_w.l(libinit2.o)
    0x08000254   0x08000254   0x00000000   Code   RO         4493    .ARM.Collect$$libinit$$0000001D  c_w.l(libinit2.o)
    0x08000254   0x08000254   0x00000000   Code   RO         4495    .ARM.Collect$$libinit$$0000001F  c_w.l(libinit2.o)
    0x08000254   0x08000254   0x00000000   Code   RO         4497    .ARM.Collect$$libinit$$00000021  c_w.l(libinit2.o)
    0x08000254   0x08000254   0x00000000   Code   RO         4499    .ARM.Collect$$libinit$$00000023  c_w.l(libinit2.o)
    0x08000254   0x08000254   0x00000000   Code   RO         4501    .ARM.Collect$$libinit$$00000025  c_w.l(libinit2.o)
    0x08000254   0x08000254   0x00000000   Code   RO         4505    .ARM.Collect$$libinit$$0000002C  c_w.l(libinit2.o)
    0x08000254   0x08000254   0x00000000   Code   RO         4507    .ARM.Collect$$libinit$$0000002E  c_w.l(libinit2.o)
    0x08000254   0x08000254   0x00000000   Code   RO         4509    .ARM.Collect$$libinit$$00000030  c_w.l(libinit2.o)
    0x08000254   0x08000254   0x00000000   Code   RO         4511    .ARM.Collect$$libinit$$00000032  c_w.l(libinit2.o)
    0x08000254   0x08000254   0x00000002   Code   RO         4512    .ARM.Collect$$libinit$$00000033  c_w.l(libinit2.o)
    0x08000256   0x08000256   0x00000002   Code   RO         4545    .ARM.Collect$$libshutdown$$00000000  c_w.l(libshutdown.o)
    0x08000258   0x08000258   0x00000000   Code   RO         4571    .ARM.Collect$$libshutdown$$00000002  c_w.l(libshutdown2.o)
    0x08000258   0x08000258   0x00000000   Code   RO         4573    .ARM.Collect$$libshutdown$$00000004  c_w.l(libshutdown2.o)
    0x08000258   0x08000258   0x00000000   Code   RO         4576    .ARM.Collect$$libshutdown$$00000007  c_w.l(libshutdown2.o)
    0x08000258   0x08000258   0x00000000   Code   RO         4579    .ARM.Collect$$libshutdown$$0000000A  c_w.l(libshutdown2.o)
    0x08000258   0x08000258   0x00000000   Code   RO         4581    .ARM.Collect$$libshutdown$$0000000C  c_w.l(libshutdown2.o)
    0x08000258   0x08000258   0x00000000   Code   RO         4584    .ARM.Collect$$libshutdown$$0000000F  c_w.l(libshutdown2.o)
    0x08000258   0x08000258   0x00000002   Code   RO         4585    .ARM.Collect$$libshutdown$$00000010  c_w.l(libshutdown2.o)
    0x0800025a   0x0800025a   0x00000000   Code   RO         4347    .ARM.Collect$$rtentry$$00000000  c_w.l(__rtentry.o)
    0x0800025a   0x0800025a   0x00000000   Code   RO         4412    .ARM.Collect$$rtentry$$00000002  c_w.l(__rtentry2.o)
    0x0800025a   0x0800025a   0x00000006   Code   RO         4424    .ARM.Collect$$rtentry$$00000004  c_w.l(__rtentry4.o)
    0x08000260   0x08000260   0x00000000   Code   RO         4414    .ARM.Collect$$rtentry$$00000009  c_w.l(__rtentry2.o)
    0x08000260   0x08000260   0x00000004   Code   RO         4415    .ARM.Collect$$rtentry$$0000000A  c_w.l(__rtentry2.o)
    0x08000264   0x08000264   0x00000000   Code   RO         4417    .ARM.Collect$$rtentry$$0000000C  c_w.l(__rtentry2.o)
    0x08000264   0x08000264   0x00000008   Code   RO         4418    .ARM.Collect$$rtentry$$0000000D  c_w.l(__rtentry2.o)
    0x0800026c   0x0800026c   0x00000002   Code   RO         4460    .ARM.Collect$$rtexit$$00000000  c_w.l(rtexit.o)
    0x0800026e   0x0800026e   0x00000000   Code   RO         4518    .ARM.Collect$$rtexit$$00000002  c_w.l(rtexit2.o)
    0x0800026e   0x0800026e   0x00000004   Code   RO         4519    .ARM.Collect$$rtexit$$00000003  c_w.l(rtexit2.o)
    0x08000272   0x08000272   0x00000006   Code   RO         4520    .ARM.Collect$$rtexit$$00000004  c_w.l(rtexit2.o)
    0x08000278   0x08000278   0x00000040   Code   RO            4    .text               startup_stm32f405xx.o
    0x080002b8   0x080002b8   0x000000ee   Code   RO         4261    .text               c_w.l(lludivv7m.o)
    0x080003a6   0x080003a6   0x00000002   PAD
    0x080003a8   0x080003a8   0x00000028   Code   RO         4265    .text               c_w.l(noretval__2sprintf.o)
    0x080003d0   0x080003d0   0x00000068   Code   RO         4267    .text               c_w.l(__printf.o)
    0x08000438   0x08000438   0x00000078   Code   RO         4269    .text               c_w.l(_printf_dec.o)
    0x080004b0   0x080004b0   0x0000004e   Code   RO         4293    .text               c_w.l(rt_memclr_w.o)
    0x080004fe   0x080004fe   0x00000006   Code   RO         4295    .text               c_w.l(heapauxi.o)
    0x08000504   0x08000504   0x000000b2   Code   RO         4354    .text               c_w.l(_printf_intcommon.o)
    0x080005b6   0x080005b6   0x00000002   PAD
    0x080005b8   0x080005b8   0x00000030   Code   RO         4356    .text               c_w.l(_printf_char_common.o)
    0x080005e8   0x080005e8   0x0000000a   Code   RO         4358    .text               c_w.l(_sputc.o)
    0x080005f2   0x080005f2   0x00000002   PAD
    0x080005f4   0x080005f4   0x00000008   Code   RO         4441    .text               c_w.l(libspace.o)
    0x080005fc   0x080005fc   0x0000004a   Code   RO         4444    .text               c_w.l(sys_stackheap_outer.o)
    0x08000646   0x08000646   0x00000012   Code   RO         4446    .text               c_w.l(exit.o)
    0x08000658   0x08000658   0x0000000c   Code   RO         4515    .text               c_w.l(sys_exit.o)
    0x08000664   0x08000664   0x00000002   Code   RO         4534    .text               c_w.l(use_no_semi.o)
    0x08000666   0x08000666   0x00000000   Code   RO         4536    .text               c_w.l(indicate_semi.o)
    0x08000666   0x08000666   0x0000006e   Code   RO          800    i.ADC_DMAConvCplt   stm32f4xx_hal_adc.o
    0x080006d4   0x080006d4   0x00000016   Code   RO          801    i.ADC_DMAError      stm32f4xx_hal_adc.o
    0x080006ea   0x080006ea   0x0000000a   Code   RO          802    i.ADC_DMAHalfConvCplt  stm32f4xx_hal_adc.o
    0x080006f4   0x080006f4   0x000000e0   Code   RO           13    i.ADC_Init          analog.o
    0x080007d4   0x080007d4   0x00000128   Code   RO          803    i.ADC_Init          stm32f4xx_hal_adc.o
    0x080008fc   0x080008fc   0x00000020   Code   RO          404    i.ApproxAtan        userfun.o
    0x0800091c   0x0800091c   0x000000f8   Code   RO          405    i.ApproxAtan2       userfun.o
    0x08000a14   0x08000a14   0x00000002   Code   RO          603    i.BusFault_Handler  stm32f4xx_it.o
    0x08000a16   0x08000a16   0x00000002   PAD
    0x08000a18   0x08000a18   0x00000108   Code   RO           14    i.CAL_CURRENT       analog.o
    0x08000b20   0x08000b20   0x0000009c   Code   RO          271    i.CAL_SPEED         encoder.o
    0x08000bbc   0x08000bbc   0x0000008c   Code   RO          272    i.CAL_THETA         encoder.o
    0x08000c48   0x08000c48   0x0000008c   Code   RO          163    i.CONTROLLER_Init   controller.o
    0x08000cd4   0x08000cd4   0x00000002   Code   RO          164    i.CURRENT_CLOSELOOP  controller.o
    0x08000cd6   0x08000cd6   0x00000002   PAD
    0x08000cd8   0x08000cd8   0x0000000c   Code   RO          604    i.DMA2_Stream0_IRQHandler  stm32f4xx_it.o
    0x08000ce4   0x08000ce4   0x00000028   Code   RO         1537    i.DMA_CalcBaseAndBitshift  stm32f4xx_hal_dma.o
    0x08000d0c   0x08000d0c   0x00000054   Code   RO         1538    i.DMA_CheckFifoParam  stm32f4xx_hal_dma.o
    0x08000d60   0x08000d60   0x00000028   Code   RO         1539    i.DMA_SetConfig     stm32f4xx_hal_dma.o
    0x08000d88   0x08000d88   0x00000002   Code   RO          605    i.DebugMon_Handler  stm32f4xx_it.o
    0x08000d8a   0x08000d8a   0x00000002   PAD
    0x08000d8c   0x08000d8c   0x00000090   Code   RO          273    i.ENCODER_Init      encoder.o
    0x08000e1c   0x08000e1c   0x00000004   Code   RO          514    i.Error_Handler     main.o
    0x08000e20   0x08000e20   0x0000016c   Code   RO          165    i.Est_Speed         controller.o
    0x08000f8c   0x08000f8c   0x00000016   Code   RO          406    i.FLAG_Init         userfun.o
    0x08000fa2   0x08000fa2   0x00000002   PAD
    0x08000fa4   0x08000fa4   0x0000014c   Code   RO          805    i.HAL_ADC_ConfigChannel  stm32f4xx_hal_adc.o
    0x080010f0   0x080010f0   0x00000002   Code   RO          806    i.HAL_ADC_ConvCpltCallback  stm32f4xx_hal_adc.o
    0x080010f2   0x080010f2   0x00000002   Code   RO          807    i.HAL_ADC_ConvHalfCpltCallback  stm32f4xx_hal_adc.o
    0x080010f4   0x080010f4   0x00000002   Code   RO          809    i.HAL_ADC_ErrorCallback  stm32f4xx_hal_adc.o
    0x080010f6   0x080010f6   0x00000054   Code   RO          814    i.HAL_ADC_Init      stm32f4xx_hal_adc.o
    0x0800114a   0x0800114a   0x00000002   PAD
    0x0800114c   0x0800114c   0x00000118   Code   RO          698    i.HAL_ADC_MspInit   stm32f4xx_hal_msp.o
    0x08001264   0x08001264   0x000000fc   Code   RO          820    i.HAL_ADC_Start     stm32f4xx_hal_adc.o
    0x08001360   0x08001360   0x00000154   Code   RO          821    i.HAL_ADC_Start_DMA  stm32f4xx_hal_adc.o
    0x080014b4   0x080014b4   0x0000011a   Code   RO         2224    i.HAL_CAN_Init      stm32f4xx_hal_can.o
    0x080015ce   0x080015ce   0x00000002   PAD
    0x080015d0   0x080015d0   0x0000006c   Code   RO          700    i.HAL_CAN_MspInit   stm32f4xx_hal_msp.o
    0x0800163c   0x0800163c   0x000001a0   Code   RO         1545    i.HAL_DMA_IRQHandler  stm32f4xx_hal_dma.o
    0x080017dc   0x080017dc   0x000000d4   Code   RO         1546    i.HAL_DMA_Init      stm32f4xx_hal_dma.o
    0x080018b0   0x080018b0   0x0000006e   Code   RO         1550    i.HAL_DMA_Start_IT  stm32f4xx_hal_dma.o
    0x0800191e   0x0800191e   0x00000002   PAD
    0x08001920   0x08001920   0x000001f0   Code   RO         1433    i.HAL_GPIO_Init     stm32f4xx_hal_gpio.o
    0x08001b10   0x08001b10   0x0000000a   Code   RO         1437    i.HAL_GPIO_WritePin  stm32f4xx_hal_gpio.o
    0x08001b1a   0x08001b1a   0x00000002   PAD
    0x08001b1c   0x08001b1c   0x0000000c   Code   RO         1965    i.HAL_GetTick       stm32f4xx_hal.o
    0x08001b28   0x08001b28   0x00000188   Code   RO         2455    i.HAL_I2C_Init      stm32f4xx_hal_i2c.o
    0x08001cb0   0x08001cb0   0x000000ac   Code   RO          702    i.HAL_I2C_MspInit   stm32f4xx_hal_msp.o
    0x08001d5c   0x08001d5c   0x00000010   Code   RO         1971    i.HAL_IncTick       stm32f4xx_hal.o
    0x08001d6c   0x08001d6c   0x00000034   Code   RO         1972    i.HAL_Init          stm32f4xx_hal.o
    0x08001da0   0x08001da0   0x00000040   Code   RO         1973    i.HAL_InitTick      stm32f4xx_hal.o
    0x08001de0   0x08001de0   0x00000030   Code   RO          703    i.HAL_MspInit       stm32f4xx_hal_msp.o
    0x08001e10   0x08001e10   0x0000001a   Code   RO         1822    i.HAL_NVIC_EnableIRQ  stm32f4xx_hal_cortex.o
    0x08001e2a   0x08001e2a   0x00000002   PAD
    0x08001e2c   0x08001e2c   0x00000040   Code   RO         1828    i.HAL_NVIC_SetPriority  stm32f4xx_hal_cortex.o
    0x08001e6c   0x08001e6c   0x00000024   Code   RO         1829    i.HAL_NVIC_SetPriorityGrouping  stm32f4xx_hal_cortex.o
    0x08001e90   0x08001e90   0x00000134   Code   RO         1079    i.HAL_RCC_ClockConfig  stm32f4xx_hal_rcc.o
    0x08001fc4   0x08001fc4   0x00000020   Code   RO         1086    i.HAL_RCC_GetPCLK1Freq  stm32f4xx_hal_rcc.o
    0x08001fe4   0x08001fe4   0x00000020   Code   RO         1087    i.HAL_RCC_GetPCLK2Freq  stm32f4xx_hal_rcc.o
    0x08002004   0x08002004   0x00000060   Code   RO         1088    i.HAL_RCC_GetSysClockFreq  stm32f4xx_hal_rcc.o
    0x08002064   0x08002064   0x0000036c   Code   RO         1091    i.HAL_RCC_OscConfig  stm32f4xx_hal_rcc.o
    0x080023d0   0x080023d0   0x00000028   Code   RO         1833    i.HAL_SYSTICK_Config  stm32f4xx_hal_cortex.o
    0x080023f8   0x080023f8   0x00000002   Code   RO         3600    i.HAL_TIMEx_BreakCallback  stm32f4xx_hal_tim_ex.o
    0x080023fa   0x080023fa   0x00000002   Code   RO         3601    i.HAL_TIMEx_CommutCallback  stm32f4xx_hal_tim_ex.o
    0x080023fc   0x080023fc   0x00000054   Code   RO         3603    i.HAL_TIMEx_ConfigBreakDeadTime  stm32f4xx_hal_tim_ex.o
    0x08002450   0x08002450   0x00000090   Code   RO         3619    i.HAL_TIMEx_MasterConfigSynchronization  stm32f4xx_hal_tim_ex.o
    0x080024e0   0x080024e0   0x0000005a   Code   RO         2896    i.HAL_TIM_Base_Init  stm32f4xx_hal_tim.o
    0x0800253a   0x0800253a   0x00000002   PAD
    0x0800253c   0x0800253c   0x00000080   Code   RO          705    i.HAL_TIM_Base_MspInit  stm32f4xx_hal_msp.o
    0x080025bc   0x080025bc   0x00000078   Code   RO         2899    i.HAL_TIM_Base_Start  stm32f4xx_hal_tim.o
    0x08002634   0x08002634   0x00000080   Code   RO         2901    i.HAL_TIM_Base_Start_IT  stm32f4xx_hal_tim.o
    0x080026b4   0x080026b4   0x00000030   Code   RO         2904    i.HAL_TIM_Base_Stop_IT  stm32f4xx_hal_tim.o
    0x080026e4   0x080026e4   0x000000dc   Code   RO         2905    i.HAL_TIM_ConfigClockSource  stm32f4xx_hal_tim.o
    0x080027c0   0x080027c0   0x000000a4   Code   RO         2917    i.HAL_TIM_Encoder_Init  stm32f4xx_hal_tim.o
    0x08002864   0x08002864   0x00000064   Code   RO          707    i.HAL_TIM_Encoder_MspInit  stm32f4xx_hal_msp.o
    0x080028c8   0x080028c8   0x0000008e   Code   RO         2920    i.HAL_TIM_Encoder_Start  stm32f4xx_hal_tim.o
    0x08002956   0x08002956   0x00000002   Code   RO         2930    i.HAL_TIM_IC_CaptureCallback  stm32f4xx_hal_tim.o
    0x08002958   0x08002958   0x00000166   Code   RO         2944    i.HAL_TIM_IRQHandler  stm32f4xx_hal_tim.o
    0x08002abe   0x08002abe   0x00000002   PAD
    0x08002ac0   0x08002ac0   0x00000054   Code   RO          708    i.HAL_TIM_MspPostInit  stm32f4xx_hal_msp.o
    0x08002b14   0x08002b14   0x00000002   Code   RO         2947    i.HAL_TIM_OC_DelayElapsedCallback  stm32f4xx_hal_tim.o
    0x08002b16   0x08002b16   0x000000cc   Code   RO         2968    i.HAL_TIM_PWM_ConfigChannel  stm32f4xx_hal_tim.o
    0x08002be2   0x08002be2   0x0000005a   Code   RO         2971    i.HAL_TIM_PWM_Init  stm32f4xx_hal_tim.o
    0x08002c3c   0x08002c3c   0x00000002   Code   RO         2973    i.HAL_TIM_PWM_MspInit  stm32f4xx_hal_tim.o
    0x08002c3e   0x08002c3e   0x00000002   Code   RO         2974    i.HAL_TIM_PWM_PulseFinishedCallback  stm32f4xx_hal_tim.o
    0x08002c40   0x08002c40   0x000000c8   Code   RO         2976    i.HAL_TIM_PWM_Start  stm32f4xx_hal_tim.o
    0x08002d08   0x08002d08   0x00000190   Code   RO          515    i.HAL_TIM_PeriodElapsedCallback  main.o
    0x08002e98   0x08002e98   0x00000002   Code   RO         2987    i.HAL_TIM_TriggerCallback  stm32f4xx_hal_tim.o
    0x08002e9a   0x08002e9a   0x00000062   Code   RO         3896    i.HAL_UART_Init     stm32f4xx_hal_uart.o
    0x08002efc   0x08002efc   0x000000a4   Code   RO          710    i.HAL_UART_MspInit  stm32f4xx_hal_msp.o
    0x08002fa0   0x08002fa0   0x000000b2   Code   RO         3904    i.HAL_UART_Transmit  stm32f4xx_hal_uart.o
    0x08003052   0x08003052   0x00000002   Code   RO          606    i.HardFault_Handler  stm32f4xx_it.o
    0x08003054   0x08003054   0x00000120   Code   RO          407    i.LPF_Init          userfun.o
    0x08003174   0x08003174   0x00000046   Code   RO          408    i.LPF_Run           userfun.o
    0x080031ba   0x080031ba   0x00000002   PAD
    0x080031bc   0x080031bc   0x00000098   Code   RO          313    i.MOTOR_Init        hsm.o
    0x08003254   0x08003254   0x0000007c   Code   RO          516    i.MX_ADC1_Init      main.o
    0x080032d0   0x080032d0   0x00000064   Code   RO          517    i.MX_ADC2_Init      main.o
    0x08003334   0x08003334   0x00000038   Code   RO          518    i.MX_CAN1_Init      main.o
    0x0800336c   0x0800336c   0x000000e0   Code   RO          519    i.MX_GPIO_Init      main.o
    0x0800344c   0x0800344c   0x000000f8   Code   RO          520    i.MX_TIM1_Init      main.o
    0x08003544   0x08003544   0x0000006c   Code   RO          521    i.MX_TIM2_Init      main.o
    0x080035b0   0x080035b0   0x00000064   Code   RO          522    i.MX_TIM3_Init      main.o
    0x08003614   0x08003614   0x00000064   Code   RO          523    i.MX_TIM5_Init      main.o
    0x08003678   0x08003678   0x00000002   Code   RO          607    i.MemManage_Handler  stm32f4xx_it.o
    0x0800367a   0x0800367a   0x00000002   PAD
    0x0800367c   0x0800367c   0x00000028   Code   RO          314    i.Motor_Disable     hsm.o
    0x080036a4   0x080036a4   0x00000024   Code   RO          315    i.Motor_Enable      hsm.o
    0x080036c8   0x080036c8   0x00000002   Code   RO          608    i.NMI_Handler       stm32f4xx_it.o
    0x080036ca   0x080036ca   0x00000002   PAD
    0x080036cc   0x080036cc   0x00000298   Code   RO          167    i.OPEN_LOOP_Fcn     controller.o
    0x08003964   0x08003964   0x00000084   Code   RO          168    i.PI_CURRENT_Init   controller.o
    0x080039e8   0x080039e8   0x00000080   Code   RO          170    i.PI_SPEED_Init     controller.o
    0x08003a68   0x08003a68   0x00000002   Code   RO          609    i.PendSV_Handler    stm32f4xx_it.o
    0x08003a6a   0x08003a6a   0x00000002   PAD
    0x08003a6c   0x08003a6c   0x0000007c   Code   RO          409    i.RAMP_Init         userfun.o
    0x08003ae8   0x08003ae8   0x00000068   Code   RO          410    i.RAMP_RUN          userfun.o
    0x08003b50   0x08003b50   0x0000016c   Code   RO          360    i.SAVE_DATA         uart.o
    0x08003cbc   0x08003cbc   0x000000bc   Code   RO          361    i.SEND_DATA         uart.o
    0x08003d78   0x08003d78   0x000004d8   Code   RO          171    i.SMC_Fcn           controller.o
    0x08004250   0x08004250   0x00000170   Code   RO          172    i.SMC_Init          controller.o
    0x080043c0   0x080043c0   0x00000114   Code   RO          316    i.STATE_MACHINE_HANDLE  hsm.o
    0x080044d4   0x080044d4   0x00000014   Code   RO          317    i.STATE_MACHINE_Init  hsm.o
    0x080044e8   0x080044e8   0x00000002   Code   RO          610    i.SVC_Handler       stm32f4xx_it.o
    0x080044ea   0x080044ea   0x00000002   PAD
    0x080044ec   0x080044ec   0x00000128   Code   RO          176    i.Speed_SMC_Loop    controller.o
    0x08004614   0x08004614   0x00000004   Code   RO          611    i.SysTick_Handler   stm32f4xx_it.o
    0x08004618   0x08004618   0x00000094   Code   RO          524    i.SystemClock_Config  main.o
    0x080046ac   0x080046ac   0x00000010   Code   RO         4225    i.SystemInit        system_stm32f4xx.o
    0x080046bc   0x080046bc   0x0000000c   Code   RO          612    i.TIM1_UP_TIM10_IRQHandler  stm32f4xx_it.o
    0x080046c8   0x080046c8   0x0000000c   Code   RO          613    i.TIM3_IRQHandler   stm32f4xx_it.o
    0x080046d4   0x080046d4   0x000000c8   Code   RO         2989    i.TIM_Base_SetConfig  stm32f4xx_hal_tim.o
    0x0800479c   0x0800479c   0x0000001a   Code   RO         2990    i.TIM_CCxChannelCmd  stm32f4xx_hal_tim.o
    0x080047b6   0x080047b6   0x00000014   Code   RO         3000    i.TIM_ETR_SetConfig  stm32f4xx_hal_tim.o
    0x080047ca   0x080047ca   0x00000010   Code   RO         3001    i.TIM_ITRx_SetConfig  stm32f4xx_hal_tim.o
    0x080047da   0x080047da   0x00000002   PAD
    0x080047dc   0x080047dc   0x00000060   Code   RO         3002    i.TIM_OC1_SetConfig  stm32f4xx_hal_tim.o
    0x0800483c   0x0800483c   0x0000006c   Code   RO         3003    i.TIM_OC2_SetConfig  stm32f4xx_hal_tim.o
    0x080048a8   0x080048a8   0x00000068   Code   RO         3004    i.TIM_OC3_SetConfig  stm32f4xx_hal_tim.o
    0x08004910   0x08004910   0x00000050   Code   RO         3005    i.TIM_OC4_SetConfig  stm32f4xx_hal_tim.o
    0x08004960   0x08004960   0x00000022   Code   RO         3007    i.TIM_TI1_ConfigInputStage  stm32f4xx_hal_tim.o
    0x08004982   0x08004982   0x00000024   Code   RO         3009    i.TIM_TI2_ConfigInputStage  stm32f4xx_hal_tim.o
    0x080049a6   0x080049a6   0x00000002   PAD
    0x080049a8   0x080049a8   0x00000050   Code   RO          362    i.UART_Init         uart.o
    0x080049f8   0x080049f8   0x0000010c   Code   RO         3922    i.UART_SetConfig    stm32f4xx_hal_uart.o
    0x08004b04   0x08004b04   0x00000078   Code   RO         3925    i.UART_WaitOnFlagUntilTimeout  stm32f4xx_hal_uart.o
    0x08004b7c   0x08004b7c   0x00000002   Code   RO          614    i.UsageFault_Handler  stm32f4xx_it.o
    0x08004b7e   0x08004b7e   0x00000020   Code   RO         1835    i.__NVIC_SetPriority  stm32f4xx_hal_cortex.o
    0x08004b9e   0x08004b9e   0x00000002   PAD
    0x08004ba0   0x08004ba0   0x00000030   Code   RO          411    i.cal_cos           userfun.o
    0x08004bd0   0x08004bd0   0x000000dc   Code   RO          412    i.cal_sin           userfun.o
    0x08004cac   0x08004cac   0x0000034c   Code   RO          525    i.main              main.o
    0x08004ff8   0x08004ff8   0x00000018   Code   RO         4299    x$fpl$basic         fz_wm.l(basic.o)
    0x08005010   0x08005010   0x00000062   Code   RO         4301    x$fpl$d2f           fz_wm.l(d2f.o)
    0x08005072   0x08005072   0x00000002   PAD
    0x08005074   0x08005074   0x00000150   Code   RO         4303    x$fpl$dadd          fz_wm.l(daddsub_clz.o)
    0x080051c4   0x080051c4   0x00000018   Code   RO         4437    x$fpl$dcmpinf       fz_wm.l(dcmpi.o)
    0x080051dc   0x080051dc   0x000002b0   Code   RO         4310    x$fpl$ddiv          fz_wm.l(ddiv.o)
    0x0800548c   0x0800548c   0x0000005e   Code   RO         4313    x$fpl$dfix          fz_wm.l(dfix.o)
    0x080054ea   0x080054ea   0x00000002   PAD
    0x080054ec   0x080054ec   0x0000005a   Code   RO         4317    x$fpl$dfixu         fz_wm.l(dfixu.o)
    0x08005546   0x08005546   0x0000002e   Code   RO         4322    x$fpl$dflt          fz_wm.l(dflt_clz.o)
    0x08005574   0x08005574   0x00000026   Code   RO         4321    x$fpl$dfltu         fz_wm.l(dflt_clz.o)
    0x0800559a   0x0800559a   0x00000002   PAD
    0x0800559c   0x0800559c   0x00000078   Code   RO         4361    x$fpl$dleqf         fz_wm.l(dleqf.o)
    0x08005614   0x08005614   0x00000154   Code   RO         4327    x$fpl$dmul          fz_wm.l(dmul.o)
    0x08005768   0x08005768   0x0000009c   Code   RO         4363    x$fpl$dnaninf       fz_wm.l(dnaninf.o)
    0x08005804   0x08005804   0x0000000c   Code   RO         4365    x$fpl$dretinf       fz_wm.l(dretinf.o)
    0x08005810   0x08005810   0x0000006c   Code   RO         4329    x$fpl$drleqf        fz_wm.l(drleqf.o)
    0x0800587c   0x0800587c   0x00000016   Code   RO         4304    x$fpl$drsb          fz_wm.l(daddsub_clz.o)
    0x08005892   0x08005892   0x00000002   PAD
    0x08005894   0x08005894   0x000001d4   Code   RO         4305    x$fpl$dsub          fz_wm.l(daddsub_clz.o)
    0x08005a68   0x08005a68   0x00000056   Code   RO         4331    x$fpl$f2d           fz_wm.l(f2d.o)
    0x08005abe   0x08005abe   0x0000008c   Code   RO         4367    x$fpl$fnaninf       fz_wm.l(fnaninf.o)
    0x08005b4a   0x08005b4a   0x0000000a   Code   RO         4530    x$fpl$fpinit        fz_wm.l(fpinit.o)
    0x08005b54   0x08005b54   0x0000000a   Code   RO         4369    x$fpl$fretinf       fz_wm.l(fretinf.o)
    0x08005b5e   0x08005b5e   0x00000000   Code   RO         4373    x$fpl$usenofp       fz_wm.l(usenofp.o)
    0x08005b5e   0x08005b5e   0x00000008   Data   RO         1552    .constdata          stm32f4xx_hal_dma.o
    0x08005b66   0x08005b66   0x00000010   Data   RO         4226    .constdata          system_stm32f4xx.o
    0x08005b76   0x08005b76   0x00000008   Data   RO         4227    .constdata          system_stm32f4xx.o
    0x08005b7e   0x08005b7e   0x00000002   PAD
    0x08005b80   0x08005b80   0x00000020   Data   RO         4586    Region$$Table       anon$$obj.o


    Execution Region RW_IRAM1 (Exec base: 0x20000000, Load base: 0x08005ba0, Size: 0x00005a80, Max: 0x0001c000, ABSOLUTE, COMPRESSED[0x000005ec])

    Exec Addr    Load Addr    Size         Type   Attr      Idx    E Section Name        Object

    0x20000000   COMPRESSED   0x00000b48   Data   RW          418    .data               userfun.o
    0x20000b48   COMPRESSED   0x00000008   Data   RW          530    .data               main.o
    0x20000b50   COMPRESSED   0x0000000c   Data   RW         1979    .data               stm32f4xx_hal.o
    0x20000b5c   COMPRESSED   0x00000004   Data   RW         4228    .data               system_stm32f4xx.o
    0x20000b60        -       0x0000001e   Zero   RW          363    .bss                uart.o
    0x20000b7e   COMPRESSED   0x00000002   PAD
    0x20000b80        -       0x00004840   Zero   RW          526    .bss                main.o
    0x200053c0        -       0x00000060   Zero   RW          527    .bss                main.o
    0x20005420        -       0x00000060   Zero   RW         4442    .bss                c_w.l(libspace.o)
    0x20005480        -       0x00000200   Zero   RW            2    HEAP                startup_stm32f405xx.o
    0x20005680        -       0x00000400   Zero   RW            1    STACK               startup_stm32f405xx.o


    Execution Region RW_IRAM2 (Exec base: 0x2001c000, Load base: 0x0800618c, Size: 0x00000000, Max: 0x00004000, ABSOLUTE)

    **** No section assigned to this execution region ****


==============================================================================

Image component sizes


      Code (inc. data)   RO Data    RW Data    ZI Data      Debug   Object Name

       488         66          0          0          0     682156   analog.o
      3334        292          0          0          0       7631   controller.o
       440         64          0          0          0       2753   encoder.o
       524        106          0          0          0       3597   hsm.o
      2456        252          0          8      18592      10447   main.o
        64         26        392          0       1536        864   startup_stm32f405xx.o
       144         24          0         12          0       8921   stm32f4xx_hal.o
      1452         90          0          0          0       8573   stm32f4xx_hal_adc.o
       282          0          0          0          0       1383   stm32f4xx_hal_can.o
       198         14          0          0          0      34071   stm32f4xx_hal_cortex.o
       902         16          8          0          0       5955   stm32f4xx_hal_dma.o
       506         46          0          0          0       2252   stm32f4xx_hal_gpio.o
       392         16          0          0          0       3159   stm32f4xx_hal_i2c.o
      1084        128          0          0          0       6678   stm32f4xx_hal_msp.o
      1344         72          0          0          0       5360   stm32f4xx_hal_rcc.o
      2494        166          0          0          0      20753   stm32f4xx_hal_tim.o
       232         28          0          0          0       3377   stm32f4xx_hal_tim_ex.o
       664         10          0          0          0       4304   stm32f4xx_hal_uart.o
        56         18          0          0          0       5849   stm32f4xx_it.o
        16          4         24          4          0       1187   system_stm32f4xx.o
       632         80          0          0         30       2836   uart.o
      1156        122          0       2888          0       7522   userfun.o

    ----------------------------------------------------------------------
     18898       1640        458       2912      20160     829628   Object Totals
         0          0         32          0          0          0   (incl. Generated)
        38          0          2          0          2          0   (incl. Padding)

    ----------------------------------------------------------------------

      Code (inc. data)   RO Data    RW Data    ZI Data      Debug   Library Member Name

       100          0          0          0          0          0   __dclz77c.o
         8          0          0          0          0         68   __main.o
       104          0          0          0          0         84   __printf.o
         0          0          0          0          0          0   __rtentry.o
        12          0          0          0          0          0   __rtentry2.o
         6          0          0          0          0          0   __rtentry4.o
        52          8          0          0          0          0   __scatter.o
        28          0          0          0          0          0   __scatter_zi.o
        48          6          0          0          0         96   _printf_char_common.o
         6          0          0          0          0          0   _printf_d.o
       120         16          0          0          0         92   _printf_dec.o
       178          0          0          0          0         88   _printf_intcommon.o
         0          0          0          0          0          0   _printf_percent.o
         4          0          0          0          0          0   _printf_percent_end.o
        10          0          0          0          0         68   _sputc.o
        18          0          0          0          0         80   exit.o
         6          0          0          0          0        152   heapauxi.o
         0          0          0          0          0          0   indicate_semi.o
         2          0          0          0          0          0   libinit.o
         6          0          0          0          0          0   libinit2.o
         2          0          0          0          0          0   libshutdown.o
         2          0          0          0          0          0   libshutdown2.o
         8          4          0          0         96         68   libspace.o
       238          0          0          0          0        100   lludivv7m.o
        40          6          0          0          0         84   noretval__2sprintf.o
        78          0          0          0          0         80   rt_memclr_w.o
         2          0          0          0          0          0   rtexit.o
        10          0          0          0          0          0   rtexit2.o
        12          4          0          0          0         68   sys_exit.o
        74          0          0          0          0         80   sys_stackheap_outer.o
         2          0          0          0          0         68   use_no_semi.o
        24          0          0          0          0        164   basic.o
        98          4          0          0          0        140   d2f.o
       826         16          0          0          0        492   daddsub_clz.o
        24          0          0          0          0        116   dcmpi.o
       688        140          0          0          0        256   ddiv.o
        94          4          0          0          0        140   dfix.o
        90          4          0          0          0        140   dfixu.o
        84          0          0          0          0        232   dflt_clz.o
       120          4          0          0          0        140   dleqf.o
       340         12          0          0          0        152   dmul.o
       156          4          0          0          0        140   dnaninf.o
        12          0          0          0          0        116   dretinf.o
       108          0          0          0          0        128   drleqf.o
        86          4          0          0          0        132   f2d.o
       140          4          0          0          0        132   fnaninf.o
        10          0          0          0          0        116   fpinit.o
        10          0          0          0          0        116   fretinf.o
         0          0          0          0          0          0   usenofp.o

    ----------------------------------------------------------------------
      4100        240          0          0         96       4128   Library Totals
        14          0          0          0          0          0   (incl. Padding)

    ----------------------------------------------------------------------

      Code (inc. data)   RO Data    RW Data    ZI Data      Debug   Library Name

      1176         44          0          0         96       1276   c_w.l
      2910        196          0          0          0       2852   fz_wm.l

    ----------------------------------------------------------------------
      4100        240          0          0         96       4128   Library Totals

    ----------------------------------------------------------------------

==============================================================================


      Code (inc. data)   RO Data    RW Data    ZI Data      Debug   

     22998       1880        458       2912      20256     819184   Grand Totals
     22998       1880        458       1516      20256     819184   ELF Image Totals (compressed)
     22998       1880        458       1516          0          0   ROM Totals

==============================================================================

    Total RO  Size (Code + RO Data)                23456 (  22.91kB)
    Total RW  Size (RW Data + ZI Data)             23168 (  22.63kB)
    Total ROM Size (Code + RO Data + RW Data)      24972 (  24.39kB)

==============================================================================

