Component: ARM Compiler 5.06 update 6 (build 750) Tool: armlink [4d35ed]

==============================================================================

Section Cross References

    startup_stm32f405xx.o(STACK) refers (Special) to heapauxi.o(.text) for __use_two_region_memory
    startup_stm32f405xx.o(HEAP) refers (Special) to heapauxi.o(.text) for __use_two_region_memory
    startup_stm32f405xx.o(RESET) refers (Special) to heapauxi.o(.text) for __use_two_region_memory
    startup_stm32f405xx.o(RESET) refers to startup_stm32f405xx.o(STACK) for __initial_sp
    startup_stm32f405xx.o(RESET) refers to startup_stm32f405xx.o(.text) for Reset_Handler
    startup_stm32f405xx.o(RESET) refers to stm32f4xx_it.o(i.NMI_Handler) for NMI_Handler
    startup_stm32f405xx.o(RESET) refers to stm32f4xx_it.o(i.HardFault_Handler) for HardFault_Handler
    startup_stm32f405xx.o(RESET) refers to stm32f4xx_it.o(i.MemManage_Handler) for MemManage_Handler
    startup_stm32f405xx.o(RESET) refers to stm32f4xx_it.o(i.BusFault_Handler) for BusFault_Handler
    startup_stm32f405xx.o(RESET) refers to stm32f4xx_it.o(i.UsageFault_Handler) for UsageFault_Handler
    startup_stm32f405xx.o(RESET) refers to stm32f4xx_it.o(i.SVC_Handler) for SVC_Handler
    startup_stm32f405xx.o(RESET) refers to stm32f4xx_it.o(i.DebugMon_Handler) for DebugMon_Handler
    startup_stm32f405xx.o(RESET) refers to stm32f4xx_it.o(i.PendSV_Handler) for PendSV_Handler
    startup_stm32f405xx.o(RESET) refers to stm32f4xx_it.o(i.SysTick_Handler) for SysTick_Handler
    startup_stm32f405xx.o(RESET) refers to stm32f4xx_it.o(i.TIM1_UP_TIM10_IRQHandler) for TIM1_UP_TIM10_IRQHandler
    startup_stm32f405xx.o(RESET) refers to stm32f4xx_it.o(i.DMA2_Stream0_IRQHandler) for DMA2_Stream0_IRQHandler
    startup_stm32f405xx.o(.text) refers (Special) to heapauxi.o(.text) for __use_two_region_memory
    startup_stm32f405xx.o(.text) refers to system_stm32f4xx.o(i.SystemInit) for SystemInit
    startup_stm32f405xx.o(.text) refers to __main.o(!!!main) for __main
    startup_stm32f405xx.o(.text) refers to startup_stm32f405xx.o(HEAP) for Heap_Mem
    startup_stm32f405xx.o(.text) refers to startup_stm32f405xx.o(STACK) for Stack_Mem
    hsm.o(i.MOTOR_Init) refers to d2f.o(x$fpl$d2f) for __aeabi_d2f
    hsm.o(i.Motor_Disable) refers to stm32f4xx_hal_gpio.o(i.HAL_GPIO_WritePin) for HAL_GPIO_WritePin
    hsm.o(i.Motor_Enable) refers to stm32f4xx_hal_gpio.o(i.HAL_GPIO_WritePin) for HAL_GPIO_WritePin
    hsm.o(i.STATE_MACHINE_HANDLE) refers to hsm.o(i.Motor_Disable) for Motor_Disable
    hsm.o(i.STATE_MACHINE_HANDLE) refers to hsm.o(i.Motor_Enable) for Motor_Enable
    hsm.o(i.STATE_MACHINE_HANDLE) refers to controller.o(i.OPEN_LOOP) for OPEN_LOOP
    hsm.o(i.STATE_MACHINE_HANDLE) refers to controller.o(i.CURRENT_CLOSELOOP) for CURRENT_CLOSELOOP
    hsm.o(i.STATE_MACHINE_HANDLE) refers to main.o(.bss) for mState_var
    hsm.o(i.STATE_MACHINE_Init) refers to main.o(.bss) for mState_var
    analog.o(i.ADC_Init) refers to stm32f4xx_hal_adc.o(i.HAL_ADC_Start_DMA) for HAL_ADC_Start_DMA
    analog.o(i.ADC_Init) refers to dflt_clz.o(x$fpl$dfltu) for __aeabi_ui2d
    analog.o(i.ADC_Init) refers to dmul.o(x$fpl$dmul) for __aeabi_dmul
    analog.o(i.ADC_Init) refers to f2d.o(x$fpl$f2d) for __aeabi_f2d
    analog.o(i.ADC_Init) refers to daddsub_clz.o(x$fpl$dadd) for __aeabi_dadd
    analog.o(i.ADC_Init) refers to d2f.o(x$fpl$d2f) for __aeabi_d2f
    analog.o(i.ADC_Init) refers to stm32f4xx_hal_adc.o(i.HAL_ADC_Stop_DMA) for HAL_ADC_Stop_DMA
    analog.o(i.ADC_Init) refers to main.o(.bss) for hadc1
    analog.o(i.CAL_CURRENT) refers to stm32f4xx_hal_adc.o(i.HAL_ADC_Start_DMA) for HAL_ADC_Start_DMA
    analog.o(i.CAL_CURRENT) refers to dflt_clz.o(x$fpl$dfltu) for __aeabi_ui2d
    analog.o(i.CAL_CURRENT) refers to dmul.o(x$fpl$dmul) for __aeabi_dmul
    analog.o(i.CAL_CURRENT) refers to d2f.o(x$fpl$d2f) for __aeabi_d2f
    analog.o(i.CAL_CURRENT) refers to userfun.o(i.LPF_Run) for LPF_Run
    analog.o(i.CAL_CURRENT) refers to main.o(.bss) for hadc1
    controller.o(i.CONTROLLER_Init) refers to main.o(.bss) for htim1
    controller.o(i.CURRENT_CLOSELOOP) refers to encoder.o(i.CAL_THETA) for CAL_THETA
    controller.o(i.CURRENT_CLOSELOOP) refers to f2d.o(x$fpl$f2d) for __aeabi_f2d
    controller.o(i.CURRENT_CLOSELOOP) refers to sin.o(i.__hardfp_sin) for __hardfp_sin
    controller.o(i.CURRENT_CLOSELOOP) refers to dmul.o(x$fpl$dmul) for __aeabi_dmul
    controller.o(i.CURRENT_CLOSELOOP) refers to cos.o(i.__hardfp_cos) for __hardfp_cos
    controller.o(i.CURRENT_CLOSELOOP) refers to daddsub_clz.o(x$fpl$dadd) for __aeabi_dadd
    controller.o(i.CURRENT_CLOSELOOP) refers to d2f.o(x$fpl$d2f) for __aeabi_d2f
    controller.o(i.CURRENT_CLOSELOOP) refers to controller.o(i.PI_Run) for PI_Run
    controller.o(i.CURRENT_CLOSELOOP) refers to daddsub_clz.o(x$fpl$dsub) for __aeabi_dsub
    controller.o(i.CURRENT_CLOSELOOP) refers to main.o(.bss) for mState_var
[...]
    i.HAL_TIM_TriggerCallback                0x08002ef4   Section        0  stm32f4xx_hal_tim.o(i.HAL_TIM_TriggerCallback)
    i.HAL_UART_Init                          0x08002ef6   Section        0  stm32f4xx_hal_uart.o(i.HAL_UART_Init)
    i.HAL_UART_MspInit                       0x08002f58   Section        0  stm32f4xx_hal_msp.o(i.HAL_UART_MspInit)
    i.HAL_UART_Transmit                      0x08002fc4   Section        0  stm32f4xx_hal_uart.o(i.HAL_UART_Transmit)
    i.HardFault_Handler                      0x08003076   Section        0  stm32f4xx_it.o(i.HardFault_Handler)
    i.IP_Run                                 0x08003078   Section        0  controller.o(i.IP_Run)
    i.LPF_Init                               0x080030f4   Section        0  userfun.o(i.LPF_Init)
    i.LPF_Run                                0x08003214   Section        0  userfun.o(i.LPF_Run)
    i.MOTOR_Init                             0x0800325c   Section        0  hsm.o(i.MOTOR_Init)
    i.MX_ADC1_Init                           0x080032f4   Section        0  main.o(i.MX_ADC1_Init)
    MX_ADC1_Init                             0x080032f5   Thumb Code   110  main.o(i.MX_ADC1_Init)
    i.MX_ADC2_Init                           0x08003370   Section        0  main.o(i.MX_ADC2_Init)
    MX_ADC2_Init                             0x08003371   Thumb Code    88  main.o(i.MX_ADC2_Init)
    i.MX_CAN1_Init                           0x080033d4   Section        0  main.o(i.MX_CAN1_Init)
    MX_CAN1_Init                             0x080033d5   Thumb Code    48  main.o(i.MX_CAN1_Init)
    i.MX_GPIO_Init                           0x0800340c   Section        0  main.o(i.MX_GPIO_Init)
    MX_GPIO_Init                             0x0800340d   Thumb Code   210  main.o(i.MX_GPIO_Init)
    i.MX_TIM1_Init                           0x080034ec   Section        0  main.o(i.MX_TIM1_Init)
    MX_TIM1_Init                             0x080034ed   Thumb Code   214  main.o(i.MX_TIM1_Init)
    i.MX_TIM2_Init                           0x080035cc   Section        0  main.o(i.MX_TIM2_Init)
    MX_TIM2_Init                             0x080035cd   Thumb Code   102  main.o(i.MX_TIM2_Init)
    i.MX_TIM3_Init                           0x08003638   Section        0  main.o(i.MX_TIM3_Init)
    MX_TIM3_Init                             0x08003639   Thumb Code    94  main.o(i.MX_TIM3_Init)
    i.MX_TIM5_Init                           0x080036a0   Section        0  main.o(i.MX_TIM5_Init)
    MX_TIM5_Init                             0x080036a1   Thumb Code    92  main.o(i.MX_TIM5_Init)
    i.MemManage_Handler                      0x08003704   Section        0  stm32f4xx_it.o(i.MemManage_Handler)
    i.Motor_Disable                          0x08003708   Section        0  hsm.o(i.Motor_Disable)
    i.Motor_Enable                           0x08003730   Section        0  hsm.o(i.Motor_Enable)
    i.NMI_Handler                            0x08003754   Section        0  stm32f4xx_it.o(i.NMI_Handler)
    i.OPEN_LOOP                              0x08003758   Section        0  controller.o(i.OPEN_LOOP)
    i.PI_CURRENT_Init                        0x080039b4   Section        0  controller.o(i.PI_CURRENT_Init)
    i.PI_Run                                 0x08003a68   Section        0  controller.o(i.PI_Run)
    i.PI_SPEED_Init                          0x08003ba4   Section        0  controller.o(i.PI_SPEED_Init)
    i.PendSV_Handler                         0x08003c24   Section        0  stm32f4xx_it.o(i.PendSV_Handler)
    i.RAMP_Init                              0x08003c28   Section        0  userfun.o(i.RAMP_Init)
    i.RAMP_RUN                               0x08003c9c   Section        0  userfun.o(i.RAMP_RUN)
    i.SAVE_DATA                              0x08003d04   Section        0  uart.o(i.SAVE_DATA)
    i.SEND_DATA                              0x08003ebc   Section        0  uart.o(i.SEND_DATA)
    i.SPEED_LOOP                             0x08003f78   Section        0  controller.o(i.SPEED_LOOP)
    i.STATE_MACHINE_HANDLE                   0x08003fe4   Section        0  hsm.o(i.STATE_MACHINE_HANDLE)
    i.STATE_MACHINE_Init                     0x080040e8   Section        0  hsm.o(i.STATE_MACHINE_Init)
    i.SVC_Handler                            0x080040fc   Section        0  stm32f4xx_it.o(i.SVC_Handler)
    i.SVPWM_Init                             0x08004100   Section        0  controller.o(i.SVPWM_Init)
    i.SysTick_Handler                        0x08004160   Section        0  stm32f4xx_it.o(i.SysTick_Handler)
    i.SystemClock_Config                     0x08004164   Section        0  main.o(i.SystemClock_Config)
    i.SystemInit                             0x080041f8   Section        0  system_stm32f4xx.o(i.SystemInit)
    i.TIM1_UP_TIM10_IRQHandler               0x08004208   Section        0  stm32f4xx_it.o(i.TIM1_UP_TIM10_IRQHandler)
    i.TIM_Base_SetConfig                     0x08004214   Section        0  stm32f4xx_hal_tim.o(i.TIM_Base_SetConfig)
    i.TIM_CCxChannelCmd                      0x080042dc   Section        0  stm32f4xx_hal_tim.o(i.TIM_CCxChannelCmd)
    i.TIM_CCxNChannelCmd                     0x080042f6   Section        0  stm32f4xx_hal_tim_ex.o(i.TIM_CCxNChannelCmd)
    TIM_CCxNChannelCmd                       0x080042f7   Thumb Code    26  stm32f4xx_hal_tim_ex.o(i.TIM_CCxNChannelCmd)
    i.TIM_ETR_SetConfig                      0x08004310   Section        0  stm32f4xx_hal_tim.o(i.TIM_ETR_SetConfig)
    i.TIM_ITRx_SetConfig                     0x08004324   Section        0  stm32f4xx_hal_tim.o(i.TIM_ITRx_SetConfig)
    TIM_ITRx_SetConfig                       0x08004325   Thumb Code    16  stm32f4xx_hal_tim.o(i.TIM_ITRx_SetConfig)
    i.TIM_OC1_SetConfig                      0x08004334   Section        0  stm32f4xx_hal_tim.o(i.TIM_OC1_SetConfig)
    TIM_OC1_SetConfig                        0x08004335   Thumb Code    88  stm32f4xx_hal_tim.o(i.TIM_OC1_SetConfig)
    i.TIM_OC2_SetConfig                      0x08004394   Section        0  stm32f4xx_hal_tim.o(i.TIM_OC2_SetConfig)
    i.TIM_OC3_SetConfig                      0x08004400   Section        0  stm32f4xx_hal_tim.o(i.TIM_OC3_SetConfig)
    TIM_OC3_SetConfig                        0x08004401   Thumb Code    96  stm32f4xx_hal_tim.o(i.TIM_OC3_SetConfig)
    i.TIM_OC4_SetConfig                      0x08004468   Section        0  stm32f4xx_hal_tim.o(i.TIM_OC4_SetConfig)
    TIM_OC4_SetConfig                        0x08004469   Thumb Code    70  stm32f4xx_hal_tim.o(i.TIM_OC4_SetConfig)
    i.TIM_TI1_ConfigInputStage               0x080044b8   Section        0  stm32f4xx_hal_tim.o(i.TIM_TI1_ConfigInputStage)
    TIM_TI1_ConfigInputStage                 0x080044b9   Thumb Code    34  stm32f4xx_hal_tim.o(i.TIM_TI1_ConfigInputStage)
    i.TIM_TI2_ConfigInputStage               0x080044da   Section        0  stm32f4xx_hal_tim.o(i.TIM_TI2_ConfigInputStage)
    TIM_TI2_ConfigInputStage                 0x080044db   Thumb Code    36  stm32f4xx_hal_tim.o(i.TIM_TI2_ConfigInputStage)
    i.UART_Init                              0x08004500   Section        0  uart.o(i.UART_Init)
    i.UART_SetConfig                         0x08004550   Section        0  stm32f4xx_hal_uart.o(i.UART_SetConfig)
    UART_SetConfig                           0x08004551   Thumb Code   258  stm32f4xx_hal_uart.o(i.UART_SetConfig)
    i.UART_WaitOnFlagUntilTimeout            0x0800465c   Section        0  stm32f4xx_hal_uart.o(i.UART_WaitOnFlagUntilTimeout)
    UART_WaitOnFlagUntilTimeout              0x0800465d   Thumb Code   120  stm32f4xx_hal_uart.o(i.UART_WaitOnFlagUntilTimeout)
    i.UsageFault_Handler                     0x080046d4   Section        0  stm32f4xx_it.o(i.UsageFault_Handler)
    i.__ARM_fpclassify                       0x080046d6   Section        0  fpclassify.o(i.__ARM_fpclassify)
    i.__NVIC_SetPriority                     0x08004706   Section        0  stm32f4xx_hal_cortex.o(i.__NVIC_SetPriority)
    __NVIC_SetPriority                       0x08004707   Thumb Code    32  stm32f4xx_hal_cortex.o(i.__NVIC_SetPriority)
    i.__hardfp_cos                           0x08004728   Section        0  cos.o(i.__hardfp_cos)
    i.__hardfp_sin                           0x080047f0   Section        0  sin.o(i.__hardfp_sin)
    i.__ieee754_rem_pio2                     0x080048b8   Section        0  rred.o(i.__ieee754_rem_pio2)
    i.__kernel_cos                           0x08004cf0   Section        0  cos_i.o(i.__kernel_cos)
    i.__kernel_poly                          0x08004e60   Section        0  poly.o(i.__kernel_poly)
    i.__kernel_sin                           0x08004f58   Section        0  sin_i.o(i.__kernel_sin)
    i.__mathlib_dbl_infnan                   0x08005088   Section        0  dunder.o(i.__mathlib_dbl_infnan)
    i.__mathlib_dbl_invalid                  0x080050a0   Section        0  dunder.o(i.__mathlib_dbl_invalid)
    i.__mathlib_dbl_underflow                0x080050c0   Section        0  dunder.o(i.__mathlib_dbl_underflow)
    i.fabs                                   0x080050e0   Section        0  fabs.o(i.fabs)
    i.main                                   0x080050f8   Section        0  main.o(i.main)
    x$fpl$basic                              0x08005364   Section       24  basic.o(x$fpl$basic)
    $v0                                      0x08005364   Number         0  basic.o(x$fpl$basic)
    x$fpl$d2f                                0x0800537c   Section       98  d2f.o(x$fpl$d2f)
    $v0                                      0x0800537c   Number         0  d2f.o(x$fpl$d2f)
    x$fpl$dadd                               0x080053e0   Section      336  daddsub_clz.o(x$fpl$dadd)
    $v0                                      0x080053e0   Number         0  daddsub_clz.o(x$fpl$dadd)
    _dadd1                                   0x080053f1   Thumb Code     0  daddsub_clz.o(x$fpl$dadd)
    x$fpl$dcmpinf                            0x08005530   Section       24  dcmpi.o(x$fpl$dcmpinf)
    $v0                                      0x08005530   Number         0  dcmpi.o(x$fpl$dcmpinf)
    x$fpl$ddiv                               0x08005548   Section      688  ddiv.o(x$fpl$ddiv)
    $v0                                      0x08005548   Number         0  ddiv.o(x$fpl$ddiv)
    ddiv_entry                               0x0800554f   Thumb Code     0  ddiv.o(x$fpl$ddiv)
    x$fpl$dfix                               0x080057f8   Section       94  dfix.o(x$fpl$dfix)
    $v0                                      0x080057f8   Number         0  dfix.o(x$fpl$dfix)
    x$fpl$dfixu                              0x08005858   Section       90  dfixu.o(x$fpl$dfixu)
    $v0                                      0x08005858   Number         0  dfixu.o(x$fpl$dfixu)
    x$fpl$dflt                               0x080058b2   Section       46  dflt_clz.o(x$fpl$dflt)
    $v0                                      0x080058b2   Number         0  dflt_clz.o(x$fpl$dflt)
    x$fpl$dfltu                              0x080058e0   Section       38  dflt_clz.o(x$fpl$dfltu)
    $v0                                      0x080058e0   Number         0  dflt_clz.o(x$fpl$dfltu)
    x$fpl$dleqf                              0x08005908   Section      120  dleqf.o(x$fpl$dleqf)
    $v0                                      0x08005908   Number         0  dleqf.o(x$fpl$dleqf)
    x$fpl$dmul                               0x08005980   Section      340  dmul.o(x$fpl$dmul)
    $v0                                      0x08005980   Number         0  dmul.o(x$fpl$dmul)
    x$fpl$dnaninf                            0x08005ad4   Section      156  dnaninf.o(x$fpl$dnaninf)
    $v0                                      0x08005ad4   Number         0  dnaninf.o(x$fpl$dnaninf)
    x$fpl$dretinf                            0x08005b70   Section       12  dretinf.o(x$fpl$dretinf)
    $v0                                      0x08005b70   Number         0  dretinf.o(x$fpl$dretinf)
    x$fpl$drleqf                             0x08005b7c   Section      108  drleqf.o(x$fpl$drleqf)
    $v0                                      0x08005b7c   Number         0  drleqf.o(x$fpl$drleqf)
    x$fpl$drsb                               0x08005be8   Section       22  daddsub_clz.o(x$fpl$drsb)
    $v0                                      0x08005be8   Number         0  daddsub_clz.o(x$fpl$drsb)
    x$fpl$dsub                               0x08005c00   Section      468  daddsub_clz.o(x$fpl$dsub)
    $v0                                      0x08005c00   Number         0  daddsub_clz.o(x$fpl$dsub)
    _dsub1                                   0x08005c11   Thumb Code     0  daddsub_clz.o(x$fpl$dsub)
    x$fpl$f2d                                0x08005dd4   Section       86  f2d.o(x$fpl$f2d)
    $v0                                      0x08005dd4   Number         0  f2d.o(x$fpl$f2d)
    x$fpl$fnaninf                            0x08005e2a   Section      140  fnaninf.o(x$fpl$fnaninf)
    $v0                                      0x08005e2a   Number         0  fnaninf.o(x$fpl$fnaninf)
    x$fpl$fpinit                             0x08005eb6   Section       10  fpinit.o(x$fpl$fpinit)
    $v0                                      0x08005eb6   Number         0  fpinit.o(x$fpl$fpinit)
    x$fpl$fretinf                            0x08005ec0   Section       10  fretinf.o(x$fpl$fretinf)
    $v0                                      0x08005ec0   Number         0  fretinf.o(x$fpl$fretinf)
    .constdata                               0x08005eca   Section        8  stm32f4xx_hal_dma.o(.constdata)
    x$fpl$usenofp                            0x08005eca   Section        0  usenofp.o(x$fpl$usenofp)
    flagBitshiftOffset                       0x08005eca   Data           8  stm32f4xx_hal_dma.o(.constdata)
    .constdata                               0x08005ed2   Section       16  system_stm32f4xx.o(.constdata)
    .constdata                               0x08005ee2   Section        8  system_stm32f4xx.o(.constdata)
    .constdata                               0x08005ef0   Section       48  cos_i.o(.constdata)
    C                                        0x08005ef0   Data          48  cos_i.o(.constdata)
    .constdata                               0x08005f20   Section      200  rred.o(.constdata)
    pio2s                                    0x08005f20   Data          48  rred.o(.constdata)
    twooverpi                                0x08005f50   Data         152  rred.o(.constdata)
    .constdata                               0x08005fe8   Section       40  sin_i.o(.constdata)
    S                                        0x08005fe8   Data          40  sin_i.o(.constdata)
    .data                                    0x20000000   Section       12  stm32f4xx_hal.o(.data)
    .data                                    0x2000000c   Section        4  system_stm32f4xx.o(.data)
    .bss                                     0x20000010   Section       30  uart.o(.bss)
    .bss                                     0x20000030   Section    17900  main.o(.bss)
    .bss                                     0x2000461c   Section       96  main.o(.bss)
    .bss                                     0x2000467c   Section       96  libspace.o(.bss)
    HEAP                                     0x200046e0   Section      512  startup_stm32f405xx.o(HEAP)
    Heap_Mem                                 0x200046e0   Data         512  startup_stm32f405xx.o(HEAP)
    STACK                                    0x200048e0   Section     1024  startup_stm32f405xx.o(STACK)
    Stack_Mem                                0x200048e0   Data        1024  startup_stm32f405xx.o(STACK)
    __initial_sp                             0x20004ce0   Data           0  startup_stm32f405xx.o(STACK)

    Global Symbols

    Symbol Name                              Value     Ov Type        Size  Object(Section)

    BuildAttributes$$THM_ISAv4$E$P$D$K$B$S$7EM$VFPi3$EXTD16$VFPS$VFMA$PE$A:L22UL41UL21$X:L11$S22US41US21$IEEE1$IW$USESV6$~STKCKD$USESV7$~SHL$OTIME$ROPI$IEEEX$EBA8$UX$STANDARDLIB$REQ8$PRES8$EABIv2 0x00000000   Number         0  anon$$obj.o ABSOLUTE
    __ARM_use_no_argv                        0x00000000   Number         0  main.o ABSOLUTE
    __ARM_exceptions_init                     - Undefined Weak Reference
    __alloca_initialize                       - Undefined Weak Reference
    __arm_preinit_                            - Undefined Weak Reference
    __cpp_initialize__aeabi_                  - Undefined Weak Reference
    __cxa_finalize                            - Undefined Weak Reference
    __rt_locale                               - Undefined Weak Reference
    __sigvec_lookup                           - Undefined Weak Reference
    _atexit_init                              - Undefined Weak Reference
    _call_atexit_fns                          - Undefined Weak Reference
    _clock_init                               - Undefined Weak Reference
    _fp_trap_init                             - Undefined Weak Reference
    _fp_trap_shutdown                         - Undefined Weak Reference
    _get_lc_collate                           - Undefined Weak Reference
    _get_lc_ctype                             - Undefined Weak Reference
    _get_lc_monetary                          - Undefined Weak Reference
    _get_lc_numeric                           - Undefined Weak Reference
    _get_lc_time                              - Undefined Weak Reference
    _getenv_init                              - Undefined Weak Reference
    _handle_redirection                       - Undefined Weak Reference
    _init_alloc                               - Undefined Weak Reference
    _init_user_alloc                          - Undefined Weak Reference
    _initio                                   - Undefined Weak Reference
    _printf_post_padding                      - Undefined Weak Reference
    _printf_pre_padding                       - Undefined Weak Reference
    _printf_truncate_signed                   - Undefined Weak Reference
    _printf_truncate_unsigned                 - Undefined Weak Reference
    _rand_init                                - Undefined Weak Reference
    _signal_finish                            - Undefined Weak Reference
    _signal_init                              - Undefined Weak Reference
    _terminate_alloc                          - Undefined Weak Reference
    _terminate_user_alloc                     - Undefined Weak Reference
    _terminateio                              - Undefined Weak Reference
    __Vectors_Size                           0x00000188   Number         0  startup_stm32f405xx.o ABSOLUTE
    __Vectors                                0x08000000   Data           4  startup_stm32f405xx.o(RESET)
    __Vectors_End                            0x08000188   Data           0  startup_stm32f405xx.o(RESET)
    __main                                   0x08000189   Thumb Code     8  __main.o(!!!main)
    __scatterload                            0x08000191   Thumb Code     0  __scatter.o(!!!scatter)
    __scatterload_rt2                        0x08000191   Thumb Code    44  __scatter.o(!!!scatter)
    __scatterload_rt2_thumb_only             0x08000191   Thumb Code     0  __scatter.o(!!!scatter)
    __scatterload_null                       0x0800019f   Thumb Code     0  __scatter.o(!!!scatter)
    __scatterload_copy                       0x080001c5   Thumb Code    26  __scatter_copy.o(!!handler_copy)
    __scatterload_zeroinit                   0x080001e1   Thumb Code    28  __scatter_zi.o(!!handler_zi)
    _printf_d                                0x080001fd   Thumb Code     0  _printf_d.o(.ARM.Collect$$_printf_percent$$00000009)
    _printf_percent                          0x080001fd   Thumb Code     0  _printf_percent.o(.ARM.Collect$$_printf_percent$$00000000)
    _printf_percent_end                      0x08000203   Thumb Code     0  _printf_percent_end.o(.ARM.Collect$$_printf_percent$$00000017)
    __rt_lib_init                            0x08000207   Thumb Code     0  libinit.o(.ARM.Collect$$libinit$$00000000)
    __rt_lib_init_fp_1                       0x08000209   Thumb Code     0  libinit2.o(.ARM.Collect$$libinit$$00000001)
    __rt_lib_init_alloca_1                   0x0800020d   Thumb Code     0  libinit2.o(.ARM.Collect$$libinit$$0000002E)
    __rt_lib_init_argv_1                     0x0800020d   Thumb Code     0  libinit2.o(.ARM.Collect$$libinit$$0000002C)
    __rt_lib_init_atexit_1                   0x0800020d   Thumb Code     0  libinit2.o(.ARM.Collect$$libinit$$0000001B)
    __rt_lib_init_clock_1                    0x0800020d   Thumb Code     0  libinit2.o(.ARM.Collect$$libinit$$00000021)
    __rt_lib_init_cpp_1                      0x0800020d   Thumb Code     0  libinit2.o(.ARM.Collect$$libinit$$00000032)
    __rt_lib_init_exceptions_1               0x0800020d   Thumb Code     0  libinit2.o(.ARM.Collect$$libinit$$00000030)
    __rt_lib_init_fp_trap_1                  0x0800020d   Thumb Code     0  libinit2.o(.ARM.Collect$$libinit$$0000001F)
    __rt_lib_init_getenv_1                   0x0800020d   Thumb Code     0  libinit2.o(.ARM.Collect$$libinit$$00000023)
    __rt_lib_init_heap_1                     0x0800020d   Thumb Code     0  libinit2.o(.ARM.Collect$$libinit$$0000000A)
    __rt_lib_init_lc_collate_1               0x0800020d   Thumb Code     0  libinit2.o(.ARM.Collect$$libinit$$00000011)
    __rt_lib_init_lc_ctype_1                 0x0800020d   Thumb Code     0  libinit2.o(.ARM.Collect$$libinit$$00000013)
    __rt_lib_init_lc_monetary_1              0x0800020d   Thumb Code     0  libinit2.o(.ARM.Collect$$libinit$$00000015)
    __rt_lib_init_lc_numeric_1               0x0800020d   Thumb Code     0  libinit2.o(.ARM.Collect$$libinit$$00000017)
    __rt_lib_init_lc_time_1                  0x0800020d   Thumb Code     0  libinit2.o(.ARM.Collect$$libinit$$00000019)
    __rt_lib_init_preinit_1                  0x0800020d   Thumb Code     0  libinit2.o(.ARM.Collect$$libinit$$00000004)
    __rt_lib_init_rand_1                     0x0800020d   Thumb Code     0  libinit2.o(.ARM.Collect$$libinit$$0000000E)
    __rt_lib_init_return                     0x0800020d   Thumb Code     0  libinit2.o(.ARM.Collect$$libinit$$00000033)
    __rt_lib_init_signal_1                   0x0800020d   Thumb Code     0  libinit2.o(.ARM.Collect$$libinit$$0000001D)
    __rt_lib_init_stdio_1                    0x0800020d   Thumb Code     0  libinit2.o(.ARM.Collect$$libinit$$00000025)
    __rt_lib_init_user_alloc_1               0x0800020d   Thumb Code     0  libinit2.o(.ARM.Collect$$libinit$$0000000C)
    __rt_lib_shutdown                        0x0800020f   Thumb Code     0  libshutdown.o(.ARM.Collect$$libshutdown$$00000000)
    __rt_lib_shutdown_cpp_1                  0x08000211   Thumb Code     0  libshutdown2.o(.ARM.Collect$$libshutdown$$00000002)
    __rt_lib_shutdown_fp_trap_1              0x08000211   Thumb Code     0  libshutdown2.o(.ARM.Collect$$libshutdown$$00000007)
    __rt_lib_shutdown_heap_1                 0x08000211   Thumb Code     0  libshutdown2.o(.ARM.Collect$$libshutdown$$0000000F)
    __rt_lib_shutdown_return                 0x08000211   Thumb Code     0  libshutdown2.o(.ARM.Collect$$libshutdown$$00000010)
    __rt_lib_shutdown_signal_1               0x08000211   Thumb Code     0  libshutdown2.o(.ARM.Collect$$libshutdown$$0000000A)
    __rt_lib_shutdown_stdio_1                0x08000211   Thumb Code     0  libshutdown2.o(.ARM.Collect$$libshutdown$$00000004)
    __rt_lib_shutdown_user_alloc_1           0x08000211   Thumb Code     0  libshutdown2.o(.ARM.Collect$$libshutdown$$0000000C)
    __rt_entry                               0x08000213   Thumb Code     0  __rtentry.o(.ARM.Collect$$rtentry$$00000000)
    __rt_entry_presh_1                       0x08000213   Thumb Code     0  __rtentry2.o(.ARM.Collect$$rtentry$$00000002)
    __rt_entry_sh                            0x08000213   Thumb Code     0  __rtentry4.o(.ARM.Collect$$rtentry$$00000004)
    __rt_entry_li                            0x08000219   Thumb Code     0  __rtentry2.o(.ARM.Collect$$rtentry$$0000000A)
    __rt_entry_postsh_1                      0x08000219   Thumb Code     0  __rtentry2.o(.ARM.Collect$$rtentry$$00000009)
    __rt_entry_main                          0x0800021d   Thumb Code     0  __rtentry2.o(.ARM.Collect$$rtentry$$0000000D)
    __rt_entry_postli_1                      0x0800021d   Thumb Code     0  __rtentry2.o(.ARM.Collect$$rtentry$$0000000C)
    __rt_exit                                0x08000225   Thumb Code     0  rtexit.o(.ARM.Collect$$rtexit$$00000000)
    __rt_exit_ls                             0x08000227   Thumb Code     0  rtexit2.o(.ARM.Collect$$rtexit$$00000003)
    __rt_exit_prels_1                        0x08000227   Thumb Code     0  rtexit2.o(.ARM.Collect$$rtexit$$00000002)
    __rt_exit_exit                           0x0800022b   Thumb Code     0  rtexit2.o(.ARM.Collect$$rtexit$$00000004)
    Reset_Handler                            0x08000231   Thumb Code     8  startup_stm32f405xx.o(.text)
    ADC_IRQHandler                           0x0800024b   Thumb Code     0  startup_stm32f405xx.o(.text)
    CAN1_RX0_IRQHandler                      0x0800024b   Thumb Code     0  startup_stm32f405xx.o(.text)
    CAN1_RX1_IRQHandler                      0x0800024b   Thumb Code     0  startup_stm32f405xx.o(.text)
    CAN1_SCE_IRQHandler                      0x0800024b   Thumb Code     0  startup_stm32f405xx.o(.text)
    CAN1_TX_IRQHandler                       0x0800024b   Thumb Code     0  startup_stm32f405xx.o(.text)
    CAN2_RX0_IRQHandler                      0x0800024b   Thumb Code     0  startup_stm32f405xx.o(.text)
    CAN2_RX1_IRQHandler                      0x0800024b   Thumb Code     0  startup_stm32f405xx.o(.text)
    CAN2_SCE_IRQHandler                      0x0800024b   Thumb Code     0  startup_stm32f405xx.o(.text)
    CAN2_TX_IRQHandler                       0x0800024b   Thumb Code     0  startup_stm32f405xx.o(.text)
    DMA1_Stream0_IRQHandler                  0x0800024b   Thumb Code     0  startup_stm32f405xx.o(.text)
    DMA1_Stream1_IRQHandler                  0x0800024b   Thumb Code     0  startup_stm32f405xx.o(.text)
    DMA1_Stream2_IRQHandler                  0x0800024b   Thumb Code     0  startup_stm32f405xx.o(.text)
    DMA1_Stream3_IRQHandler                  0x0800024b   Thumb Code     0  startup_stm32f405xx.o(.text)
    DMA1_Stream4_IRQHandler                  0x0800024b   Thumb Code     0  startup_stm32f405xx.o(.text)
    DMA1_Stream5_IRQHandler                  0x0800024b   Thumb Code     0  startup_stm32f405xx.o(.text)
    DMA1_Stream6_IRQHandler                  0x0800024b   Thumb Code     0  startup_stm32f405xx.o(.text)
    DMA1_Stream7_IRQHandler                  0x0800024b   Thumb Code     0  startup_stm32f405xx.o(.text)
    DMA2_Stream1_IRQHandler                  0x0800024b   Thumb Code     0  startup_stm32f405xx.o(.text)
    DMA2_Stream2_IRQHandler                  0x0800024b   Thumb Code     0  startup_stm32f405xx.o(.text)
    DMA2_Stream3_IRQHandler                  0x0800024b   Thumb Code     0  startup_stm32f405xx.o(.text)
    DMA2_Stream4_IRQHandler                  0x0800024b   Thumb Code     0  startup_stm32f405xx.o(.text)
    DMA2_Stream5_IRQHandler                  0x0800024b   Thumb Code     0  startup_stm32f405xx.o(.text)
    DMA2_Stream6_IRQHandler                  0x0800024b   Thumb Code     0  startup_stm32f405xx.o(.text)
    DMA2_Stream7_IRQHandler                  0x0800024b   Thumb Code     0  startup_stm32f405xx.o(.text)
    EXTI0_IRQHandler                         0x0800024b   Thumb Code     0  startup_stm32f405xx.o(.text)
    EXTI15_10_IRQHandler                     0x0800024b   Thumb Code     0  startup_stm32f405xx.o(.text)
    EXTI1_IRQHandler                         0x0800024b   Thumb Code     0  startup_stm32f405xx.o(.text)
    EXTI2_IRQHandler                         0x0800024b   Thumb Code     0  startup_stm32f405xx.o(.text)
    EXTI3_IRQHandler                         0x0800024b   Thumb Code     0  startup_stm32f405xx.o(.text)
    EXTI4_IRQHandler                         0x0800024b   Thumb Code     0  startup_stm32f405xx.o(.text)
    EXTI9_5_IRQHandler                       0x0800024b   Thumb Code     0  startup_stm32f405xx.o(.text)
    FLASH_IRQHandler                         0x0800024b   Thumb Code     0  startup_stm32f405xx.o(.text)
    FMC_IRQHandler                           0x0800024b   Thumb Code     0  startup_stm32f405xx.o(.text)
    FPU_IRQHandler                           0x0800024b   Thumb Code     0  startup_stm32f405xx.o(.text)
    HASH_RNG_IRQHandler                      0x0800024b   Thumb Code     0  startup_stm32f405xx.o(.text)
    I2C1_ER_IRQHandler                       0x0800024b   Thumb Code     0  startup_stm32f405xx.o(.text)
    I2C1_EV_IRQHandler                       0x0800024b   Thumb Code     0  startup_stm32f405xx.o(.text)
    I2C2_ER_IRQHandler                       0x0800024b   Thumb Code     0  startup_stm32f405xx.o(.text)
    I2C2_EV_IRQHandler                       0x0800024b   Thumb Code     0  startup_stm32f405xx.o(.text)
    I2C3_ER_IRQHandler                       0x0800024b   Thumb Code     0  startup_stm32f405xx.o(.text)
    I2C3_EV_IRQHandler                       0x0800024b   Thumb Code     0  startup_stm32f405xx.o(.text)
    OTG_FS_IRQHandler                        0x0800024b   Thumb Code     0  startup_stm32f405xx.o(.text)
    OTG_FS_WKUP_IRQHandler                   0x0800024b   Thumb Code     0  startup_stm32f405xx.o(.text)
    OTG_HS_EP1_IN_IRQHandler                 0x0800024b   Thumb Code     0  startup_stm32f405xx.o(.text)
    OTG_HS_EP1_OUT_IRQHandler                0x0800024b   Thumb Code     0  startup_stm32f405xx.o(.text)
    OTG_HS_IRQHandler                        0x0800024b   Thumb Code     0  startup_stm32f405xx.o(.text)
    OTG_HS_WKUP_IRQHandler                   0x0800024b   Thumb Code     0  startup_stm32f405xx.o(.text)
    PVD_IRQHandler                           0x0800024b   Thumb Code     0  startup_stm32f405xx.o(.text)
    RCC_IRQHandler                           0x0800024b   Thumb Code     0  startup_stm32f405xx.o(.text)
    RTC_Alarm_IRQHandler                     0x0800024b   Thumb Code     0  startup_stm32f405xx.o(.text)
    RTC_WKUP_IRQHandler                      0x0800024b   Thumb Code     0  startup_stm32f405xx.o(.text)
    SDIO_IRQHandler                          0x0800024b   Thumb Code     0  startup_stm32f405xx.o(.text)
    SPI1_IRQHandler                          0x0800024b   Thumb Code     0  startup_stm32f405xx.o(.text)
    SPI2_IRQHandler                          0x0800024b   Thumb Code     0  startup_stm32f405xx.o(.text)
    SPI3_IRQHandler                          0x0800024b   Thumb Code     0  startup_stm32f405xx.o(.text)
    TAMP_STAMP_IRQHandler                    0x0800024b   Thumb Code     0  startup_stm32f405xx.o(.text)
    TIM1_BRK_TIM9_IRQHandler                 0x0800024b   Thumb Code     0  startup_stm32f405xx.o(.text)
    TIM1_CC_IRQHandler                       0x0800024b   Thumb Code     0  startup_stm32f405xx.o(.text)
    TIM1_TRG_COM_TIM11_IRQHandler            0x0800024b   Thumb Code     0  startup_stm32f405xx.o(.text)
    TIM2_IRQHandler                          0x0800024b   Thumb Code     0  startup_stm32f405xx.o(.text)
    TIM3_IRQHandler                          0x0800024b   Thumb Code     0  startup_stm32f405xx.o(.text)
    TIM4_IRQHandler                          0x0800024b   Thumb Code     0  startup_stm32f405xx.o(.text)
    TIM5_IRQHandler                          0x0800024b   Thumb Code     0  startup_stm32f405xx.o(.text)
    TIM6_DAC_IRQHandler                      0x0800024b   Thumb Code     0  startup_stm32f405xx.o(.text)
    TIM7_IRQHandler                          0x0800024b   Thumb Code     0  startup_stm32f405xx.o(.text)
    TIM8_BRK_TIM12_IRQHandler                0x0800024b   Thumb Code     0  startup_stm32f405xx.o(.text)
    TIM8_CC_IRQHandler                       0x0800024b   Thumb Code     0  startup_stm32f405xx.o(.text)
    TIM8_TRG_COM_TIM14_IRQHandler            0x0800024b   Thumb Code     0  startup_stm32f405xx.o(.text)
    TIM8_UP_TIM13_IRQHandler                 0x0800024b   Thumb Code     0  startup_stm32f405xx.o(.text)
    UART4_IRQHandler                         0x0800024b   Thumb Code     0  startup_stm32f405xx.o(.text)
    UART5_IRQHandler                         0x0800024b   Thumb Code     0  startup_stm32f405xx.o(.text)
    USART1_IRQHandler                        0x0800024b   Thumb Code     0  startup_stm32f405xx.o(.text)
    USART2_IRQHandler                        0x0800024b   Thumb Code     0  startup_stm32f405xx.o(.text)
    USART3_IRQHandler                        0x0800024b   Thumb Code     0  startup_stm32f405xx.o(.text)
    USART6_IRQHandler                        0x0800024b   Thumb Code     0  startup_stm32f405xx.o(.text)
    WWDG_IRQHandler                          0x0800024b   Thumb Code     0  startup_stm32f405xx.o(.text)
    __user_initial_stackheap                 0x0800024d   Thumb Code     0  startup_stm32f405xx.o(.text)
    __aeabi_uldivmod                         0x08000271   Thumb Code     0  lludivv7m.o(.text)
    _ll_udiv                                 0x08000271   Thumb Code   238  lludivv7m.o(.text)
    __2sprintf                               0x08000361   Thumb Code    34  noretval__2sprintf.o(.text)
    __printf                                 0x08000389   Thumb Code   104  __printf.o(.text)
    _printf_int_dec                          0x080003f1   Thumb Code   104  _printf_dec.o(.text)
    __aeabi_memclr4                          0x08000469   Thumb Code     0  rt_memclr_w.o(.text)
    __aeabi_memclr8                          0x08000469   Thumb Code     0  rt_memclr_w.o(.text)
    __rt_memclr_w                            0x08000469   Thumb Code    78  rt_memclr_w.o(.text)
    _memset_w                                0x0800046d   Thumb Code     0  rt_memclr_w.o(.text)
    __use_two_region_memory                  0x080004b7   Thumb Code     2  heapauxi.o(.text)
    __rt_heap_escrow$2region                 0x080004b9   Thumb Code     2  heapauxi.o(.text)
    __rt_heap_expand$2region                 0x080004bb   Thumb Code     2  heapauxi.o(.text)
    __read_errno                             0x080004bd   Thumb Code    10  _rserrno.o(.text)
    __set_errno                              0x080004c7   Thumb Code    12  _rserrno.o(.text)
    _printf_int_common                       0x080004d3   Thumb Code   178  _printf_intcommon.o(.text)
    _printf_char_common                      0x0800058f   Thumb Code    32  _printf_char_common.o(.text)
    _sputc                                   0x080005b5   Thumb Code    10  _sputc.o(.text)
    __aeabi_errno_addr                       0x080005c1   Thumb Code     8  rt_errno_addr_intlibspace.o(.text)
    __errno$intlibspace                      0x080005c1   Thumb Code     0  rt_errno_addr_intlibspace.o(.text)
    __rt_errno_addr$intlibspace              0x080005c1   Thumb Code     0  rt_errno_addr_intlibspace.o(.text)
    __user_libspace                          0x080005c9   Thumb Code     8  libspace.o(.text)
    __user_perproc_libspace                  0x080005c9   Thumb Code     0  libspace.o(.text)
    __user_perthread_libspace                0x080005c9   Thumb Code     0  libspace.o(.text)
    __user_setup_stackheap                   0x080005d1   Thumb Code    74  sys_stackheap_outer.o(.text)
    exit                                     0x0800061b   Thumb Code    18  exit.o(.text)
    _sys_exit                                0x0800062d   Thumb Code     8  sys_exit.o(.text)
    __I$use$semihosting                      0x08000639   Thumb Code     0  use_no_semi.o(.text)
    __use_no_semihosting_swi                 0x08000639   Thumb Code     2  use_no_semi.o(.text)
    __semihosting_library_function           0x0800063b   Thumb Code     0  indicate_semi.o(.text)
    ADC_Init                                 0x080006c9   Thumb Code   258  analog.o(i.ADC_Init)
    BusFault_Handler                         0x08000919   Thumb Code     2  stm32f4xx_it.o(i.BusFault_Handler)
    CAL_CURRENT                              0x0800091d   Thumb Code   152  analog.o(i.CAL_CURRENT)
    CAL_SPEED                                0x080009bd   Thumb Code   122  encoder.o(i.CAL_SPEED)
    CAL_THETA                                0x08000a4d   Thumb Code   110  encoder.o(i.CAL_THETA)
    CONTROLLER_Init                          0x08000acd   Thumb Code   116  controller.o(i.CONTROLLER_Init)
    CURRENT_CLOSELOOP                        0x08000b51   Thumb Code   666  controller.o(i.CURRENT_CLOSELOOP)
    DMA2_Stream0_IRQHandler                  0x08000e0d   Thumb Code     6  stm32f4xx_it.o(i.DMA2_Stream0_IRQHandler)
    DebugMon_Handler                         0x08000ebd   Thumb Code     2  stm32f4xx_it.o(i.DebugMon_Handler)
    ENCODER_Init                             0x08000ec1   Thumb Code   116  encoder.o(i.ENCODER_Init)
    Error_Handler                            0x08000f51   Thumb Code     4  main.o(i.Error_Handler)
    FLAG_Init                                0x08000f55   Thumb Code    10  userfun.o(i.FLAG_Init)
    HAL_ADC_ConfigChannel                    0x08000f61   Thumb Code   316  stm32f4xx_hal_adc.o(i.HAL_ADC_ConfigChannel)
    HAL_ADC_ConvCpltCallback                 0x080010ad   Thumb Code     2  stm32f4xx_hal_adc.o(i.HAL_ADC_ConvCpltCallback)
    HAL_ADC_ConvHalfCpltCallback             0x080010af   Thumb Code     2  stm32f4xx_hal_adc.o(i.HAL_ADC_ConvHalfCpltCallback)
    HAL_ADC_ErrorCallback                    0x080010b1   Thumb Code     2  stm32f4xx_hal_adc.o(i.HAL_ADC_ErrorCallback)
    HAL_ADC_Init                             0x080010b3   Thumb Code    84  stm32f4xx_hal_adc.o(i.HAL_ADC_Init)
    HAL_ADC_MspInit                          0x08001109   Thumb Code   248  stm32f4xx_hal_msp.o(i.HAL_ADC_MspInit)
    HAL_ADC_Start                            0x08001221   Thumb Code   228  stm32f4xx_hal_adc.o(i.HAL_ADC_Start)
    HAL_ADC_Start_DMA                        0x0800131d   Thumb Code   302  stm32f4xx_hal_adc.o(i.HAL_ADC_Start_DMA)
    HAL_ADC_Stop_DMA                         0x08001471   Thumb Code   108  stm32f4xx_hal_adc.o(i.HAL_ADC_Stop_DMA)
    HAL_CAN_Init                             0x080014dd   Thumb Code   282  stm32f4xx_hal_can.o(i.HAL_CAN_Init)
    HAL_CAN_MspInit                          0x080015f9   Thumb Code    94  stm32f4xx_hal_msp.o(i.HAL_CAN_MspInit)
    HAL_DMA_Abort                            0x08001665   Thumb Code   146  stm32f4xx_hal_dma.o(i.HAL_DMA_Abort)
    HAL_DMA_IRQHandler                       0x080016f9   Thumb Code   412  stm32f4xx_hal_dma.o(i.HAL_DMA_IRQHandler)
    HAL_DMA_Init                             0x08001899   Thumb Code   206  stm32f4xx_hal_dma.o(i.HAL_DMA_Init)
    HAL_DMA_Start_IT                         0x0800196d   Thumb Code   110  stm32f4xx_hal_dma.o(i.HAL_DMA_Start_IT)
    HAL_GPIO_Init                            0x080019dd   Thumb Code   450  stm32f4xx_hal_gpio.o(i.HAL_GPIO_Init)
    HAL_GPIO_WritePin                        0x08001bcd   Thumb Code    10  stm32f4xx_hal_gpio.o(i.HAL_GPIO_WritePin)
    HAL_GetTick                              0x08001bd9   Thumb Code     6  stm32f4xx_hal.o(i.HAL_GetTick)
    HAL_I2C_Init                             0x08001be5   Thumb Code   376  stm32f4xx_hal_i2c.o(i.HAL_I2C_Init)
    HAL_I2C_MspInit                          0x08001d6d   Thumb Code   154  stm32f4xx_hal_msp.o(i.HAL_I2C_MspInit)
    HAL_IncTick                              0x08001e19   Thumb Code    12  stm32f4xx_hal.o(i.HAL_IncTick)
    HAL_Init                                 0x08001e29   Thumb Code    48  stm32f4xx_hal.o(i.HAL_Init)
    HAL_InitTick                             0x08001e5d   Thumb Code    54  stm32f4xx_hal.o(i.HAL_InitTick)
    HAL_MspInit                              0x08001e9d   Thumb Code    42  stm32f4xx_hal_msp.o(i.HAL_MspInit)
    HAL_NVIC_EnableIRQ                       0x08001ecd   Thumb Code    26  stm32f4xx_hal_cortex.o(i.HAL_NVIC_EnableIRQ)
    HAL_NVIC_SetPriority                     0x08001ee9   Thumb Code    60  stm32f4xx_hal_cortex.o(i.HAL_NVIC_SetPriority)
    HAL_NVIC_SetPriorityGrouping             0x08001f29   Thumb Code    26  stm32f4xx_hal_cortex.o(i.HAL_NVIC_SetPriorityGrouping)
    HAL_RCC_ClockConfig                      0x08001f4d   Thumb Code   288  stm32f4xx_hal_rcc.o(i.HAL_RCC_ClockConfig)
    HAL_RCC_GetPCLK1Freq                     0x08002081   Thumb Code    20  stm32f4xx_hal_rcc.o(i.HAL_RCC_GetPCLK1Freq)
    HAL_RCC_GetPCLK2Freq                     0x080020a1   Thumb Code    20  stm32f4xx_hal_rcc.o(i.HAL_RCC_GetPCLK2Freq)
    HAL_RCC_GetSysClockFreq                  0x080020c1   Thumb Code    88  stm32f4xx_hal_rcc.o(i.HAL_RCC_GetSysClockFreq)
    HAL_RCC_OscConfig                        0x08002125   Thumb Code   856  stm32f4xx_hal_rcc.o(i.HAL_RCC_OscConfig)
    HAL_SYSTICK_Config                       0x08002491   Thumb Code    40  stm32f4xx_hal_cortex.o(i.HAL_SYSTICK_Config)
    HAL_TIMEx_BreakCallback                  0x080024b9   Thumb Code     2  stm32f4xx_hal_tim_ex.o(i.HAL_TIMEx_BreakCallback)
    HAL_TIMEx_CommutCallback                 0x080024bb   Thumb Code     2  stm32f4xx_hal_tim_ex.o(i.HAL_TIMEx_CommutCallback)
    HAL_TIMEx_ConfigBreakDeadTime            0x080024bd   Thumb Code    84  stm32f4xx_hal_tim_ex.o(i.HAL_TIMEx_ConfigBreakDeadTime)
    HAL_TIMEx_MasterConfigSynchronization    0x08002511   Thumb Code   116  stm32f4xx_hal_tim_ex.o(i.HAL_TIMEx_MasterConfigSynchronization)
    HAL_TIMEx_PWMN_Start                     0x080025a1   Thumb Code   164  stm32f4xx_hal_tim_ex.o(i.HAL_TIMEx_PWMN_Start)
    HAL_TIM_Base_Init                        0x08002661   Thumb Code    90  stm32f4xx_hal_tim.o(i.HAL_TIM_Base_Init)
    HAL_TIM_Base_MspInit                     0x080026bd   Thumb Code    98  stm32f4xx_hal_msp.o(i.HAL_TIM_Base_MspInit)
    HAL_TIM_Base_Start                       0x08002731   Thumb Code    90  stm32f4xx_hal_tim.o(i.HAL_TIM_Base_Start)
    HAL_TIM_Base_Start_IT                    0x080027a9   Thumb Code   100  stm32f4xx_hal_tim.o(i.HAL_TIM_Base_Start_IT)
    HAL_TIM_ConfigClockSource                0x08002829   Thumb Code   220  stm32f4xx_hal_tim.o(i.HAL_TIM_ConfigClockSource)
    HAL_TIM_Encoder_Init                     0x08002905   Thumb Code   164  stm32f4xx_hal_tim.o(i.HAL_TIM_Encoder_Init)
    HAL_TIM_Encoder_MspInit                  0x080029a9   Thumb Code    90  stm32f4xx_hal_msp.o(i.HAL_TIM_Encoder_MspInit)
    HAL_TIM_Encoder_Start                    0x08002a0d   Thumb Code   142  stm32f4xx_hal_tim.o(i.HAL_TIM_Encoder_Start)
    HAL_TIM_IC_CaptureCallback               0x08002a9b   Thumb Code     2  stm32f4xx_hal_tim.o(i.HAL_TIM_IC_CaptureCallback)
    HAL_TIM_IRQHandler                       0x08002a9d   Thumb Code   358  stm32f4xx_hal_tim.o(i.HAL_TIM_IRQHandler)
    HAL_TIM_MspPostInit                      0x08002c05   Thumb Code   110  stm32f4xx_hal_msp.o(i.HAL_TIM_MspPostInit)
    HAL_TIM_OC_DelayElapsedCallback          0x08002c85   Thumb Code     2  stm32f4xx_hal_tim.o(i.HAL_TIM_OC_DelayElapsedCallback)
    HAL_TIM_PWM_ConfigChannel                0x08002c87   Thumb Code   204  stm32f4xx_hal_tim.o(i.HAL_TIM_PWM_ConfigChannel)
    HAL_TIM_PWM_Init                         0x08002d53   Thumb Code    90  stm32f4xx_hal_tim.o(i.HAL_TIM_PWM_Init)
    HAL_TIM_PWM_MspInit                      0x08002dad   Thumb Code     2  stm32f4xx_hal_tim.o(i.HAL_TIM_PWM_MspInit)
    HAL_TIM_PWM_PulseFinishedCallback        0x08002daf   Thumb Code     2  stm32f4xx_hal_tim.o(i.HAL_TIM_PWM_PulseFinishedCallback)
    HAL_TIM_PWM_Start                        0x08002db1   Thumb Code   172  stm32f4xx_hal_tim.o(i.HAL_TIM_PWM_Start)
    HAL_TIM_PeriodElapsedCallback            0x08002e79   Thumb Code   108  main.o(i.HAL_TIM_PeriodElapsedCallback)
    HAL_TIM_TriggerCallback                  0x08002ef5   Thumb Code     2  stm32f4xx_hal_tim.o(i.HAL_TIM_TriggerCallback)
    HAL_UART_Init                            0x08002ef7   Thumb Code    98  stm32f4xx_hal_uart.o(i.HAL_UART_Init)
    HAL_UART_MspInit                         0x08002f59   Thumb Code    94  stm32f4xx_hal_msp.o(i.HAL_UART_MspInit)
    HAL_UART_Transmit                        0x08002fc5   Thumb Code   178  stm32f4xx_hal_uart.o(i.HAL_UART_Transmit)
    HardFault_Handler                        0x08003077   Thumb Code     2  stm32f4xx_it.o(i.HardFault_Handler)
    IP_Run                                   0x08003079   Thumb Code   124  controller.o(i.IP_Run)
    LPF_Init                                 0x080030f5   Thumb Code   258  userfun.o(i.LPF_Init)
    LPF_Run                                  0x08003215   Thumb Code    70  userfun.o(i.LPF_Run)
    MOTOR_Init                               0x0800325d   Thumb Code   112  hsm.o(i.MOTOR_Init)
    MemManage_Handler                        0x08003705   Thumb Code     2  stm32f4xx_it.o(i.MemManage_Handler)
    Motor_Disable                            0x08003709   Thumb Code    30  hsm.o(i.Motor_Disable)
    Motor_Enable                             0x08003731   Thumb Code    26  hsm.o(i.Motor_Enable)
    NMI_Handler                              0x08003755   Thumb Code     2  stm32f4xx_it.o(i.NMI_Handler)
    OPEN_LOOP                                0x08003759   Thumb Code   550  controller.o(i.OPEN_LOOP)
    PI_CURRENT_Init                          0x080039b5   Thumb Code   138  controller.o(i.PI_CURRENT_Init)
    PI_Run                                   0x08003a69   Thumb Code   314  controller.o(i.PI_Run)
    PI_SPEED_Init                            0x08003ba5   Thumb Code    98  controller.o(i.PI_SPEED_Init)
    PendSV_Handler                           0x08003c25   Thumb Code     2  stm32f4xx_it.o(i.PendSV_Handler)
    RAMP_Init                                0x08003c29   Thumb Code   110  userfun.o(i.RAMP_Init)
    RAMP_RUN                                 0x08003c9d   Thumb Code   104  userfun.o(i.RAMP_RUN)
    SAVE_DATA                                0x08003d05   Thumb Code   412  uart.o(i.SAVE_DATA)
    SEND_DATA                                0x08003ebd   Thumb Code   146  uart.o(i.SEND_DATA)
    SPEED_LOOP                               0x08003f79   Thumb Code    92  controller.o(i.SPEED_LOOP)
    STATE_MACHINE_HANDLE                     0x08003fe5   Thumb Code   226  hsm.o(i.STATE_MACHINE_HANDLE)
    STATE_MACHINE_Init                       0x080040e9   Thumb Code    14  hsm.o(i.STATE_MACHINE_Init)
    SVC_Handler                              0x080040fd   Thumb Code     2  stm32f4xx_it.o(i.SVC_Handler)
    SVPWM_Init                               0x08004101   Thumb Code    76  controller.o(i.SVPWM_Init)
    SysTick_Handler                          0x08004161   Thumb Code     4  stm32f4xx_it.o(i.SysTick_Handler)
    SystemClock_Config                       0x08004165   Thumb Code   140  main.o(i.SystemClock_Config)
    SystemInit                               0x080041f9   Thumb Code    12  system_stm32f4xx.o(i.SystemInit)
    TIM1_UP_TIM10_IRQHandler                 0x08004209   Thumb Code     6  stm32f4xx_it.o(i.TIM1_UP_TIM10_IRQHandler)
    TIM_Base_SetConfig                       0x08004215   Thumb Code   156  stm32f4xx_hal_tim.o(i.TIM_Base_SetConfig)
    TIM_CCxChannelCmd                        0x080042dd   Thumb Code    26  stm32f4xx_hal_tim.o(i.TIM_CCxChannelCmd)
    TIM_ETR_SetConfig                        0x08004311   Thumb Code    20  stm32f4xx_hal_tim.o(i.TIM_ETR_SetConfig)
    TIM_OC2_SetConfig                        0x08004395   Thumb Code    98  stm32f4xx_hal_tim.o(i.TIM_OC2_SetConfig)
    UART_Init                                0x08004501   Thumb Code    74  uart.o(i.UART_Init)
    UsageFault_Handler                       0x080046d5   Thumb Code     2  stm32f4xx_it.o(i.UsageFault_Handler)
    __ARM_fpclassify                         0x080046d7   Thumb Code    48  fpclassify.o(i.__ARM_fpclassify)
    __hardfp_cos                             0x08004729   Thumb Code   180  cos.o(i.__hardfp_cos)
    __hardfp_sin                             0x080047f1   Thumb Code   180  sin.o(i.__hardfp_sin)
    __ieee754_rem_pio2                       0x080048b9   Thumb Code   938  rred.o(i.__ieee754_rem_pio2)
    __kernel_cos                             0x08004cf1   Thumb Code   322  cos_i.o(i.__kernel_cos)
    __kernel_poly                            0x08004e61   Thumb Code   248  poly.o(i.__kernel_poly)
    __kernel_sin                             0x08004f59   Thumb Code   280  sin_i.o(i.__kernel_sin)
    __mathlib_dbl_infnan                     0x08005089   Thumb Code    20  dunder.o(i.__mathlib_dbl_infnan)
    __mathlib_dbl_invalid                    0x080050a1   Thumb Code    24  dunder.o(i.__mathlib_dbl_invalid)
    __mathlib_dbl_underflow                  0x080050c1   Thumb Code    24  dunder.o(i.__mathlib_dbl_underflow)
    fabs                                     0x080050e1   Thumb Code    24  fabs.o(i.fabs)
    main                                     0x080050f9   Thumb Code   534  main.o(i.main)
    __aeabi_dneg                             0x08005365   Thumb Code     0  basic.o(x$fpl$basic)
    _dneg                                    0x08005365   Thumb Code     6  basic.o(x$fpl$basic)
    __aeabi_fneg                             0x0800536b   Thumb Code     0  basic.o(x$fpl$basic)
    _fneg                                    0x0800536b   Thumb Code     6  basic.o(x$fpl$basic)
    _dabs                                    0x08005371   Thumb Code     6  basic.o(x$fpl$basic)
    _fabs                                    0x08005377   Thumb Code     6  basic.o(x$fpl$basic)
    __aeabi_d2f                              0x0800537d   Thumb Code     0  d2f.o(x$fpl$d2f)
    _d2f                                     0x0800537d   Thumb Code    98  d2f.o(x$fpl$d2f)
    __aeabi_dadd                             0x080053e1   Thumb Code     0  daddsub_clz.o(x$fpl$dadd)
    _dadd                                    0x080053e1   Thumb Code   332  daddsub_clz.o(x$fpl$dadd)
    __fpl_dcmp_Inf                           0x08005531   Thumb Code    24  dcmpi.o(x$fpl$dcmpinf)
    __aeabi_ddiv                             0x08005549   Thumb Code     0  ddiv.o(x$fpl$ddiv)
    _ddiv                                    0x08005549   Thumb Code   552  ddiv.o(x$fpl$ddiv)
    __aeabi_d2iz                             0x080057f9   Thumb Code     0  dfix.o(x$fpl$dfix)
    _dfix                                    0x080057f9   Thumb Code    94  dfix.o(x$fpl$dfix)
    __aeabi_d2uiz                            0x08005859   Thumb Code     0  dfixu.o(x$fpl$dfixu)
    _dfixu                                   0x08005859   Thumb Code    90  dfixu.o(x$fpl$dfixu)
    __aeabi_i2d                              0x080058b3   Thumb Code     0  dflt_clz.o(x$fpl$dflt)
    _dflt                                    0x080058b3   Thumb Code    46  dflt_clz.o(x$fpl$dflt)
    __aeabi_ui2d                             0x080058e1   Thumb Code     0  dflt_clz.o(x$fpl$dfltu)
    _dfltu                                   0x080058e1   Thumb Code    38  dflt_clz.o(x$fpl$dfltu)
    __aeabi_cdcmple                          0x08005909   Thumb Code     0  dleqf.o(x$fpl$dleqf)
    _dcmple                                  0x08005909   Thumb Code   120  dleqf.o(x$fpl$dleqf)
    __fpl_dcmple_InfNaN                      0x0800596b   Thumb Code     0  dleqf.o(x$fpl$dleqf)
    __aeabi_dmul                             0x08005981   Thumb Code     0  dmul.o(x$fpl$dmul)
    _dmul                                    0x08005981   Thumb Code   332  dmul.o(x$fpl$dmul)
    __fpl_dnaninf                            0x08005ad5   Thumb Code   156  dnaninf.o(x$fpl$dnaninf)
    __fpl_dretinf                            0x08005b71   Thumb Code    12  dretinf.o(x$fpl$dretinf)
    __aeabi_cdrcmple                         0x08005b7d   Thumb Code     0  drleqf.o(x$fpl$drleqf)
    _drcmple                                 0x08005b7d   Thumb Code   108  drleqf.o(x$fpl$drleqf)
    __aeabi_drsub                            0x08005be9   Thumb Code     0  daddsub_clz.o(x$fpl$drsb)
    _drsb                                    0x08005be9   Thumb Code    22  daddsub_clz.o(x$fpl$drsb)
    __aeabi_dsub                             0x08005c01   Thumb Code     0  daddsub_clz.o(x$fpl$dsub)
    _dsub                                    0x08005c01   Thumb Code   464  daddsub_clz.o(x$fpl$dsub)
    __aeabi_f2d                              0x08005dd5   Thumb Code     0  f2d.o(x$fpl$f2d)
    _f2d                                     0x08005dd5   Thumb Code    86  f2d.o(x$fpl$f2d)
    __fpl_fnaninf                            0x08005e2b   Thumb Code   140  fnaninf.o(x$fpl$fnaninf)
    _fp_init                                 0x08005eb7   Thumb Code    10  fpinit.o(x$fpl$fpinit)
    __fplib_config_fpu_vfp                   0x08005ebf   Thumb Code     0  fpinit.o(x$fpl$fpinit)
    __fplib_config_pureend_doubles           0x08005ebf   Thumb Code     0  fpinit.o(x$fpl$fpinit)
    __fpl_fretinf                            0x08005ec1   Thumb Code    10  fretinf.o(x$fpl$fretinf)
    __I$use$fp                               0x08005eca   Number         0  usenofp.o(x$fpl$usenofp)
    AHBPrescTable                            0x08005ed2   Data          16  system_stm32f4xx.o(.constdata)
    APBPrescTable                            0x08005ee2   Data           8  system_stm32f4xx.o(.constdata)
    Region$$Table$$Base                      0x08006010   Number         0  anon$$obj.o(Region$$Table)
    Region$$Table$$Limit                     0x08006030   Number         0  anon$$obj.o(Region$$Table)
    uwTickFreq                               0x20000000   Data           1  stm32f4xx_hal.o(.data)
    uwTickPrio                               0x20000004   Data           4  stm32f4xx_hal.o(.data)
    uwTick                                   0x20000008   Data           4  stm32f4xx_hal.o(.data)
    SystemCoreClock                          0x2000000c   Data           4  system_stm32f4xx.o(.data)
    MSG                                      0x20000010   Data          30  uart.o(.bss)
    hadc1                                    0x20000030   Data          72  main.o(.bss)
    hadc2                                    0x20000078   Data          72  main.o(.bss)
    hcan1                                    0x200000c0   Data          40  main.o(.bss)
    hi2c1                                    0x200000e8   Data          84  main.o(.bss)
    hi2c2                                    0x2000013c   Data          84  main.o(.bss)
    htim1                                    0x20000190   Data          72  main.o(.bss)
    htim2                                    0x200001d8   Data          72  main.o(.bss)
    htim3                                    0x20000220   Data          72  main.o(.bss)
    htim5                                    0x20000268   Data          72  main.o(.bss)
    huart3                                   0x200002b0   Data          68  main.o(.bss)
    hsm_var                                  0x200002f4   Data          56  main.o(.bss)
    mState_var                               0x2000032c   Data          12  main.o(.bss)
    encoder_var                              0x20000338   Data          72  main.o(.bss)
    theta_var                                0x20000380   Data          72  main.o(.bss)
    PI_Id_var                                0x200003c8   Data         152  main.o(.bss)
    PI_Iq_var                                0x20000460   Data         152  main.o(.bss)
    PI_speed_var                             0x200004f8   Data         152  main.o(.bss)
    adc_var                                  0x20000590   Data          80  main.o(.bss)
    flag_var                                 0x200005e0   Data          12  main.o(.bss)
    control_var                              0x200005f0   Data         120  main.o(.bss)
    svpwm_var                                0x20000668   Data         112  main.o(.bss)
    LPF_speed_var                            0x200006d8   Data          48  main.o(.bss)
    LPF_current_var                          0x20000708   Data          48  main.o(.bss)
    LPF_voltage_var                          0x20000738   Data          48  main.o(.bss)
    uart_var                                 0x20000768   Data       16016  main.o(.bss)
    ramp_rpm_var                             0x200045f8   Data          36  main.o(.bss)
    hdma_adc1                                0x2000461c   Data          96  main.o(.bss)
    __libspace_start                         0x2000467c   Data          96  libspace.o(.bss)
    __temporary_stack_top$libspace           0x200046dc   Data           0  libspace.o(.bss)



==============================================================================

Memory Map of the image

  Image Entry point : 0x08000189

  Load Region LR_IROM1 (Base: 0x08000000, Size: 0x00006040, Max: 0x00100000, ABSOLUTE)

    Execution Region ER_IROM1 (Exec base: 0x08000000, Load base: 0x08000000, Size: 0x00006030, Max: 0x00100000, ABSOLUTE)

    Exec Addr    Load Addr    Size         Type   Attr      Idx    E Section Name        Object

    0x08000000   0x08000000   0x00000188   Data   RO            3    RESET               startup_stm32f405xx.o
    0x08000188   0x08000188   0x00000008   Code   RO         4218  * !!!main             c_w.l(__main.o)
    0x08000190   0x08000190   0x00000034   Code   RO         4551    !!!scatter          c_w.l(__scatter.o)
    0x080001c4   0x080001c4   0x0000001a   Code   RO         4553    !!handler_copy      c_w.l(__scatter_copy.o)
    0x080001de   0x080001de   0x00000002   PAD
    0x080001e0   0x080001e0   0x0000001c   Code   RO         4555    !!handler_zi        c_w.l(__scatter_zi.o)
    0x080001fc   0x080001fc   0x00000000   Code   RO         4213    .ARM.Collect$$_printf_percent$$00000000  c_w.l(_printf_percent.o)
    0x080001fc   0x080001fc   0x00000006   Code   RO         4212    .ARM.Collect$$_printf_percent$$00000009  c_w.l(_printf_d.o)
    0x08000202   0x08000202   0x00000004   Code   RO         4317    .ARM.Collect$$_printf_percent$$00000017  c_w.l(_printf_percent_end.o)
    0x08000206   0x08000206   0x00000002   Code   RO         4424    .ARM.Collect$$libinit$$00000000  c_w.l(libinit.o)
    0x08000208   0x08000208   0x00000004   Code   RO         4433    .ARM.Collect$$libinit$$00000001  c_w.l(libinit2.o)
    0x0800020c   0x0800020c   0x00000000   Code   RO         4436    .ARM.Collect$$libinit$$00000004  c_w.l(libinit2.o)
    0x0800020c   0x0800020c   0x00000000   Code   RO         4439    .ARM.Collect$$libinit$$0000000A  c_w.l(libinit2.o)
    0x0800020c   0x0800020c   0x00000000   Code   RO         4441    .ARM.Collect$$libinit$$0000000C  c_w.l(libinit2.o)
    0x0800020c   0x0800020c   0x00000000   Code   RO         4443    .ARM.Collect$$libinit$$0000000E  c_w.l(libinit2.o)
    0x0800020c   0x0800020c   0x00000000   Code   RO         4446    .ARM.Collect$$libinit$$00000011  c_w.l(libinit2.o)
    0x0800020c   0x0800020c   0x00000000   Code   RO         4448    .ARM.Collect$$libinit$$00000013  c_w.l(libinit2.o)
    0x0800020c   0x0800020c   0x00000000   Code   RO         4450    .ARM.Collect$$libinit$$00000015  c_w.l(libinit2.o)
    0x0800020c   0x0800020c   0x00000000   Code   RO         4452    .ARM.Collect$$libinit$$00000017  c_w.l(libinit2.o)
    0x0800020c   0x0800020c   0x00000000   Code   RO         4454    .ARM.Collect$$libinit$$00000019  c_w.l(libinit2.o)
    0x0800020c   0x0800020c   0x00000000   Code   RO         4456    .ARM.Collect$$libinit$$0000001B  c_w.l(libinit2.o)
    0x0800020c   0x0800020c   0x00000000   Code   RO         4458    .ARM.Collect$$libinit$$0000001D  c_w.l(libinit2.o)
    0x0800020c   0x0800020c   0x00000000   Code   RO         4460    .ARM.Collect$$libinit$$0000001F  c_w.l(libinit2.o)
    0x0800020c   0x0800020c   0x00000000   Code   RO         4462    .ARM.Collect$$libinit$$00000021  c_w.l(libinit2.o)
    0x0800020c   0x0800020c   0x00000000   Code   RO         4464    .ARM.Collect$$libinit$$00000023  c_w.l(libinit2.o)
    0x0800020c   0x0800020c   0x00000000   Code   RO         4466    .ARM.Collect$$libinit$$00000025  c_w.l(libinit2.o)
    0x0800020c   0x0800020c   0x00000000   Code   RO         4470    .ARM.Collect$$libinit$$0000002C  c_w.l(libinit2.o)
    0x0800020c   0x0800020c   0x00000000   Code   RO         4472    .ARM.Collect$$libinit$$0000002E  c_w.l(libinit2.o)
    0x0800020c   0x0800020c   0x00000000   Code   RO         4474    .ARM.Collect$$libinit$$00000030  c_w.l(libinit2.o)
    0x0800020c   0x0800020c   0x00000000   Code   RO         4476    .ARM.Collect$$libinit$$00000032  c_w.l(libinit2.o)
    0x0800020c   0x0800020c   0x00000002   Code   RO         4477    .ARM.Collect$$libinit$$00000033  c_w.l(libinit2.o)
    0x0800020e   0x0800020e   0x00000002   Code   RO         4508    .ARM.Collect$$libshutdown$$00000000  c_w.l(libshutdown.o)
    0x08000210   0x08000210   0x00000000   Code   RO         4534    .ARM.Collect$$libshutdown$$00000002  c_w.l(libshutdown2.o)
    0x08000210   0x08000210   0x00000000   Code   RO         4536    .ARM.Collect$$libshutdown$$00000004  c_w.l(libshutdown2.o)
    0x08000210   0x08000210   0x00000000   Code   RO         4539    .ARM.Collect$$libshutdown$$00000007  c_w.l(libshutdown2.o)
    0x08000210   0x08000210   0x00000000   Code   RO         4542    .ARM.Collect$$libshutdown$$0000000A  c_w.l(libshutdown2.o)
    0x08000210   0x08000210   0x00000000   Code   RO         4544    .ARM.Collect$$libshutdown$$0000000C  c_w.l(libshutdown2.o)
    0x08000210   0x08000210   0x00000000   Code   RO         4547    .ARM.Collect$$libshutdown$$0000000F  c_w.l(libshutdown2.o)
    0x08000210   0x08000210   0x00000002   Code   RO         4548    .ARM.Collect$$libshutdown$$00000010  c_w.l(libshutdown2.o)
    0x08000212   0x08000212   0x00000000   Code   RO         4304    .ARM.Collect$$rtentry$$00000000  c_w.l(__rtentry.o)
    0x08000212   0x08000212   0x00000000   Code   RO         4381    .ARM.Collect$$rtentry$$00000002  c_w.l(__rtentry2.o)
    0x08000212   0x08000212   0x00000006   Code   RO         4393    .ARM.Collect$$rtentry$$00000004  c_w.l(__rtentry4.o)
    0x08000218   0x08000218   0x00000000   Code   RO         4383    .ARM.Collect$$rtentry$$00000009  c_w.l(__rtentry2.o)
    0x08000218   0x08000218   0x00000004   Code   RO         4384    .ARM.Collect$$rtentry$$0000000A  c_w.l(__rtentry2.o)
    0x0800021c   0x0800021c   0x00000000   Code   RO         4386    .ARM.Collect$$rtentry$$0000000C  c_w.l(__rtentry2.o)
    0x0800021c   0x0800021c   0x00000008   Code   RO         4387    .ARM.Collect$$rtentry$$0000000D  c_w.l(__rtentry2.o)
    0x08000224   0x08000224   0x00000002   Code   RO         4425    .ARM.Collect$$rtexit$$00000000  c_w.l(rtexit.o)
    0x08000226   0x08000226   0x00000000   Code   RO         4481    .ARM.Collect$$rtexit$$00000002  c_w.l(rtexit2.o)
    0x08000226   0x08000226   0x00000004   Code   RO         4482    .ARM.Collect$$rtexit$$00000003  c_w.l(rtexit2.o)
    0x0800022a   0x0800022a   0x00000006   Code   RO         4483    .ARM.Collect$$rtexit$$00000004  c_w.l(rtexit2.o)
    0x08000230   0x08000230   0x00000040   Code   RO            4    .text               startup_stm32f405xx.o
    0x08000270   0x08000270   0x000000ee   Code   RO         4182    .text               c_w.l(lludivv7m.o)
    0x0800035e   0x0800035e   0x00000002   PAD
    0x08000360   0x08000360   0x00000028   Code   RO         4186    .text               c_w.l(noretval__2sprintf.o)
    0x08000388   0x08000388   0x00000068   Code   RO         4188    .text               c_w.l(__printf.o)
    0x080003f0   0x080003f0   0x00000078   Code   RO         4190    .text               c_w.l(_printf_dec.o)
    0x08000468   0x08000468   0x0000004e   Code   RO         4214    .text               c_w.l(rt_memclr_w.o)
    0x080004b6   0x080004b6   0x00000006   Code   RO         4216    .text               c_w.l(heapauxi.o)
    0x080004bc   0x080004bc   0x00000016   Code   RO         4309    .text               c_w.l(_rserrno.o)
    0x080004d2   0x080004d2   0x000000b2   Code   RO         4311    .text               c_w.l(_printf_intcommon.o)
    0x08000584   0x08000584   0x00000030   Code   RO         4313    .text               c_w.l(_printf_char_common.o)
    0x080005b4   0x080005b4   0x0000000a   Code   RO         4315    .text               c_w.l(_sputc.o)
    0x080005be   0x080005be   0x00000002   PAD
    0x080005c0   0x080005c0   0x00000008   Code   RO         4400    .text               c_w.l(rt_errno_addr_intlibspace.o)
    0x080005c8   0x080005c8   0x00000008   Code   RO         4408    .text               c_w.l(libspace.o)
    0x080005d0   0x080005d0   0x0000004a   Code   RO         4411    .text               c_w.l(sys_stackheap_outer.o)
    0x0800061a   0x0800061a   0x00000012   Code   RO         4413    .text               c_w.l(exit.o)
    0x0800062c   0x0800062c   0x0000000c   Code   RO         4478    .text               c_w.l(sys_exit.o)
    0x08000638   0x08000638   0x00000002   Code   RO         4497    .text               c_w.l(use_no_semi.o)
    0x0800063a   0x0800063a   0x00000000   Code   RO         4499    .text               c_w.l(indicate_semi.o)
    0x0800063a   0x0800063a   0x0000006e   Code   RO          721    i.ADC_DMAConvCplt   stm32f4xx_hal_adc.o
    0x080006a8   0x080006a8   0x00000016   Code   RO          722    i.ADC_DMAError      stm32f4xx_hal_adc.o
    0x080006be   0x080006be   0x0000000a   Code   RO          723    i.ADC_DMAHalfConvCplt  stm32f4xx_hal_adc.o
    0x080006c8   0x080006c8   0x00000128   Code   RO          179    i.ADC_Init          analog.o
    0x080007f0   0x080007f0   0x00000128   Code   RO          724    i.ADC_Init          stm32f4xx_hal_adc.o
    0x08000918   0x08000918   0x00000002   Code   RO          530    i.BusFault_Handler  stm32f4xx_it.o
    0x0800091a   0x0800091a   0x00000002   PAD
    0x0800091c   0x0800091c   0x000000a0   Code   RO          180    i.CAL_CURRENT       analog.o
    0x080009bc   0x080009bc   0x00000090   Code   RO          295    i.CAL_SPEED         encoder.o
    0x08000a4c   0x08000a4c   0x00000080   Code   RO          296    i.CAL_THETA         encoder.o
    0x08000acc   0x08000acc   0x00000084   Code   RO          210    i.CONTROLLER_Init   controller.o
    0x08000b50   0x08000b50   0x000002bc   Code   RO          211    i.CURRENT_CLOSELOOP  controller.o
    0x08000e0c   0x08000e0c   0x0000000c   Code   RO          531    i.DMA2_Stream0_IRQHandler  stm32f4xx_it.o
    0x08000e18   0x08000e18   0x00000028   Code   RO         1458    i.DMA_CalcBaseAndBitshift  stm32f4xx_hal_dma.o
    0x08000e40   0x08000e40   0x00000054   Code   RO         1459    i.DMA_CheckFifoParam  stm32f4xx_hal_dma.o
    0x08000e94   0x08000e94   0x00000028   Code   RO         1460    i.DMA_SetConfig     stm32f4xx_hal_dma.o
    0x08000ebc   0x08000ebc   0x00000002   Code   RO          532    i.DebugMon_Handler  stm32f4xx_it.o
    0x08000ebe   0x08000ebe   0x00000002   PAD
    0x08000ec0   0x08000ec0   0x00000090   Code   RO          297    i.ENCODER_Init      encoder.o
    0x08000f50   0x08000f50   0x00000004   Code   RO          441    i.Error_Handler     main.o
    0x08000f54   0x08000f54   0x0000000a   Code   RO          332    i.FLAG_Init         userfun.o
    0x08000f5e   0x08000f5e   0x00000002   PAD
    0x08000f60   0x08000f60   0x0000014c   Code   RO          726    i.HAL_ADC_ConfigChannel  stm32f4xx_hal_adc.o
    0x080010ac   0x080010ac   0x00000002   Code   RO          727    i.HAL_ADC_ConvCpltCallback  stm32f4xx_hal_adc.o
    0x080010ae   0x080010ae   0x00000002   Code   RO          728    i.HAL_ADC_ConvHalfCpltCallback  stm32f4xx_hal_adc.o
    0x080010b0   0x080010b0   0x00000002   Code   RO          730    i.HAL_ADC_ErrorCallback  stm32f4xx_hal_adc.o
    0x080010b2   0x080010b2   0x00000054   Code   RO          735    i.HAL_ADC_Init      stm32f4xx_hal_adc.o
    0x08001106   0x08001106   0x00000002   PAD
    0x08001108   0x08001108   0x00000118   Code   RO          619    i.HAL_ADC_MspInit   stm32f4xx_hal_msp.o
    0x08001220   0x08001220   0x000000fc   Code   RO          741    i.HAL_ADC_Start     stm32f4xx_hal_adc.o
    0x0800131c   0x0800131c   0x00000154   Code   RO          742    i.HAL_ADC_Start_DMA  stm32f4xx_hal_adc.o
    0x08001470   0x08001470   0x0000006c   Code   RO          745    i.HAL_ADC_Stop_DMA  stm32f4xx_hal_adc.o
    0x080014dc   0x080014dc   0x0000011a   Code   RO         2145    i.HAL_CAN_Init      stm32f4xx_hal_can.o
    0x080015f6   0x080015f6   0x00000002   PAD
    0x080015f8   0x080015f8   0x0000006c   Code   RO          621    i.HAL_CAN_MspInit   stm32f4xx_hal_msp.o
    0x08001664   0x08001664   0x00000092   Code   RO         1461    i.HAL_DMA_Abort     stm32f4xx_hal_dma.o
    0x080016f6   0x080016f6   0x00000002   PAD
    0x080016f8   0x080016f8   0x000001a0   Code   RO         1466    i.HAL_DMA_IRQHandler  stm32f4xx_hal_dma.o
    0x08001898   0x08001898   0x000000d4   Code   RO         1467    i.HAL_DMA_Init      stm32f4xx_hal_dma.o
    0x0800196c   0x0800196c   0x0000006e   Code   RO         1471    i.HAL_DMA_Start_IT  stm32f4xx_hal_dma.o
    0x080019da   0x080019da   0x00000002   PAD
    0x080019dc   0x080019dc   0x000001f0   Code   RO         1354    i.HAL_GPIO_Init     stm32f4xx_hal_gpio.o
    0x08001bcc   0x08001bcc   0x0000000a   Code   RO         1358    i.HAL_GPIO_WritePin  stm32f4xx_hal_gpio.o
    0x08001bd6   0x08001bd6   0x00000002   PAD
    0x08001bd8   0x08001bd8   0x0000000c   Code   RO         1886    i.HAL_GetTick       stm32f4xx_hal.o
    0x08001be4   0x08001be4   0x00000188   Code   RO         2376    i.HAL_I2C_Init      stm32f4xx_hal_i2c.o
    0x08001d6c   0x08001d6c   0x000000ac   Code   RO          623    i.HAL_I2C_MspInit   stm32f4xx_hal_msp.o
    0x08001e18   0x08001e18   0x00000010   Code   RO         1892    i.HAL_IncTick       stm32f4xx_hal.o
    0x08001e28   0x08001e28   0x00000034   Code   RO         1893    i.HAL_Init          stm32f4xx_hal.o
    0x08001e5c   0x08001e5c   0x00000040   Code   RO         1894    i.HAL_InitTick      stm32f4xx_hal.o
    0x08001e9c   0x08001e9c   0x00000030   Code   RO          624    i.HAL_MspInit       stm32f4xx_hal_msp.o
    0x08001ecc   0x08001ecc   0x0000001a   Code   RO         1743    i.HAL_NVIC_EnableIRQ  stm32f4xx_hal_cortex.o
    0x08001ee6   0x08001ee6   0x00000002   PAD
    0x08001ee8   0x08001ee8   0x00000040   Code   RO         1749    i.HAL_NVIC_SetPriority  stm32f4xx_hal_cortex.o
    0x08001f28   0x08001f28   0x00000024   Code   RO         1750    i.HAL_NVIC_SetPriorityGrouping  stm32f4xx_hal_cortex.o
    0x08001f4c   0x08001f4c   0x00000134   Code   RO         1000    i.HAL_RCC_ClockConfig  stm32f4xx_hal_rcc.o
    0x08002080   0x08002080   0x00000020   Code   RO         1007    i.HAL_RCC_GetPCLK1Freq  stm32f4xx_hal_rcc.o
    0x080020a0   0x080020a0   0x00000020   Code   RO         1008    i.HAL_RCC_GetPCLK2Freq  stm32f4xx_hal_rcc.o
    0x080020c0   0x080020c0   0x00000064   Code   RO         1009    i.HAL_RCC_GetSysClockFreq  stm32f4xx_hal_rcc.o
    0x08002124   0x08002124   0x0000036c   Code   RO         1012    i.HAL_RCC_OscConfig  stm32f4xx_hal_rcc.o
    0x08002490   0x08002490   0x00000028   Code   RO         1754    i.HAL_SYSTICK_Config  stm32f4xx_hal_cortex.o
    0x080024b8   0x080024b8   0x00000002   Code   RO         3521    i.HAL_TIMEx_BreakCallback  stm32f4xx_hal_tim_ex.o
    0x080024ba   0x080024ba   0x00000002   Code   RO         3522    i.HAL_TIMEx_CommutCallback  stm32f4xx_hal_tim_ex.o
    0x080024bc   0x080024bc   0x00000054   Code   RO         3524    i.HAL_TIMEx_ConfigBreakDeadTime  stm32f4xx_hal_tim_ex.o
    0x08002510   0x08002510   0x00000090   Code   RO         3540    i.HAL_TIMEx_MasterConfigSynchronization  stm32f4xx_hal_tim_ex.o
    0x080025a0   0x080025a0   0x000000c0   Code   RO         3551    i.HAL_TIMEx_PWMN_Start  stm32f4xx_hal_tim_ex.o
    0x08002660   0x08002660   0x0000005a   Code   RO         2817    i.HAL_TIM_Base_Init  stm32f4xx_hal_tim.o
    0x080026ba   0x080026ba   0x00000002   PAD
    0x080026bc   0x080026bc   0x00000074   Code   RO          626    i.HAL_TIM_Base_MspInit  stm32f4xx_hal_msp.o
    0x08002730   0x08002730   0x00000078   Code   RO         2820    i.HAL_TIM_Base_Start  stm32f4xx_hal_tim.o
    0x080027a8   0x080027a8   0x00000080   Code   RO         2822    i.HAL_TIM_Base_Start_IT  stm32f4xx_hal_tim.o
    0x08002828   0x08002828   0x000000dc   Code   RO         2826    i.HAL_TIM_ConfigClockSource  stm32f4xx_hal_tim.o
    0x08002904   0x08002904   0x000000a4   Code   RO         2838    i.HAL_TIM_Encoder_Init  stm32f4xx_hal_tim.o
    0x080029a8   0x080029a8   0x00000064   Code   RO          628    i.HAL_TIM_Encoder_MspInit  stm32f4xx_hal_msp.o
    0x08002a0c   0x08002a0c   0x0000008e   Code   RO         2841    i.HAL_TIM_Encoder_Start  stm32f4xx_hal_tim.o
    0x08002a9a   0x08002a9a   0x00000002   Code   RO         2851    i.HAL_TIM_IC_CaptureCallback  stm32f4xx_hal_tim.o
    0x08002a9c   0x08002a9c   0x00000166   Code   RO         2865    i.HAL_TIM_IRQHandler  stm32f4xx_hal_tim.o
    0x08002c02   0x08002c02   0x00000002   PAD
    0x08002c04   0x08002c04   0x00000080   Code   RO          629    i.HAL_TIM_MspPostInit  stm32f4xx_hal_msp.o
    0x08002c84   0x08002c84   0x00000002   Code   RO         2868    i.HAL_TIM_OC_DelayElapsedCallback  stm32f4xx_hal_tim.o
    0x08002c86   0x08002c86   0x000000cc   Code   RO         2889    i.HAL_TIM_PWM_ConfigChannel  stm32f4xx_hal_tim.o
    0x08002d52   0x08002d52   0x0000005a   Code   RO         2892    i.HAL_TIM_PWM_Init  stm32f4xx_hal_tim.o
    0x08002dac   0x08002dac   0x00000002   Code   RO         2894    i.HAL_TIM_PWM_MspInit  stm32f4xx_hal_tim.o
    0x08002dae   0x08002dae   0x00000002   Code   RO         2895    i.HAL_TIM_PWM_PulseFinishedCallback  stm32f4xx_hal_tim.o
    0x08002db0   0x08002db0   0x000000c8   Code   RO         2897    i.HAL_TIM_PWM_Start  stm32f4xx_hal_tim.o
    0x08002e78   0x08002e78   0x0000007c   Code   RO          442    i.HAL_TIM_PeriodElapsedCallback  main.o
    0x08002ef4   0x08002ef4   0x00000002   Code   RO         2908    i.HAL_TIM_TriggerCallback  stm32f4xx_hal_tim.o
    0x08002ef6   0x08002ef6   0x00000062   Code   RO         3817    i.HAL_UART_Init     stm32f4xx_hal_uart.o
    0x08002f58   0x08002f58   0x0000006c   Code   RO          631    i.HAL_UART_MspInit  stm32f4xx_hal_msp.o
    0x08002fc4   0x08002fc4   0x000000b2   Code   RO         3825    i.HAL_UART_Transmit  stm32f4xx_hal_uart.o
    0x08003076   0x08003076   0x00000002   Code   RO          533    i.HardFault_Handler  stm32f4xx_it.o
    0x08003078   0x08003078   0x0000007c   Code   RO          212    i.IP_Run            controller.o
    0x080030f4   0x080030f4   0x00000120   Code   RO          333    i.LPF_Init          userfun.o
    0x08003214   0x08003214   0x00000046   Code   RO          334    i.LPF_Run           userfun.o
    0x0800325a   0x0800325a   0x00000002   PAD
    0x0800325c   0x0800325c   0x00000098   Code   RO           13    i.MOTOR_Init        hsm.o
    0x080032f4   0x080032f4   0x0000007c   Code   RO          443    i.MX_ADC1_Init      main.o
    0x08003370   0x08003370   0x00000064   Code   RO          444    i.MX_ADC2_Init      main.o
    0x080033d4   0x080033d4   0x00000038   Code   RO          445    i.MX_CAN1_Init      main.o
    0x0800340c   0x0800340c   0x000000e0   Code   RO          446    i.MX_GPIO_Init      main.o
    0x080034ec   0x080034ec   0x000000e0   Code   RO          447    i.MX_TIM1_Init      main.o
    0x080035cc   0x080035cc   0x0000006c   Code   RO          448    i.MX_TIM2_Init      main.o
    0x08003638   0x08003638   0x00000068   Code   RO          449    i.MX_TIM3_Init      main.o
    0x080036a0   0x080036a0   0x00000064   Code   RO          450    i.MX_TIM5_Init      main.o
    0x08003704   0x08003704   0x00000002   Code   RO          534    i.MemManage_Handler  stm32f4xx_it.o
    0x08003706   0x08003706   0x00000002   PAD
    0x08003708   0x08003708   0x00000028   Code   RO           14    i.Motor_Disable     hsm.o
    0x08003730   0x08003730   0x00000024   Code   RO           15    i.Motor_Enable      hsm.o
    0x08003754   0x08003754   0x00000002   Code   RO          535    i.NMI_Handler       stm32f4xx_it.o
    0x08003756   0x08003756   0x00000002   PAD
    0x08003758   0x08003758   0x0000025c   Code   RO          213    i.OPEN_LOOP         controller.o
    0x080039b4   0x080039b4   0x000000b4   Code   RO          214    i.PI_CURRENT_Init   controller.o
    0x08003a68   0x08003a68   0x0000013a   Code   RO          215    i.PI_Run            controller.o
    0x08003ba2   0x08003ba2   0x00000002   PAD
    0x08003ba4   0x08003ba4   0x00000080   Code   RO          216    i.PI_SPEED_Init     controller.o
    0x08003c24   0x08003c24   0x00000002   Code   RO          536    i.PendSV_Handler    stm32f4xx_it.o
    0x08003c26   0x08003c26   0x00000002   PAD
    0x08003c28   0x08003c28   0x00000074   Code   RO          335    i.RAMP_Init         userfun.o
    0x08003c9c   0x08003c9c   0x00000068   Code   RO          336    i.RAMP_RUN          userfun.o
    0x08003d04   0x08003d04   0x000001b8   Code   RO          397    i.SAVE_DATA         uart.o
    0x08003ebc   0x08003ebc   0x000000bc   Code   RO          398    i.SEND_DATA         uart.o
    0x08003f78   0x08003f78   0x0000006c   Code   RO          217    i.SPEED_LOOP        controller.o
    0x08003fe4   0x08003fe4   0x00000104   Code   RO           16    i.STATE_MACHINE_HANDLE  hsm.o
    0x080040e8   0x080040e8   0x00000014   Code   RO           17    i.STATE_MACHINE_Init  hsm.o
    0x080040fc   0x080040fc   0x00000002   Code   RO          537    i.SVC_Handler       stm32f4xx_it.o
    0x080040fe   0x080040fe   0x00000002   PAD
    0x08004100   0x08004100   0x00000060   Code   RO          219    i.SVPWM_Init        controller.o
    0x08004160   0x08004160   0x00000004   Code   RO          538    i.SysTick_Handler   stm32f4xx_it.o
    0x08004164   0x08004164   0x00000094   Code   RO          451    i.SystemClock_Config  main.o
    0x080041f8   0x080041f8   0x00000010   Code   RO         4146    i.SystemInit        system_stm32f4xx.o
    0x08004208   0x08004208   0x0000000c   Code   RO          539    i.TIM1_UP_TIM10_IRQHandler  stm32f4xx_it.o
    0x08004214   0x08004214   0x000000c8   Code   RO         2910    i.TIM_Base_SetConfig  stm32f4xx_hal_tim.o
    0x080042dc   0x080042dc   0x0000001a   Code   RO         2911    i.TIM_CCxChannelCmd  stm32f4xx_hal_tim.o
    0x080042f6   0x080042f6   0x0000001a   Code   RO         3560    i.TIM_CCxNChannelCmd  stm32f4xx_hal_tim_ex.o
    0x08004310   0x08004310   0x00000014   Code   RO         2921    i.TIM_ETR_SetConfig  stm32f4xx_hal_tim.o
    0x08004324   0x08004324   0x00000010   Code   RO         2922    i.TIM_ITRx_SetConfig  stm32f4xx_hal_tim.o
    0x08004334   0x08004334   0x00000060   Code   RO         2923    i.TIM_OC1_SetConfig  stm32f4xx_hal_tim.o
    0x08004394   0x08004394   0x0000006c   Code   RO         2924    i.TIM_OC2_SetConfig  stm32f4xx_hal_tim.o
    0x08004400   0x08004400   0x00000068   Code   RO         2925    i.TIM_OC3_SetConfig  stm32f4xx_hal_tim.o
    0x08004468   0x08004468   0x00000050   Code   RO         2926    i.TIM_OC4_SetConfig  stm32f4xx_hal_tim.o
    0x080044b8   0x080044b8   0x00000022   Code   RO         2928    i.TIM_TI1_ConfigInputStage  stm32f4xx_hal_tim.o
    0x080044da   0x080044da   0x00000024   Code   RO         2930    i.TIM_TI2_ConfigInputStage  stm32f4xx_hal_tim.o
    0x080044fe   0x080044fe   0x00000002   PAD
    0x08004500   0x08004500   0x00000050   Code   RO          399    i.UART_Init         uart.o
    0x08004550   0x08004550   0x0000010c   Code   RO         3843    i.UART_SetConfig    stm32f4xx_hal_uart.o
    0x0800465c   0x0800465c   0x00000078   Code   RO         3846    i.UART_WaitOnFlagUntilTimeout  stm32f4xx_hal_uart.o
    0x080046d4   0x080046d4   0x00000002   Code   RO          540    i.UsageFault_Handler  stm32f4xx_it.o
    0x080046d6   0x080046d6   0x00000030   Code   RO         4404    i.__ARM_fpclassify  m_wm.l(fpclassify.o)
    0x08004706   0x08004706   0x00000020   Code   RO         1756    i.__NVIC_SetPriority  stm32f4xx_hal_cortex.o
    0x08004726   0x08004726   0x00000002   PAD
    0x08004728   0x08004728   0x000000c8   Code   RO         4268    i.__hardfp_cos      m_wm.l(cos.o)
    0x080047f0   0x080047f0   0x000000c8   Code   RO         4280    i.__hardfp_sin      m_wm.l(sin.o)
    0x080048b8   0x080048b8   0x00000438   Code   RO         4369    i.__ieee754_rem_pio2  m_wm.l(rred.o)
    0x08004cf0   0x08004cf0   0x00000170   Code   RO         4345    i.__kernel_cos      m_wm.l(cos_i.o)
    0x08004e60   0x08004e60   0x000000f8   Code   RO         4406    i.__kernel_poly     m_wm.l(poly.o)
    0x08004f58   0x08004f58   0x00000130   Code   RO         4374    i.__kernel_sin      m_wm.l(sin_i.o)
    0x08005088   0x08005088   0x00000014   Code   RO         4349    i.__mathlib_dbl_infnan  m_wm.l(dunder.o)
    0x0800509c   0x0800509c   0x00000004   PAD
    0x080050a0   0x080050a0   0x00000020   Code   RO         4351    i.__mathlib_dbl_invalid  m_wm.l(dunder.o)
    0x080050c0   0x080050c0   0x00000020   Code   RO         4354    i.__mathlib_dbl_underflow  m_wm.l(dunder.o)
    0x080050e0   0x080050e0   0x00000018   Code   RO         4364    i.fabs              m_wm.l(fabs.o)
    0x080050f8   0x080050f8   0x0000026c   Code   RO          452    i.main              main.o
    0x08005364   0x08005364   0x00000018   Code   RO         4220    x$fpl$basic         fz_wm.l(basic.o)
    0x0800537c   0x0800537c   0x00000062   Code   RO         4222    x$fpl$d2f           fz_wm.l(d2f.o)
    0x080053de   0x080053de   0x00000002   PAD
    0x080053e0   0x080053e0   0x00000150   Code   RO         4224    x$fpl$dadd          fz_wm.l(daddsub_clz.o)
    0x08005530   0x08005530   0x00000018   Code   RO         4318    x$fpl$dcmpinf       fz_wm.l(dcmpi.o)
    0x08005548   0x08005548   0x000002b0   Code   RO         4231    x$fpl$ddiv          fz_wm.l(ddiv.o)
    0x080057f8   0x080057f8   0x0000005e   Code   RO         4234    x$fpl$dfix          fz_wm.l(dfix.o)
    0x08005856   0x08005856   0x00000002   PAD
    0x08005858   0x08005858   0x0000005a   Code   RO         4238    x$fpl$dfixu         fz_wm.l(dfixu.o)
    0x080058b2   0x080058b2   0x0000002e   Code   RO         4243    x$fpl$dflt          fz_wm.l(dflt_clz.o)
    0x080058e0   0x080058e0   0x00000026   Code   RO         4242    x$fpl$dfltu         fz_wm.l(dflt_clz.o)
    0x08005906   0x08005906   0x00000002   PAD
    0x08005908   0x08005908   0x00000078   Code   RO         4248    x$fpl$dleqf         fz_wm.l(dleqf.o)
    0x08005980   0x08005980   0x00000154   Code   RO         4250    x$fpl$dmul          fz_wm.l(dmul.o)
    0x08005ad4   0x08005ad4   0x0000009c   Code   RO         4320    x$fpl$dnaninf       fz_wm.l(dnaninf.o)
    0x08005b70   0x08005b70   0x0000000c   Code   RO         4322    x$fpl$dretinf       fz_wm.l(dretinf.o)
    0x08005b7c   0x08005b7c   0x0000006c   Code   RO         4252    x$fpl$drleqf        fz_wm.l(drleqf.o)
    0x08005be8   0x08005be8   0x00000016   Code   RO         4225    x$fpl$drsb          fz_wm.l(daddsub_clz.o)
    0x08005bfe   0x08005bfe   0x00000002   PAD
    0x08005c00   0x08005c00   0x000001d4   Code   RO         4226    x$fpl$dsub          fz_wm.l(daddsub_clz.o)
    0x08005dd4   0x08005dd4   0x00000056   Code   RO         4254    x$fpl$f2d           fz_wm.l(f2d.o)
    0x08005e2a   0x08005e2a   0x0000008c   Code   RO         4326    x$fpl$fnaninf       fz_wm.l(fnaninf.o)
    0x08005eb6   0x08005eb6   0x0000000a   Code   RO         4493    x$fpl$fpinit        fz_wm.l(fpinit.o)
    0x08005ec0   0x08005ec0   0x0000000a   Code   RO         4328    x$fpl$fretinf       fz_wm.l(fretinf.o)
    0x08005eca   0x08005eca   0x00000000   Code   RO         4330    x$fpl$usenofp       fz_wm.l(usenofp.o)
    0x08005eca   0x08005eca   0x00000008   Data   RO         1473    .constdata          stm32f4xx_hal_dma.o
    0x08005ed2   0x08005ed2   0x00000010   Data   RO         4147    .constdata          system_stm32f4xx.o
    0x08005ee2   0x08005ee2   0x00000008   Data   RO         4148    .constdata          system_stm32f4xx.o
    0x08005eea   0x08005eea   0x00000006   PAD
    0x08005ef0   0x08005ef0   0x00000030   Data   RO         4346    .constdata          m_wm.l(cos_i.o)
    0x08005f20   0x08005f20   0x000000c8   Data   RO         4371    .constdata          m_wm.l(rred.o)
    0x08005fe8   0x08005fe8   0x00000028   Data   RO         4375    .constdata          m_wm.l(sin_i.o)
    0x08006010   0x08006010   0x00000020   Data   RO         4549    Region$$Table       anon$$obj.o


    Execution Region RW_IRAM1 (Exec base: 0x20000000, Load base: 0x08006030, Size: 0x00004ce0, Max: 0x0001c000, ABSOLUTE)

    Exec Addr    Load Addr    Size         Type   Attr      Idx    E Section Name        Object

    0x20000000   0x08006030   0x0000000c   Data   RW         1900    .data               stm32f4xx_hal.o
    0x2000000c   0x0800603c   0x00000004   Data   RW         4149    .data               system_stm32f4xx.o
    0x20000010        -       0x0000001e   Zero   RW          400    .bss                uart.o
    0x2000002e   0x08006040   0x00000002   PAD
    0x20000030        -       0x000045ec   Zero   RW          453    .bss                main.o
    0x2000461c        -       0x00000060   Zero   RW          454    .bss                main.o
    0x2000467c        -       0x00000060   Zero   RW         4409    .bss                c_w.l(libspace.o)
    0x200046dc   0x08006040   0x00000004   PAD
    0x200046e0        -       0x00000200   Zero   RW            2    HEAP                startup_stm32f405xx.o
    0x200048e0        -       0x00000400   Zero   RW            1    STACK               startup_stm32f405xx.o


    Execution Region RW_IRAM2 (Exec base: 0x2001c000, Load base: 0x08006040, Size: 0x00000000, Max: 0x00004000, ABSOLUTE)

    **** No section assigned to this execution region ****


==============================================================================

Image component sizes


      Code (inc. data)   RO Data    RW Data    ZI Data      Debug   Object Name

       456         46          0          0          0       1983   analog.o
      2386        212          0          0          0       7265   controller.o
       416         68          0          0          0       2703   encoder.o
       508        100          0          0          0     682008   hsm.o
      1936        192          0          0      17996       9853   main.o
        64         26        392          0       1536        868   startup_stm32f405xx.o
       144         24          0         12          0       8941   stm32f4xx_hal.o
      1560         90          0          0          0       9412   stm32f4xx_hal_adc.o
       282          0          0          0          0       1387   stm32f4xx_hal_can.o
       198         14          0          0          0      34091   stm32f4xx_hal_cortex.o
      1048         16          8          0          0       6883   stm32f4xx_hal_dma.o
       506         46          0          0          0       2264   stm32f4xx_hal_gpio.o
       392         16          0          0          0       3167   stm32f4xx_hal_i2c.o
      1060        130          0          0          0       6626   stm32f4xx_hal_msp.o
      1348         76          0          0          0       5384   stm32f4xx_hal_rcc.o
      2446        166          0          0          0      20174   stm32f4xx_hal_tim.o
       450         56          0          0          0       4908   stm32f4xx_hal_tim_ex.o
       664         10          0          0          0       4324   stm32f4xx_hal_uart.o
        44         12          0          0          0       5391   stm32f4xx_it.o
        16          4         24          4          0       1199   system_stm32f4xx.o
       708         76          0          0         30       2762   uart.o
       588         36          0          0          0       4078   userfun.o

    ----------------------------------------------------------------------
     17258       1416        462         16      19564     825671   Object Totals
         0          0         32          0          0          0   (incl. Generated)
        38          0          6          0          2          0   (incl. Padding)

    ----------------------------------------------------------------------

      Code (inc. data)   RO Data    RW Data    ZI Data      Debug   Library Member Name

         8          0          0          0          0         68   __main.o
       104          0          0          0          0         84   __printf.o
         0          0          0          0          0          0   __rtentry.o
        12          0          0          0          0          0   __rtentry2.o
         6          0          0          0          0          0   __rtentry4.o
        52          8          0          0          0          0   __scatter.o
        26          0          0          0          0          0   __scatter_copy.o
        28          0          0          0          0          0   __scatter_zi.o
        48          6          0          0          0         96   _printf_char_common.o
         6          0          0          0          0          0   _printf_d.o
       120         16          0          0          0         92   _printf_dec.o
       178          0          0          0          0         88   _printf_intcommon.o
         0          0          0          0          0          0   _printf_percent.o
         4          0          0          0          0          0   _printf_percent_end.o
        22          0          0          0          0        100   _rserrno.o
        10          0          0          0          0         68   _sputc.o
        18          0          0          0          0         80   exit.o
         6          0          0          0          0        152   heapauxi.o
         0          0          0          0          0          0   indicate_semi.o
         2          0          0          0          0          0   libinit.o
         6          0          0          0          0          0   libinit2.o
         2          0          0          0          0          0   libshutdown.o
         2          0          0          0          0          0   libshutdown2.o
         8          4          0          0         96         68   libspace.o
       238          0          0          0          0        100   lludivv7m.o
        40          6          0          0          0         84   noretval__2sprintf.o
         8          4          0          0          0         68   rt_errno_addr_intlibspace.o
        78          0          0          0          0         80   rt_memclr_w.o
         2          0          0          0          0          0   rtexit.o
        10          0          0          0          0          0   rtexit2.o
        12          4          0          0          0         68   sys_exit.o
        74          0          0          0          0         80   sys_stackheap_outer.o
         2          0          0          0          0         68   use_no_semi.o
        24          0          0          0          0        164   basic.o
        98          4          0          0          0        140   d2f.o
       826         16          0          0          0        492   daddsub_clz.o
        24          0          0          0          0        116   dcmpi.o
       688        140          0          0          0        256   ddiv.o
        94          4          0          0          0        140   dfix.o
        90          4          0          0          0        140   dfixu.o
        84          0          0          0          0        232   dflt_clz.o
       120          4          0          0          0        140   dleqf.o
       340         12          0          0          0        152   dmul.o
       156          4          0          0          0        140   dnaninf.o
        12          0          0          0          0        116   dretinf.o
       108          0          0          0          0        128   drleqf.o
        86          4          0          0          0        132   f2d.o
       140          4          0          0          0        132   fnaninf.o
        10          0          0          0          0        116   fpinit.o
        10          0          0          0          0        116   fretinf.o
         0          0          0          0          0          0   usenofp.o
       200         20          0          0          0        164   cos.o
       368         46         48          0          0        200   cos_i.o
        84         16          0          0          0        372   dunder.o
        24          0          0          0          0        124   fabs.o
        48          0          0          0          0        124   fpclassify.o
       248          0          0          0          0        152   poly.o
      1080        142        200          0          0        188   rred.o
       200         20          0          0          0        164   sin.o
       304         24         40          0          0        208   sin_i.o

    ----------------------------------------------------------------------
      6616        512        288          0        100       5992   Library Totals
        18          0          0          0          4          0   (incl. Padding)

    ----------------------------------------------------------------------

      Code (inc. data)   RO Data    RW Data    ZI Data      Debug   Library Name

      1132         48          0          0         96       1444   c_w.l
      2910        196          0          0          0       2852   fz_wm.l
      2556        268        288          0          0       1696   m_wm.l

    ----------------------------------------------------------------------
      6616        512        288          0        100       5992   Library Totals

    ----------------------------------------------------------------------

==============================================================================


      Code (inc. data)   RO Data    RW Data    ZI Data      Debug   

     23874       1928        750         16      19664     816087   Grand Totals
     23874       1928        750         16      19664     816087   ELF Image Totals
     23874       1928        750         16          0          0   ROM Totals

==============================================================================

    Total RO  Size (Code + RO Data)                24624 (  24.05kB)
    Total RW  Size (RW Data + ZI Data)             19680 (  19.22kB)
    Total ROM Size (Code + RO Data + RW Data)      24640 (  24.06kB)

==============================================================================

